Linux 4.19.90-vhulk2204.1.0.h1160.eulerosv2r10.aarch64 (bms-9002) 	06/14/2026 	_aarch64_	(192 CPU)

09:37:10 PM  CPU    %usr   %nice    %sys %iowait    %irq   %soft  %steal  %guest  %gnice   %idle
09:37:12 PM  all    8.16    0.00    2.01    0.01    0.20    0.08    0.00    0.00    0.00   89.54
09:37:14 PM  all   31.79    0.00    3.80    0.00    0.31    0.08    0.00    0.00    0.00   64.02
09:37:16 PM  all    9.99    0.00    0.39    0.00    0.20    0.09    0.00    0.00    0.00   89.33
09:37:18 PM  all   10.60    0.00    0.52    0.00    0.16    0.08    0.00    0.00    0.00   88.64
09:37:20 PM  all    6.23    0.00    1.04    0.00    0.19    0.11    0.00    0.00    0.00   92.43
09:37:22 PM  all   18.67    0.00    0.46    0.00    0.20    0.10    0.00    0.00    0.00   80.57
09:37:24 PM  all    3.41    0.00    0.64    0.00    0.16    0.07    0.00    0.00    0.00   95.72
09:37:26 PM  all    2.92    0.00    2.66    0.01    0.18    0.09    0.00    0.00    0.00   94.14
09:37:28 PM  all    4.37    0.00    1.59    0.00    0.17    0.10    0.00    0.00    0.00   93.78
09:37:30 PM  all    3.31    0.00    2.22    0.00    0.17    0.10    0.00    0.00    0.00   94.19
09:37:32 PM  all    2.96    0.00    1.09    0.00    0.17    0.13    0.00    0.00    0.00   95.65
09:37:34 PM  all    1.53    0.00    2.09    0.00    0.20    0.15    0.00    0.00    0.00   96.03
09:37:36 PM  all    1.12    0.00    0.80    0.00    0.18    0.13    0.00    0.00    0.00   97.78
09:37:38 PM  all    1.40    0.00    2.14    0.00    0.18    0.13    0.00    0.00    0.00   96.15
09:37:40 PM  all    1.18    0.00    0.96    0.00    0.23    0.20    0.00    0.00    0.00   97.43
09:37:42 PM  all    1.22    0.00    1.60    0.00    0.44    0.52    0.00    0.00    0.00   96.21
09:37:44 PM  all    0.87    0.00    1.47    0.00    0.43    0.50    0.00    0.00    0.00   96.73
09:37:46 PM  all    0.81    0.00    1.43    0.00    0.44    0.47    0.00    0.00    0.00   96.85
09:37:48 PM  all    0.84    0.00    1.54    0.00    0.46    0.52    0.00    0.00    0.00   96.62
09:37:50 PM  all    0.84    0.00    1.40    0.00    0.43    0.49    0.00    0.00    0.00   96.84
09:37:52 PM  all    0.77    0.00    1.49    0.00    0.45    0.52    0.00    0.00    0.00   96.77
09:37:54 PM  all    1.49    0.00    1.61    0.00    0.47    0.48    0.00    0.00    0.00   95.94
09:37:56 PM  all    0.89    0.00    1.51    0.00    0.47    0.53    0.00    0.00    0.00   96.60
09:37:58 PM  all    0.96    0.00    1.51    0.00    0.48    0.52    0.00    0.00    0.00   96.53
09:38:00 PM  all    0.96    0.00    1.51    0.00    0.45    0.49    0.00    0.00    0.00   96.58
09:38:02 PM  all    1.10    0.00    1.53    0.00    0.48    0.51    0.00    0.00    0.00   96.38
09:38:04 PM  all    0.98    0.00    1.50    0.00    0.44    0.50    0.00    0.00    0.00   96.58
09:38:06 PM  all    1.60    0.00    1.42    0.00    0.43    0.47    0.00    0.00    0.00   96.07
09:38:08 PM  all    1.05    0.00    1.45    0.00    0.45    0.51    0.00    0.00    0.00   96.54
09:38:10 PM  all    0.95    0.00    1.37    0.00    0.43    0.47    0.00    0.00    0.00   96.77
09:38:12 PM  all    1.13    0.00    1.53    0.00    0.44    0.50    0.00    0.00    0.00   96.39
09:38:14 PM  all    1.17    0.00    1.48    0.00    0.44    0.50    0.00    0.00    0.00   96.41
09:38:16 PM  all    2.17    0.00    1.40    0.00    0.34    0.28    0.00    0.00    0.00   95.81
09:38:18 PM  all    2.24    0.00    2.92    0.00    0.18    0.10    0.00    0.00    0.00   94.55
09:38:20 PM  all    1.93    0.00    2.71    0.00    0.16    0.09    0.00    0.00    0.00   95.10
09:38:22 PM  all    2.93    0.00    1.77    0.00    0.17    0.08    0.00    0.00    0.00   95.05
09:38:24 PM  all    3.13    0.00    1.17    0.00    0.23    0.47    0.00    0.00    0.00   94.99
09:38:26 PM  all    0.40    0.00    0.49    0.00    0.16    0.15    0.00    0.00    0.00   98.81
09:38:28 PM  all    1.79    0.00    0.62    0.00    0.15    0.10    0.00    0.00    0.00   97.34
09:38:30 PM  all    0.59    0.00    0.44    0.00    0.15    0.08    0.00    0.00    0.00   98.73
09:38:32 PM  all    0.46    0.00    0.50    0.00    0.16    0.12    0.00    0.00    0.00   98.77
09:38:34 PM  all    0.27    0.00    0.47    0.00    0.14    0.09    0.00    0.00    0.00   99.03
09:38:36 PM  all    0.25    0.00    0.52    0.00    0.16    0.09    0.00    0.00    0.00   98.99
09:38:38 PM  all    0.22    0.00    0.63    0.00    0.15    0.11    0.00    0.00    0.00   98.88
09:38:40 PM  all    0.27    0.00    0.45    0.00    0.12    0.09    0.00    0.00    0.00   99.06
09:38:42 PM  all    0.22    0.00    0.39    0.00    0.15    0.10    0.00    0.00    0.00   99.14
09:38:44 PM  all    0.83    0.00    0.66    0.00    0.18    0.11    0.00    0.00    0.00   98.23
09:38:46 PM  all    0.24    0.00    0.47    0.00    0.15    0.07    0.00    0.00    0.00   99.06
09:38:48 PM  all    0.21    0.00    0.53    0.00    0.14    0.10    0.00    0.00    0.00   99.01
09:38:50 PM  all    0.28    0.00    0.47    0.00    0.16    0.09    0.00    0.00    0.00   98.99
09:38:52 PM  all    0.07    0.00    0.24    0.00    0.16    0.12    0.00    0.00    0.00   99.41
09:38:54 PM  all    0.17    0.00    0.54    0.00    0.15    0.09    0.00    0.00    0.00   99.05
09:38:56 PM  all    0.89    0.00    0.61    0.00    0.16    0.10    0.00    0.00    0.00   98.24
09:38:58 PM  all    0.19    0.00    0.42    0.00    0.16    0.10    0.00    0.00    0.00   99.13
09:39:00 PM  all    0.23    0.00    0.34    0.00    0.15    0.09    0.00    0.00    0.00   99.19
09:39:02 PM  all    0.27    0.00    0.48    0.00    0.17    0.10    0.00    0.00    0.00   98.98
09:39:04 PM  all    0.20    0.00    0.57    0.00    0.16    0.10    0.00    0.00    0.00   98.98
09:39:06 PM  all    0.22    0.00    0.50    0.00    0.16    0.08    0.00    0.00    0.00   99.04
09:39:08 PM  all    0.88    0.00    0.48    0.00    0.15    0.10    0.00    0.00    0.00   98.40
09:39:10 PM  all    0.08    0.00    0.37    0.00    0.16    0.11    0.00    0.00    0.00   99.28
09:39:12 PM  all    0.27    0.00    0.47    0.00    0.14    0.10    0.00    0.00    0.00   99.02
09:39:14 PM  all    0.21    0.00    0.40    0.00    0.15    0.10    0.00    0.00    0.00   99.14
09:39:16 PM  all    0.22    0.00    0.50    0.00    0.14    0.08    0.00    0.00    0.00   99.06
09:39:18 PM  all    0.20    0.00    0.39    0.00    0.17    0.10    0.00    0.00    0.00   99.15
09:39:20 PM  all    0.36    0.00    0.48    0.00    0.15    0.12    0.00    0.00    0.00   98.89
09:39:22 PM  all    0.51    0.00    0.50    0.01    0.16    0.07    0.00    0.00    0.00   98.74
09:39:24 PM  all    0.25    0.00    0.51    0.00    0.15    0.12    0.00    0.00    0.00   98.97
09:39:26 PM  all    0.23    0.00    0.54    0.00    0.15    0.08    0.00    0.00    0.00   99.00
09:39:28 PM  all    0.18    0.00    0.27    0.00    0.16    0.11    0.00    0.00    0.00   99.29
09:39:30 PM  all    0.20    0.00    0.45    0.00    0.13    0.09    0.00    0.00    0.00   99.13
09:39:32 PM  all    0.25    0.00    0.51    0.00    0.16    0.09    0.00    0.00    0.00   98.99
09:39:34 PM  all    0.81    0.00    0.54    0.00    0.12    0.09    0.00    0.00    0.00   98.44
09:39:36 PM  all    0.18    0.00    0.49    0.00    0.16    0.10    0.00    0.00    0.00   99.07
09:39:38 PM  all    0.09    0.00    0.27    0.00    0.17    0.11    0.00    0.00    0.00   99.36
09:39:40 PM  all    0.22    0.00    0.44    0.00    0.14    0.09    0.00    0.00    0.00   99.11
09:39:42 PM  all    0.16    0.00    0.55    0.00    0.14    0.09    0.00    0.00    0.00   99.06
09:39:44 PM  all    0.27    0.00    0.47    0.00    0.16    0.09    0.00    0.00    0.00   99.02
09:39:46 PM  all    0.66    0.00    0.37    0.00    0.16    0.11    0.00    0.00    0.00   98.69
09:39:48 PM  all    0.22    0.00    0.47    0.00    0.15    0.09    0.00    0.00    0.00   99.08
09:39:50 PM  all    0.24    0.00    0.46    0.00    0.16    0.11    0.00    0.00    0.00   99.03
09:39:52 PM  all    0.26    0.00    0.55    0.00    0.13    0.08    0.00    0.00    0.00   98.98
09:39:54 PM  all    0.20    0.00    0.45    0.00    0.15    0.09    0.00    0.00    0.00   99.12
09:39:56 PM  all    0.08    0.00    0.28    0.00    0.16    0.13    0.00    0.00    0.00   99.35
09:39:58 PM  all    0.95    0.00    0.64    0.00    0.14    0.08    0.00    0.00    0.00   98.19
09:40:00 PM  all    0.24    0.00    0.43    0.00    0.15    0.09    0.00    0.00    0.00   99.09
09:40:02 PM  all    0.25    0.00    0.57    0.00    0.17    0.08    0.00    0.00    0.00   98.93
09:40:04 PM  all    0.16    0.00    0.20    0.00    0.15    0.10    0.00    0.00    0.00   99.40
09:40:06 PM  all    0.15    0.00    0.49    0.00    0.13    0.11    0.00    0.00    0.00   99.11
09:40:08 PM  all    0.17    0.00    0.48    0.00    0.16    0.11    0.00    0.00    0.00   99.07
09:40:10 PM  all    0.64    0.00    0.51    0.00    0.16    0.08    0.00    0.00    0.00   98.61
09:40:12 PM  all    0.39    0.00    0.52    0.00    0.14    0.09    0.00    0.00    0.00   98.86
09:40:14 PM  all    0.15    0.00    0.29    0.00    0.15    0.10    0.00    0.00    0.00   99.31
09:40:16 PM  all    0.26    0.00    0.43    0.00    0.14    0.10    0.00    0.00    0.00   99.07
09:40:18 PM  all    0.18    0.00    0.53    0.00    0.14    0.08    0.00    0.00    0.00   99.07
09:40:20 PM  all    0.18    0.00    0.46    0.00    0.15    0.12    0.00    0.00    0.00   99.10
09:40:22 PM  all    0.31    0.00    0.44    0.00    0.16    0.10    0.00    0.00    0.00   98.98
09:40:24 PM  all    0.67    0.00    0.47    0.00    0.15    0.08    0.00    0.00    0.00   98.63
09:40:26 PM  all    0.49    0.00    0.49    0.00    0.16    0.09    0.00    0.00    0.00   98.78
09:40:28 PM  all    0.28    0.00    0.52    0.00    0.14    0.10    0.00    0.00    0.00   98.96
09:40:30 PM  all    0.17    0.00    0.46    0.00    0.14    0.09    0.00    0.00    0.00   99.14
09:40:32 PM  all    0.10    0.00    0.26    0.00    0.18    0.11    0.00    0.00    0.00   99.35
09:40:34 PM  all    0.21    0.00    0.56    0.00    0.15    0.09    0.00    0.00    0.00   98.98
09:40:36 PM  all    0.96    0.00    0.57    0.00    0.13    0.09    0.00    0.00    0.00   98.24
09:40:38 PM  all    0.38    0.00    0.47    0.00    0.16    0.10    0.00    0.00    0.00   98.90
09:40:40 PM  all    0.20    0.00    0.55    0.00    0.17    0.11    0.00    0.00    0.00   98.98
09:40:42 PM  all    0.09    0.00    0.30    0.00    0.13    0.08    0.00    0.00    0.00   99.40
09:40:44 PM  all    0.28    0.00    0.48    0.00    0.15    0.06    0.00    0.00    0.00   99.02
09:40:46 PM  all    0.24    0.00    0.46    0.00    0.15    0.14    0.00    0.00    0.00   99.01
09:40:48 PM  all    0.43    0.00    0.50    0.00    0.15    0.08    0.00    0.00    0.00   98.83
09:40:50 PM  all    0.68    0.00    0.33    0.00    0.15    0.11    0.00    0.00    0.00   98.73
09:40:52 PM  all    0.23    0.00    0.48    0.00    0.16    0.09    0.00    0.00    0.00   99.04
09:40:54 PM  all    0.19    0.00    0.47    0.00    0.15    0.08    0.00    0.00    0.00   99.11
09:40:56 PM  all    0.21    0.00    0.53    0.00    0.14    0.09    0.00    0.00    0.00   99.03
09:40:58 PM  all    0.17    0.00    0.49    0.00    0.17    0.10    0.00    0.00    0.00   99.07
09:41:00 PM  all    0.35    0.00    0.34    0.00    0.16    0.11    0.00    0.00    0.00   99.04
09:41:02 PM  all    0.82    0.00    0.61    0.00    0.13    0.08    0.00    0.00    0.00   98.35
09:41:04 PM  all    0.25    0.00    0.49    0.00    0.16    0.08    0.00    0.00    0.00   99.03
09:41:06 PM  all    0.19    0.00    0.48    0.00    0.14    0.09    0.00    0.00    0.00   99.09
09:41:08 PM  all    0.09    0.00    0.28    0.00    0.15    0.10    0.00    0.00    0.00   99.38
09:41:10 PM  all    0.18    0.00    0.45    0.00    0.16    0.12    0.00    0.00    0.00   99.10
09:41:12 PM  all    0.33    0.00    0.56    0.00    0.16    0.09    0.00    0.00    0.00   98.86
09:41:14 PM  all    0.49    0.00    0.53    0.00    0.15    0.10    0.00    0.00    0.00   98.73
09:41:16 PM  all    0.59    0.00    0.54    0.00    0.15    0.09    0.00    0.00    0.00   98.62
09:41:18 PM  all    0.07    0.00    0.35    0.00    0.15    0.10    0.00    0.00    0.00   99.32
09:41:20 PM  all    0.22    0.00    0.47    0.00    0.16    0.09    0.00    0.00    0.00   99.06
09:41:22 PM  all    0.21    0.00    0.57    0.00    0.14    0.09    0.00    0.00    0.00   98.99
09:41:24 PM  all    0.34    0.00    0.50    0.00    0.17    0.10    0.00    0.00    0.00   98.89
09:41:26 PM  all    0.31    0.00    0.53    0.00    0.15    0.10    0.00    0.00    0.00   98.91
09:41:28 PM  all    0.65    0.00    0.38    0.00    0.15    0.11    0.00    0.00    0.00   98.71
09:41:30 PM  all    0.22    0.00    0.42    0.00    0.14    0.08    0.00    0.00    0.00   99.15
09:41:32 PM  all    0.20    0.00    0.57    0.00    0.18    0.11    0.00    0.00    0.00   98.94
09:41:34 PM  all    0.17    0.00    0.41    0.00    0.14    0.10    0.00    0.00    0.00   99.18
09:41:36 PM  all    0.14    0.00    0.26    0.00    0.15    0.11    0.00    0.00    0.00   99.34
09:41:38 PM  all    0.27    0.00    0.52    0.00    0.14    0.08    0.00    0.00    0.00   98.99
09:41:40 PM  all    0.77    0.00    0.49    0.00    0.15    0.09    0.00    0.00    0.00   98.50
09:41:42 PM  all    0.29    0.00    0.52    0.00    0.13    0.11    0.00    0.00    0.00   98.94
09:41:44 PM  all    0.21    0.00    0.58    0.00    0.16    0.07    0.00    0.00    0.00   98.98
09:41:46 PM  all    0.12    0.00    0.20    0.00    0.13    0.11    0.00    0.00    0.00   99.44
09:41:48 PM  all    0.28    0.00    0.49    0.00    0.18    0.10    0.00    0.00    0.00   98.95
09:41:50 PM  all    0.31    0.00    0.56    0.00    0.14    0.11    0.00    0.00    0.00   98.88
09:41:52 PM  all    0.33    0.00    0.50    0.00    0.15    0.10    0.00    0.00    0.00   98.92
09:41:54 PM  all    0.71    0.00    0.40    0.00    0.16    0.09    0.00    0.00    0.00   98.65
09:41:56 PM  all    0.10    0.00    0.44    0.00    0.14    0.10    0.00    0.00    0.00   99.22
09:41:58 PM  all    0.26    0.00    0.45    0.00    0.13    0.10    0.00    0.00    0.00   99.05
09:42:00 PM  all    0.18    0.00    0.55    0.00    0.17    0.10    0.00    0.00    0.00   99.00
09:42:02 PM  all    0.21    0.00    0.46    0.00    0.12    0.09    0.00    0.00    0.00   99.12
09:42:04 PM  all    0.11    0.00    0.36    0.00    0.15    0.09    0.00    0.00    0.00   99.28
09:42:06 PM  all    0.87    0.00    0.56    0.00    0.17    0.11    0.00    0.00    0.00   98.28
09:42:08 PM  all    0.17    0.00    0.52    0.00    0.16    0.10    0.00    0.00    0.00   99.05
09:42:10 PM  all    0.30    0.00    0.53    0.00    0.15    0.09    0.00    0.00    0.00   98.93
Average:     all    1.16    0.00    0.74    0.00    0.19    0.15    0.00    0.00    0.00   97.76
