nohup: ignoring input
==================================================
Starting Benchmark Automation Script
Date: Fri Feb  6 00:05:40 CST 2026
==================================================
[Phase 1] Starting Training WITH Tracing...
-> Starting trace_memcpy_numa.py in background...
-> Trace started with PID: 2744389
-> Starting training task...
-> Training started with PID: 2744390
-> Waiting for 5h...
-> Time is up. Stopping trace...
-> Trace stopped.
-> Stopping training processes...
-> Training processes stopped.
-> Backing up logs to /root/yhj/log_with_trace...
-> Logs backed up successfully.
-> Clearing output directory (/root/mindformers/output)...
-> Output directory cleared.
[Phase 2] Starting Training WITHOUT Tracing...
-> Starting training task (Phase 2)...
-> Training (Phase 2) started with PID: 3088853
==================================================
Benchmark Script Completed.
Phase 2 training is running in background (PID: 3088853).
You can disconnect now.
==================================================
