nohup: ignoring input
Waiting 15s for HCCL...
[pass2] Starting eBPF tracer...
[pass2] Tracer PID = 1705472
[pass2] Library OK: Using AscendCL library: /usr/local/Ascend/nnae/7.0.0/aarch64-linux/lib64/libascendcl.so
[pass2] Starting GLM-6B training...
[pass2] Training PID = 1706557
[pass2] Waiting for training...
output_dir is /root/mindformers/output
start training for rank 0, device 0
log saved in /root/mindformers/output/log/rank_0
start training for rank 1, device 1
log saved in /root/mindformers/output/log/rank_1
start training for rank 2, device 2
log saved in /root/mindformers/output/log/rank_2
start training for rank 3, device 3
log saved in /root/mindformers/output/log/rank_3
start training for rank 4, device 4
log saved in /root/mindformers/output/log/rank_4
start training for rank 5, device 5
log saved in /root/mindformers/output/log/rank_5
start training for rank 6, device 6
log saved in /root/mindformers/output/log/rank_6
start training for rank 7, device 7
log saved in /root/mindformers/output/log/rank_7
  [pass2] 2026-06-09 15:04:25,873 - mindformers[mindformers/core/callback/callback.py:316] - INFO - { Epoch:[  1/  1], step:[   48/ 7162], loss: 5.367, per_step_time: 638ms, lr: 7.2499995e-07, overflow cond: False, loss_scale: 16384.0
  [pass2] 2026-06-09 15:04:54,000 - mindformers[mindformers/core/callback/callback.py:316] - INFO - { Epoch:[  1/  1], step:[   92/ 7162], loss: 4.249, per_step_time: 637ms, lr: 1.8249999e-06, overflow cond: False, loss_scale: 16384.0
  [pass2] 2026-06-09 15:05:24,657 - mindformers[mindformers/core/callback/callback.py:316] - INFO - { Epoch:[  1/  1], step:[  140/ 7162], loss: 4.287, per_step_time: 638ms, lr: 3.0249998e-06, overflow cond: False, loss_scale: 16384.0
  [pass2] 2026-06-09 15:05:55,318 - mindformers[mindformers/core/callback/callback.py:316] - INFO - { Epoch:[  1/  1], step:[  188/ 7162], loss: 3.839, per_step_time: 637ms, lr: 4.225e-06, overflow cond: False, loss_scale: 16384.0
  [pass2] 2026-06-09 15:06:25,964 - mindformers[mindformers/core/callback/callback.py:316] - INFO - { Epoch:[  1/  1], step:[  236/ 7162], loss: 3.960, per_step_time: 637ms, lr: 5.4249995e-06, overflow cond: False, loss_scale: 16384.0
  [pass2] 2026-06-09 15:06:56,599 - mindformers[mindformers/core/callback/callback.py:316] - INFO - { Epoch:[  1/  1], step:[  284/ 7162], loss: 3.485, per_step_time: 636ms, lr: 6.6249995e-06, overflow cond: False, loss_scale: 16384.0
  [pass2] 2026-06-09 15:07:24,686 - mindformers[mindformers/core/callback/callback.py:316] - INFO - { Epoch:[  1/  1], step:[  328/ 7162], loss: 3.620, per_step_time: 638ms, lr: 7.725e-06, overflow cond: False, loss_scale: 16384.0
  [pass2] 2026-06-09 15:07:55,320 - mindformers[mindformers/core/callback/callback.py:316] - INFO - { Epoch:[  1/  1], step:[  376/ 7162], loss: 3.716, per_step_time: 636ms, lr: 8.925e-06, overflow cond: False, loss_scale: 16384.0
  [pass2] 2026-06-09 15:08:25,953 - mindformers[mindformers/core/callback/callback.py:316] - INFO - { Epoch:[  1/  1], step:[  424/ 7162], loss: 3.471, per_step_time: 636ms, lr: 1.0125e-05, overflow cond: False, loss_scale: 16384.0
  [pass2] 2026-06-09 15:08:56,592 - mindformers[mindformers/core/callback/callback.py:316] - INFO - { Epoch:[  1/  1], step:[  472/ 7162], loss: 3.526, per_step_time: 636ms, lr: 1.1325e-05, overflow cond: False, loss_scale: 16384.0
  [pass2] 2026-06-09 15:09:14,493 - mindformers[mindformers/core/callback/callback.py:316] - INFO - { Epoch:[  1/  1], step:[  500/ 7162], loss: 3.907, per_step_time: 638ms, lr: 1.2025e-05, overflow cond: False, loss_scale: 16384.0
  [pass2] 2026-06-09 15:09:14,493 - mindformers[mindformers/core/callback/callback.py:316] - INFO - { Epoch:[  1/  1], step:[  500/ 7162], loss: 3.907, per_step_time: 638ms, lr: 1.2025e-05, overflow cond: False, loss_scale: 16384.0
  [pass2] 2026-06-09 15:09:14,493 - mindformers[mindformers/core/callback/callback.py:316] - INFO - { Epoch:[  1/  1], step:[  500/ 7162], loss: 3.907, per_step_time: 638ms, lr: 1.2025e-05, overflow cond: False, loss_scale: 16384.0
  [pass2] 2026-06-09 15:10:55,054 - mindformers[mindformers/core/callback/callback.py:316] - INFO - { Epoch:[  1/  1], step:[  516/ 7162], loss: 3.455, per_step_time: 636ms, lr: 1.2425e-05, overflow cond: False, loss_scale: 16384.0
  [pass2] 2026-06-09 15:11:25,778 - mindformers[mindformers/core/callback/callback.py:316] - INFO - { Epoch:[  1/  1], step:[  564/ 7162], loss: 3.412, per_step_time: 636ms, lr: 1.3625e-05, overflow cond: False, loss_scale: 16384.0
  [pass2] 2026-06-09 15:11:56,437 - mindformers[mindformers/core/callback/callback.py:316] - INFO - { Epoch:[  1/  1], step:[  612/ 7162], loss: 3.556, per_step_time: 637ms, lr: 1.4824999e-05, overflow cond: False, loss_scale: 16384.0
  [pass2] 2026-06-09 15:12:27,379 - mindformers[mindformers/core/callback/callback.py:316] - INFO - { Epoch:[  1/  1], step:[  660/ 7162], loss: 3.744, per_step_time: 637ms, lr: 1.6024998e-05, overflow cond: False, loss_scale: 16384.0
  [pass2] 2026-06-09 15:12:55,478 - mindformers[mindformers/core/callback/callback.py:316] - INFO - { Epoch:[  1/  1], step:[  704/ 7162], loss: 3.665, per_step_time: 638ms, lr: 1.7125e-05, overflow cond: False, loss_scale: 16384.0
  [pass2] 2026-06-09 15:13:26,191 - mindformers[mindformers/core/callback/callback.py:316] - INFO - { Epoch:[  1/  1], step:[  752/ 7162], loss: 3.628, per_step_time: 638ms, lr: 1.8325e-05, overflow cond: False, loss_scale: 16384.0
  [pass2] 2026-06-09 15:13:56,893 - mindformers[mindformers/core/callback/callback.py:316] - INFO - { Epoch:[  1/  1], step:[  800/ 7162], loss: 3.555, per_step_time: 638ms, lr: 1.9525e-05, overflow cond: False, loss_scale: 16384.0
  [pass2] 2026-06-09 15:14:27,606 - mindformers[mindformers/core/callback/callback.py:316] - INFO - { Epoch:[  1/  1], step:[  848/ 7162], loss: 3.651, per_step_time: 638ms, lr: 2.0725e-05, overflow cond: False, loss_scale: 16384.0
  [pass2] 2026-06-09 15:14:55,765 - mindformers[mindformers/core/callback/callback.py:316] - INFO - { Epoch:[  1/  1], step:[  892/ 7162], loss: 3.624, per_step_time: 638ms, lr: 2.1825e-05, overflow cond: False, loss_scale: 16384.0
  [pass2] 2026-06-09 15:15:26,487 - mindformers[mindformers/core/callback/callback.py:316] - INFO - { Epoch:[  1/  1], step:[  940/ 7162], loss: 3.570, per_step_time: 638ms, lr: 2.3024999e-05, overflow cond: False, loss_scale: 16384.0
  [pass2] 2026-06-09 15:15:57,226 - mindformers[mindformers/core/callback/callback.py:316] - INFO - { Epoch:[  1/  1], step:[  988/ 7162], loss: 3.531, per_step_time: 638ms, lr: 2.4224999e-05, overflow cond: False, loss_scale: 16384.0
  [pass2] 2026-06-09 15:16:04,918 - mindformers[mindformers/core/callback/callback.py:316] - INFO - { Epoch:[  1/  1], step:[ 1000/ 7162], loss: 3.551, per_step_time: 638ms, lr: 2.4525e-05, overflow cond: False, loss_scale: 16384.0
  [pass2] 2026-06-09 15:16:04,918 - mindformers[mindformers/core/callback/callback.py:316] - INFO - { Epoch:[  1/  1], step:[ 1000/ 7162], loss: 3.551, per_step_time: 638ms, lr: 2.4525e-05, overflow cond: False, loss_scale: 16384.0
  [pass2] 2026-06-09 15:16:04,918 - mindformers[mindformers/core/callback/callback.py:316] - INFO - { Epoch:[  1/  1], step:[ 1000/ 7162], loss: 3.551, per_step_time: 638ms, lr: 2.4525e-05, overflow cond: False, loss_scale: 16384.0
  [pass2] 2026-06-09 15:17:57,252 - mindformers[mindformers/core/callback/callback.py:316] - INFO - { Epoch:[  1/  1], step:[ 1040/ 7162], loss: 3.879, per_step_time: 636ms, lr: 2.5525e-05, overflow cond: False, loss_scale: 32768.0
  [pass2] 2026-06-09 15:18:27,801 - mindformers[mindformers/core/callback/callback.py:316] - INFO - { Epoch:[  1/  1], step:[ 1088/ 7162], loss: 3.447, per_step_time: 637ms, lr: 2.6699998e-05, overflow cond: False, loss_scale: 16384.0
  [pass2] 2026-06-09 15:18:58,443 - mindformers[mindformers/core/callback/callback.py:316] - INFO - { Epoch:[  1/  1], step:[ 1136/ 7162], loss: 3.600, per_step_time: 636ms, lr: 2.7900001e-05, overflow cond: False, loss_scale: 16384.0
  [pass2] 2026-06-09 15:19:26,526 - mindformers[mindformers/core/callback/callback.py:316] - INFO - { Epoch:[  1/  1], step:[ 1180/ 7162], loss: 3.672, per_step_time: 636ms, lr: 2.8999999e-05, overflow cond: False, loss_scale: 16384.0
  [pass2] 2026-06-09 15:19:57,163 - mindformers[mindformers/core/callback/callback.py:316] - INFO - { Epoch:[  1/  1], step:[ 1228/ 7162], loss: 3.683, per_step_time: 637ms, lr: 3.0199997e-05, overflow cond: False, loss_scale: 16384.0
  [pass2] 2026-06-09 15:20:27,789 - mindformers[mindformers/core/callback/callback.py:316] - INFO - { Epoch:[  1/  1], step:[ 1276/ 7162], loss: 3.483, per_step_time: 637ms, lr: 3.14e-05, overflow cond: False, loss_scale: 16384.0
  [pass2] 2026-06-09 15:20:58,425 - mindformers[mindformers/core/callback/callback.py:316] - INFO - { Epoch:[  1/  1], step:[ 1324/ 7162], loss: 3.639, per_step_time: 637ms, lr: 3.26e-05, overflow cond: False, loss_scale: 16384.0
  [pass2] 2026-06-09 15:21:29,072 - mindformers[mindformers/core/callback/callback.py:316] - INFO - { Epoch:[  1/  1], step:[ 1372/ 7162], loss: 3.529, per_step_time: 636ms, lr: 3.38e-05, overflow cond: False, loss_scale: 16384.0
  [pass2] 2026-06-09 15:21:57,158 - mindformers[mindformers/core/callback/callback.py:316] - INFO - { Epoch:[  1/  1], step:[ 1416/ 7162], loss: 3.329, per_step_time: 637ms, lr: 3.49e-05, overflow cond: False, loss_scale: 16384.0
  [pass2] 2026-06-09 15:22:27,814 - mindformers[mindformers/core/callback/callback.py:316] - INFO - { Epoch:[  1/  1], step:[ 1464/ 7162], loss: 3.529, per_step_time: 638ms, lr: 3.61e-05, overflow cond: False, loss_scale: 16384.0
  [pass2] 2026-06-09 15:22:50,797 - mindformers[mindformers/core/callback/callback.py:316] - INFO - { Epoch:[  1/  1], step:[ 1500/ 7162], loss: 3.493, per_step_time: 636ms, lr: 3.6999998e-05, overflow cond: False, loss_scale: 16384.0
  [pass2] 2026-06-09 15:22:50,797 - mindformers[mindformers/core/callback/callback.py:316] - INFO - { Epoch:[  1/  1], step:[ 1500/ 7162], loss: 3.493, per_step_time: 636ms, lr: 3.6999998e-05, overflow cond: False, loss_scale: 16384.0
  [pass2] 2026-06-09 15:22:50,797 - mindformers[mindformers/core/callback/callback.py:316] - INFO - { Epoch:[  1/  1], step:[ 1500/ 7162], loss: 3.493, per_step_time: 636ms, lr: 3.6999998e-05, overflow cond: False, loss_scale: 16384.0
  [pass2] 2026-06-09 15:24:30,039 - mindformers[mindformers/core/callback/callback.py:316] - INFO - { Epoch:[  1/  1], step:[ 1512/ 7162], loss: 3.703, per_step_time: 637ms, lr: 3.73e-05, overflow cond: False, loss_scale: 16384.0
  [pass2] 2026-06-09 15:24:58,100 - mindformers[mindformers/core/callback/callback.py:316] - INFO - { Epoch:[  1/  1], step:[ 1556/ 7162], loss: 3.590, per_step_time: 636ms, lr: 3.8399998e-05, overflow cond: False, loss_scale: 16384.0
  [pass2] 2026-06-09 15:25:28,716 - mindformers[mindformers/core/callback/callback.py:316] - INFO - { Epoch:[  1/  1], step:[ 1604/ 7162], loss: 4.017, per_step_time: 636ms, lr: 3.96e-05, overflow cond: False, loss_scale: 16384.0
  [pass2] 2026-06-09 15:25:59,465 - mindformers[mindformers/core/callback/callback.py:316] - INFO - { Epoch:[  1/  1], step:[ 1652/ 7162], loss: 3.783, per_step_time: 636ms, lr: 4.0799998e-05, overflow cond: False, loss_scale: 16384.0
  [pass2] 2026-06-09 15:26:30,077 - mindformers[mindformers/core/callback/callback.py:316] - INFO - { Epoch:[  1/  1], step:[ 1700/ 7162], loss: 3.494, per_step_time: 637ms, lr: 4.1999996e-05, overflow cond: False, loss_scale: 16384.0
  [pass2] 2026-06-09 15:26:58,167 - mindformers[mindformers/core/callback/callback.py:316] - INFO - { Epoch:[  1/  1], step:[ 1744/ 7162], loss: 3.506, per_step_time: 637ms, lr: 4.3099997e-05, overflow cond: False, loss_scale: 16384.0
  [pass2] 2026-06-09 15:27:28,815 - mindformers[mindformers/core/callback/callback.py:316] - INFO - { Epoch:[  1/  1], step:[ 1792/ 7162], loss: 3.833, per_step_time: 636ms, lr: 4.43e-05, overflow cond: False, loss_scale: 16384.0
  [pass2] 2026-06-09 15:27:59,441 - mindformers[mindformers/core/callback/callback.py:316] - INFO - { Epoch:[  1/  1], step:[ 1840/ 7162], loss: 3.791, per_step_time: 638ms, lr: 4.55e-05, overflow cond: False, loss_scale: 16384.0
  [pass2] 2026-06-09 15:28:30,072 - mindformers[mindformers/core/callback/callback.py:316] - INFO - { Epoch:[  1/  1], step:[ 1888/ 7162], loss: 3.661, per_step_time: 637ms, lr: 4.67e-05, overflow cond: False, loss_scale: 16384.0
  [pass2] 2026-06-09 15:29:00,698 - mindformers[mindformers/core/callback/callback.py:316] - INFO - { Epoch:[  1/  1], step:[ 1936/ 7162], loss: 3.603, per_step_time: 636ms, lr: 4.7899997e-05, overflow cond: False, loss_scale: 16384.0
  [pass2] 2026-06-09 15:29:28,757 - mindformers[mindformers/core/callback/callback.py:316] - INFO - { Epoch:[  1/  1], step:[ 1980/ 7162], loss: 3.523, per_step_time: 636ms, lr: 4.9e-05, overflow cond: False, loss_scale: 16384.0
  [pass2] 2026-06-09 15:29:41,516 - mindformers[mindformers/core/callback/callback.py:316] - INFO - { Epoch:[  1/  1], step:[ 2000/ 7162], loss: 3.761, per_step_time: 637ms, lr: 4.95e-05, overflow cond: False, loss_scale: 16384.0
  [pass2] 2026-06-09 15:29:41,516 - mindformers[mindformers/core/callback/callback.py:316] - INFO - { Epoch:[  1/  1], step:[ 2000/ 7162], loss: 3.761, per_step_time: 637ms, lr: 4.95e-05, overflow cond: False, loss_scale: 16384.0
  [pass2] 2026-06-09 15:29:41,516 - mindformers[mindformers/core/callback/callback.py:316] - INFO - { Epoch:[  1/  1], step:[ 2000/ 7162], loss: 3.761, per_step_time: 637ms, lr: 4.95e-05, overflow cond: False, loss_scale: 16384.0
  [pass2] 2026-06-09 15:31:30,438 - mindformers[mindformers/core/callback/callback.py:316] - INFO - { Epoch:[  1/  1], step:[ 2024/ 7162], loss: 3.794, per_step_time: 637ms, lr: 4.9962015e-05, overflow cond: False, loss_scale: 16384.0
  [pass2] 2026-06-09 15:32:01,184 - mindformers[mindformers/core/callback/callback.py:316] - INFO - { Epoch:[  1/  1], step:[ 2072/ 7162], loss: 3.993, per_step_time: 636ms, lr: 4.9515696e-05, overflow cond: False, loss_scale: 16384.0
  [pass2] 2026-06-09 15:32:29,340 - mindformers[mindformers/core/callback/callback.py:316] - INFO - { Epoch:[  1/  1], step:[ 2116/ 7162], loss: 3.786, per_step_time: 635ms, lr: 4.9097867e-05, overflow cond: False, loss_scale: 16384.0
  [pass2] 2026-06-09 15:32:59,958 - mindformers[mindformers/core/callback/callback.py:316] - INFO - { Epoch:[  1/  1], step:[ 2164/ 7162], loss: 3.352, per_step_time: 636ms, lr: 4.8642054e-05, overflow cond: False, loss_scale: 16384.0
  [pass2] 2026-06-09 15:33:30,588 - mindformers[mindformers/core/callback/callback.py:316] - INFO - { Epoch:[  1/  1], step:[ 2212/ 7162], loss: 3.747, per_step_time: 636ms, lr: 4.818624e-05, overflow cond: False, loss_scale: 16384.0
  [pass2] 2026-06-09 15:34:01,206 - mindformers[mindformers/core/callback/callback.py:316] - INFO - { Epoch:[  1/  1], step:[ 2260/ 7162], loss: 3.705, per_step_time: 637ms, lr: 4.7730427e-05, overflow cond: False, loss_scale: 16384.0
  [pass2] 2026-06-09 15:34:31,842 - mindformers[mindformers/core/callback/callback.py:316] - INFO - { Epoch:[  1/  1], step:[ 2308/ 7162], loss: 3.749, per_step_time: 636ms, lr: 4.727461e-05, overflow cond: False, loss_scale: 16384.0
  [pass2] 2026-06-09 15:34:59,917 - mindformers[mindformers/core/callback/callback.py:316] - INFO - { Epoch:[  1/  1], step:[ 2352/ 7162], loss: 3.641, per_step_time: 637ms, lr: 4.685678e-05, overflow cond: False, loss_scale: 16384.0
  [pass2] 2026-06-09 15:35:30,560 - mindformers[mindformers/core/callback/callback.py:316] - INFO - { Epoch:[  1/  1], step:[ 2400/ 7162], loss: 3.494, per_step_time: 637ms, lr: 4.6400968e-05, overflow cond: False, loss_scale: 16384.0
  [pass2] 2026-06-09 15:36:01,210 - mindformers[mindformers/core/callback/callback.py:316] - INFO - { Epoch:[  1/  1], step:[ 2448/ 7162], loss: 3.337, per_step_time: 638ms, lr: 4.5945155e-05, overflow cond: False, loss_scale: 16384.0
  [pass2] 2026-06-09 15:36:31,839 - mindformers[mindformers/core/callback/callback.py:316] - INFO - { Epoch:[  1/  1], step:[ 2496/ 7162], loss: 3.443, per_step_time: 636ms, lr: 4.548934e-05, overflow cond: False, loss_scale: 16384.0
  [pass2] 2026-06-09 15:36:34,393 - mindformers[mindformers/core/callback/callback.py:316] - INFO - { Epoch:[  1/  1], step:[ 2500/ 7162], loss: 3.557, per_step_time: 637ms, lr: 4.5451354e-05, overflow cond: False, loss_scale: 16384.0
  [pass2] 2026-06-09 15:36:34,393 - mindformers[mindformers/core/callback/callback.py:316] - INFO - { Epoch:[  1/  1], step:[ 2500/ 7162], loss: 3.557, per_step_time: 637ms, lr: 4.5451354e-05, overflow cond: False, loss_scale: 16384.0
  [pass2] 2026-06-09 15:36:34,393 - mindformers[mindformers/core/callback/callback.py:316] - INFO - { Epoch:[  1/  1], step:[ 2500/ 7162], loss: 3.557, per_step_time: 637ms, lr: 4.5451354e-05, overflow cond: False, loss_scale: 16384.0
  [pass2] 2026-06-09 15:38:31,320 - mindformers[mindformers/core/callback/callback.py:316] - INFO - { Epoch:[  1/  1], step:[ 2544/ 7162], loss: 3.458, per_step_time: 636ms, lr: 4.503353e-05, overflow cond: False, loss_scale: 16384.0
  [pass2] 2026-06-09 15:39:02,142 - mindformers[mindformers/core/callback/callback.py:316] - INFO - { Epoch:[  1/  1], step:[ 2592/ 7162], loss: 3.297, per_step_time: 636ms, lr: 4.4577715e-05, overflow cond: False, loss_scale: 16384.0
  [pass2] 2026-06-09 15:39:32,770 - mindformers[mindformers/core/callback/callback.py:316] - INFO - { Epoch:[  1/  1], step:[ 2640/ 7162], loss: 3.611, per_step_time: 637ms, lr: 4.4121898e-05, overflow cond: False, loss_scale: 16384.0
  [pass2] 2026-06-09 15:40:00,843 - mindformers[mindformers/core/callback/callback.py:316] - INFO - { Epoch:[  1/  1], step:[ 2684/ 7162], loss: 3.959, per_step_time: 638ms, lr: 4.370407e-05, overflow cond: False, loss_scale: 16384.0
  [pass2] 2026-06-09 15:40:31,542 - mindformers[mindformers/core/callback/callback.py:316] - INFO - { Epoch:[  1/  1], step:[ 2732/ 7162], loss: 3.654, per_step_time: 637ms, lr: 4.3248256e-05, overflow cond: False, loss_scale: 16384.0
  [pass2] 2026-06-09 15:41:02,233 - mindformers[mindformers/core/callback/callback.py:316] - INFO - { Epoch:[  1/  1], step:[ 2780/ 7162], loss: 3.508, per_step_time: 638ms, lr: 4.279244e-05, overflow cond: False, loss_scale: 16384.0
  [pass2] 2026-06-09 15:41:32,841 - mindformers[mindformers/core/callback/callback.py:316] - INFO - { Epoch:[  1/  1], step:[ 2828/ 7162], loss: 3.346, per_step_time: 636ms, lr: 4.233663e-05, overflow cond: False, loss_scale: 16384.0
  [pass2] 2026-06-09 15:42:03,469 - mindformers[mindformers/core/callback/callback.py:316] - INFO - { Epoch:[  1/  1], step:[ 2876/ 7162], loss: 3.439, per_step_time: 637ms, lr: 4.1880812e-05, overflow cond: False, loss_scale: 16384.0
  [pass2] 2026-06-09 15:42:31,576 - mindformers[mindformers/core/callback/callback.py:316] - INFO - { Epoch:[  1/  1], step:[ 2920/ 7162], loss: 3.869, per_step_time: 636ms, lr: 4.1462983e-05, overflow cond: False, loss_scale: 16384.0
  [pass2] 2026-06-09 15:43:02,192 - mindformers[mindformers/core/callback/callback.py:316] - INFO - { Epoch:[  1/  1], step:[ 2968/ 7162], loss: 3.344, per_step_time: 637ms, lr: 4.100717e-05, overflow cond: False, loss_scale: 16384.0
  [pass2] 2026-06-09 15:43:22,616 - mindformers[mindformers/core/callback/callback.py:316] - INFO - { Epoch:[  1/  1], step:[ 3000/ 7162], loss: 3.770, per_step_time: 639ms, lr: 4.0703293e-05, overflow cond: False, loss_scale: 16384.0
  [pass2] 2026-06-09 15:43:22,616 - mindformers[mindformers/core/callback/callback.py:316] - INFO - { Epoch:[  1/  1], step:[ 3000/ 7162], loss: 3.770, per_step_time: 639ms, lr: 4.0703293e-05, overflow cond: False, loss_scale: 16384.0
  [pass2] 2026-06-09 15:43:22,616 - mindformers[mindformers/core/callback/callback.py:316] - INFO - { Epoch:[  1/  1], step:[ 3000/ 7162], loss: 3.770, per_step_time: 639ms, lr: 4.0703293e-05, overflow cond: False, loss_scale: 16384.0
  [pass2] 2026-06-09 15:45:04,097 - mindformers[mindformers/core/callback/callback.py:316] - INFO - { Epoch:[  1/  1], step:[ 3016/ 7162], loss: 3.584, per_step_time: 636ms, lr: 4.0551353e-05, overflow cond: False, loss_scale: 16384.0
  [pass2] 2026-06-09 15:45:32,164 - mindformers[mindformers/core/callback/callback.py:316] - INFO - { Epoch:[  1/  1], step:[ 3060/ 7162], loss: 3.391, per_step_time: 636ms, lr: 4.0133527e-05, overflow cond: False, loss_scale: 16384.0
  [pass2] 2026-06-09 15:46:02,731 - mindformers[mindformers/core/callback/callback.py:316] - INFO - { Epoch:[  1/  1], step:[ 3108/ 7162], loss: 3.702, per_step_time: 637ms, lr: 3.968721e-05, overflow cond: False, loss_scale: 16384.0
  [pass2] 2026-06-09 15:46:33,406 - mindformers[mindformers/core/callback/callback.py:316] - INFO - { Epoch:[  1/  1], step:[ 3156/ 7162], loss: 3.365, per_step_time: 637ms, lr: 3.9231392e-05, overflow cond: False, loss_scale: 16384.0
  [pass2] 2026-06-09 15:47:04,044 - mindformers[mindformers/core/callback/callback.py:316] - INFO - { Epoch:[  1/  1], step:[ 3204/ 7162], loss: 3.575, per_step_time: 636ms, lr: 3.877558e-05, overflow cond: False, loss_scale: 16384.0
  [pass2] 2026-06-09 15:47:32,125 - mindformers[mindformers/core/callback/callback.py:316] - INFO - { Epoch:[  1/  1], step:[ 3248/ 7162], loss: 3.285, per_step_time: 636ms, lr: 3.8357754e-05, overflow cond: False, loss_scale: 16384.0
  [pass2] 2026-06-09 15:48:02,776 - mindformers[mindformers/core/callback/callback.py:316] - INFO - { Epoch:[  1/  1], step:[ 3296/ 7162], loss: 3.565, per_step_time: 637ms, lr: 3.7901937e-05, overflow cond: False, loss_scale: 16384.0
  [pass2] 2026-06-09 15:48:33,411 - mindformers[mindformers/core/callback/callback.py:316] - INFO - { Epoch:[  1/  1], step:[ 3344/ 7162], loss: 3.459, per_step_time: 637ms, lr: 3.7446123e-05, overflow cond: False, loss_scale: 16384.0
  [pass2] 2026-06-09 15:49:04,069 - mindformers[mindformers/core/callback/callback.py:316] - INFO - { Epoch:[  1/  1], step:[ 3392/ 7162], loss: 3.441, per_step_time: 637ms, lr: 3.699031e-05, overflow cond: False, loss_scale: 16384.0
  [pass2] 2026-06-09 15:49:34,748 - mindformers[mindformers/core/callback/callback.py:316] - INFO - { Epoch:[  1/  1], step:[ 3440/ 7162], loss: 3.400, per_step_time: 636ms, lr: 3.6534497e-05, overflow cond: False, loss_scale: 16384.0
  [pass2] 2026-06-09 15:50:02,843 - mindformers[mindformers/core/callback/callback.py:316] - INFO - { Epoch:[  1/  1], step:[ 3484/ 7162], loss: 3.681, per_step_time: 636ms, lr: 3.6116668e-05, overflow cond: False, loss_scale: 16384.0
  [pass2] 2026-06-09 15:50:13,061 - mindformers[mindformers/core/callback/callback.py:316] - INFO - { Epoch:[  1/  1], step:[ 3500/ 7162], loss: 3.253, per_step_time: 636ms, lr: 3.5964727e-05, overflow cond: False, loss_scale: 16384.0
  [pass2] 2026-06-09 15:50:13,061 - mindformers[mindformers/core/callback/callback.py:316] - INFO - { Epoch:[  1/  1], step:[ 3500/ 7162], loss: 3.253, per_step_time: 636ms, lr: 3.5964727e-05, overflow cond: False, loss_scale: 16384.0
  [pass2] 2026-06-09 15:50:13,061 - mindformers[mindformers/core/callback/callback.py:316] - INFO - { Epoch:[  1/  1], step:[ 3500/ 7162], loss: 3.253, per_step_time: 636ms, lr: 3.5964727e-05, overflow cond: False, loss_scale: 16384.0
  [pass2] 2026-06-09 15:52:05,341 - mindformers[mindformers/core/callback/callback.py:316] - INFO - { Epoch:[  1/  1], step:[ 3536/ 7162], loss: 3.308, per_step_time: 636ms, lr: 3.5622867e-05, overflow cond: False, loss_scale: 16384.0
  [pass2] 2026-06-09 15:52:33,400 - mindformers[mindformers/core/callback/callback.py:316] - INFO - { Epoch:[  1/  1], step:[ 3580/ 7162], loss: 3.270, per_step_time: 636ms, lr: 3.5205037e-05, overflow cond: False, loss_scale: 16384.0
  [pass2] 2026-06-09 15:53:04,052 - mindformers[mindformers/core/callback/callback.py:316] - INFO - { Epoch:[  1/  1], step:[ 3628/ 7162], loss: 3.440, per_step_time: 636ms, lr: 3.4749224e-05, overflow cond: False, loss_scale: 16384.0
  [pass2] 2026-06-09 15:53:34,696 - mindformers[mindformers/core/callback/callback.py:316] - INFO - { Epoch:[  1/  1], step:[ 3676/ 7162], loss: 3.193, per_step_time: 637ms, lr: 3.429341e-05, overflow cond: False, loss_scale: 16384.0
  [pass2] 2026-06-09 15:54:05,357 - mindformers[mindformers/core/callback/callback.py:316] - INFO - { Epoch:[  1/  1], step:[ 3724/ 7162], loss: 3.356, per_step_time: 637ms, lr: 3.3837598e-05, overflow cond: False, loss_scale: 16384.0
  [pass2] 2026-06-09 15:54:35,997 - mindformers[mindformers/core/callback/callback.py:316] - INFO - { Epoch:[  1/  1], step:[ 3772/ 7162], loss: 3.370, per_step_time: 638ms, lr: 3.338178e-05, overflow cond: False, loss_scale: 16384.0
  [pass2] 2026-06-09 15:55:04,077 - mindformers[mindformers/core/callback/callback.py:316] - INFO - { Epoch:[  1/  1], step:[ 3816/ 7162], loss: 3.239, per_step_time: 637ms, lr: 3.296395e-05, overflow cond: False, loss_scale: 16384.0
  [pass2] 2026-06-09 15:55:34,703 - mindformers[mindformers/core/callback/callback.py:316] - INFO - { Epoch:[  1/  1], step:[ 3864/ 7162], loss: 3.304, per_step_time: 636ms, lr: 3.250814e-05, overflow cond: False, loss_scale: 16384.0
  [pass2] 2026-06-09 15:56:05,340 - mindformers[mindformers/core/callback/callback.py:316] - INFO - { Epoch:[  1/  1], step:[ 3912/ 7162], loss: 3.094, per_step_time: 637ms, lr: 3.2052325e-05, overflow cond: False, loss_scale: 16384.0
  [pass2] 2026-06-09 15:56:35,986 - mindformers[mindformers/core/callback/callback.py:316] - INFO - { Epoch:[  1/  1], step:[ 3960/ 7162], loss: 3.478, per_step_time: 638ms, lr: 3.159651e-05, overflow cond: False, loss_scale: 16384.0
  [pass2] 2026-06-09 15:57:01,531 - mindformers[mindformers/core/callback/callback.py:316] - INFO - { Epoch:[  1/  1], step:[ 4000/ 7162], loss: 3.598, per_step_time: 638ms, lr: 3.1216667e-05, overflow cond: False, loss_scale: 16384.0
  [pass2] 2026-06-09 15:57:01,531 - mindformers[mindformers/core/callback/callback.py:316] - INFO - { Epoch:[  1/  1], step:[ 4000/ 7162], loss: 3.598, per_step_time: 638ms, lr: 3.1216667e-05, overflow cond: False, loss_scale: 16384.0
  [pass2] 2026-06-09 15:57:01,531 - mindformers[mindformers/core/callback/callback.py:316] - INFO - { Epoch:[  1/  1], step:[ 4000/ 7162], loss: 3.598, per_step_time: 638ms, lr: 3.1216667e-05, overflow cond: False, loss_scale: 16384.0
  [pass2] 2026-06-09 15:58:36,248 - mindformers[mindformers/core/callback/callback.py:316] - INFO - { Epoch:[  1/  1], step:[ 4004/ 7162], loss: 3.520, per_step_time: 1629ms, lr: 3.117868e-05, overflow cond: False, loss_scale: 16384.0
  [pass2] 2026-06-09 15:59:04,324 - mindformers[mindformers/core/callback/callback.py:316] - INFO - { Epoch:[  1/  1], step:[ 4048/ 7162], loss: 3.475, per_step_time: 636ms, lr: 3.076085e-05, overflow cond: False, loss_scale: 16384.0
  [pass2] 2026-06-09 15:59:35,127 - mindformers[mindformers/core/callback/callback.py:316] - INFO - { Epoch:[  1/  1], step:[ 4096/ 7162], loss: 3.474, per_step_time: 638ms, lr: 3.0305038e-05, overflow cond: False, loss_scale: 32768.0
  [pass2] 2026-06-09 16:00:05,770 - mindformers[mindformers/core/callback/callback.py:316] - INFO - { Epoch:[  1/  1], step:[ 4144/ 7162], loss: 3.519, per_step_time: 637ms, lr: 2.9849225e-05, overflow cond: False, loss_scale: 32768.0
  [pass2] 2026-06-09 16:00:36,397 - mindformers[mindformers/core/callback/callback.py:316] - INFO - { Epoch:[  1/  1], step:[ 4192/ 7162], loss: 3.251, per_step_time: 636ms, lr: 2.9393414e-05, overflow cond: False, loss_scale: 32768.0
  [pass2] 2026-06-09 16:01:07,044 - mindformers[mindformers/core/callback/callback.py:316] - INFO - { Epoch:[  1/  1], step:[ 4240/ 7162], loss: 3.432, per_step_time: 637ms, lr: 2.8937595e-05, overflow cond: False, loss_scale: 32768.0
  [pass2] 2026-06-09 16:01:35,146 - mindformers[mindformers/core/callback/callback.py:316] - INFO - { Epoch:[  1/  1], step:[ 4284/ 7162], loss: 3.500, per_step_time: 637ms, lr: 2.8519768e-05, overflow cond: False, loss_scale: 32768.0
  [pass2] 2026-06-09 16:02:05,773 - mindformers[mindformers/core/callback/callback.py:316] - INFO - { Epoch:[  1/  1], step:[ 4332/ 7162], loss: 3.422, per_step_time: 636ms, lr: 2.8063956e-05, overflow cond: False, loss_scale: 32768.0
  [pass2] 2026-06-09 16:02:36,431 - mindformers[mindformers/core/callback/callback.py:316] - INFO - { Epoch:[  1/  1], step:[ 4380/ 7162], loss: 3.427, per_step_time: 637ms, lr: 2.7608137e-05, overflow cond: False, loss_scale: 32768.0
  [pass2] 2026-06-09 16:03:07,080 - mindformers[mindformers/core/callback/callback.py:316] - INFO - { Epoch:[  1/  1], step:[ 4428/ 7162], loss: 3.224, per_step_time: 636ms, lr: 2.715233e-05, overflow cond: False, loss_scale: 32768.0
  [pass2] 2026-06-09 16:03:37,716 - mindformers[mindformers/core/callback/callback.py:316] - INFO - { Epoch:[  1/  1], step:[ 4476/ 7162], loss: 3.448, per_step_time: 636ms, lr: 2.669651e-05, overflow cond: False, loss_scale: 32768.0
  [pass2] 2026-06-09 16:03:53,030 - mindformers[mindformers/core/callback/callback.py:316] - INFO - { Epoch:[  1/  1], step:[ 4500/ 7162], loss: 3.140, per_step_time: 636ms, lr: 2.64686e-05, overflow cond: False, loss_scale: 32768.0
  [pass2] 2026-06-09 16:03:53,030 - mindformers[mindformers/core/callback/callback.py:316] - INFO - { Epoch:[  1/  1], step:[ 4500/ 7162], loss: 3.140, per_step_time: 636ms, lr: 2.64686e-05, overflow cond: False, loss_scale: 32768.0
  [pass2] 2026-06-09 16:03:53,030 - mindformers[mindformers/core/callback/callback.py:316] - INFO - { Epoch:[  1/  1], step:[ 4500/ 7162], loss: 3.140, per_step_time: 636ms, lr: 2.64686e-05, overflow cond: False, loss_scale: 32768.0
  [pass2] 2026-06-09 16:05:36,543 - mindformers[mindformers/core/callback/callback.py:316] - INFO - { Epoch:[  1/  1], step:[ 4520/ 7162], loss: 3.081, per_step_time: 638ms, lr: 2.627868e-05, overflow cond: False, loss_scale: 32768.0
  [pass2] 2026-06-09 16:06:07,341 - mindformers[mindformers/core/callback/callback.py:316] - INFO - { Epoch:[  1/  1], step:[ 4568/ 7162], loss: 3.308, per_step_time: 636ms, lr: 2.5822868e-05, overflow cond: False, loss_scale: 32768.0
  [pass2] 2026-06-09 16:06:37,984 - mindformers[mindformers/core/callback/callback.py:316] - INFO - { Epoch:[  1/  1], step:[ 4616/ 7162], loss: 3.543, per_step_time: 637ms, lr: 2.5367053e-05, overflow cond: False, loss_scale: 32768.0
  [pass2] 2026-06-09 16:07:08,628 - mindformers[mindformers/core/callback/callback.py:316] - INFO - { Epoch:[  1/  1], step:[ 4664/ 7162], loss: 3.309, per_step_time: 637ms, lr: 2.491124e-05, overflow cond: False, loss_scale: 32768.0
  [pass2] 2026-06-09 16:07:39,257 - mindformers[mindformers/core/callback/callback.py:316] - INFO - { Epoch:[  1/  1], step:[ 4712/ 7162], loss: 3.351, per_step_time: 636ms, lr: 2.4455425e-05, overflow cond: False, loss_scale: 32768.0
  [pass2] 2026-06-09 16:08:07,342 - mindformers[mindformers/core/callback/callback.py:316] - INFO - { Epoch:[  1/  1], step:[ 4756/ 7162], loss: 3.046, per_step_time: 637ms, lr: 2.4037598e-05, overflow cond: False, loss_scale: 32768.0
  [pass2] 2026-06-09 16:08:37,992 - mindformers[mindformers/core/callback/callback.py:316] - INFO - { Epoch:[  1/  1], step:[ 4804/ 7162], loss: 3.289, per_step_time: 636ms, lr: 2.3581784e-05, overflow cond: False, loss_scale: 32768.0
  [pass2] 2026-06-09 16:09:08,619 - mindformers[mindformers/core/callback/callback.py:316] - INFO - { Epoch:[  1/  1], step:[ 4852/ 7162], loss: 3.445, per_step_time: 636ms, lr: 2.3125967e-05, overflow cond: False, loss_scale: 32768.0
  [pass2] 2026-06-09 16:09:39,266 - mindformers[mindformers/core/callback/callback.py:316] - INFO - { Epoch:[  1/  1], step:[ 4900/ 7162], loss: 3.199, per_step_time: 636ms, lr: 2.2670154e-05, overflow cond: False, loss_scale: 32768.0
  [pass2] 2026-06-09 16:10:07,364 - mindformers[mindformers/core/callback/callback.py:316] - INFO - { Epoch:[  1/  1], step:[ 4944/ 7162], loss: 3.457, per_step_time: 636ms, lr: 2.2252327e-05, overflow cond: False, loss_scale: 32768.0
  [pass2] 2026-06-09 16:10:37,980 - mindformers[mindformers/core/callback/callback.py:316] - INFO - { Epoch:[  1/  1], step:[ 4992/ 7162], loss: 3.041, per_step_time: 637ms, lr: 2.1796512e-05, overflow cond: False, loss_scale: 32768.0
  [pass2] 2026-06-09 16:10:43,085 - mindformers[mindformers/core/callback/callback.py:316] - INFO - { Epoch:[  1/  1], step:[ 5000/ 7162], loss: 3.214, per_step_time: 637ms, lr: 2.1720542e-05, overflow cond: False, loss_scale: 32768.0
  [pass2] 2026-06-09 16:10:43,085 - mindformers[mindformers/core/callback/callback.py:316] - INFO - { Epoch:[  1/  1], step:[ 5000/ 7162], loss: 3.214, per_step_time: 637ms, lr: 2.1720542e-05, overflow cond: False, loss_scale: 32768.0
  [pass2] 2026-06-09 16:10:43,085 - mindformers[mindformers/core/callback/callback.py:316] - INFO - { Epoch:[  1/  1], step:[ 5000/ 7162], loss: 3.214, per_step_time: 637ms, lr: 2.1720542e-05, overflow cond: False, loss_scale: 32768.0
  [pass2] 2026-06-09 16:12:38,933 - mindformers[mindformers/core/callback/callback.py:316] - INFO - { Epoch:[  1/  1], step:[ 5040/ 7162], loss: 3.372, per_step_time: 636ms, lr: 2.1340697e-05, overflow cond: False, loss_scale: 32768.0
  [pass2] 2026-06-09 16:13:09,617 - mindformers[mindformers/core/callback/callback.py:316] - INFO - { Epoch:[  1/  1], step:[ 5084/ 7162], loss: 3.458, per_step_time: 637ms, lr: 2.0922867e-05, overflow cond: False, loss_scale: 32768.0
  [pass2] 2026-06-09 16:13:40,182 - mindformers[mindformers/core/callback/callback.py:316] - INFO - { Epoch:[  1/  1], step:[ 5132/ 7162], loss: 2.824, per_step_time: 636ms, lr: 2.047655e-05, overflow cond: False, loss_scale: 32768.0
  [pass2] 2026-06-09 16:14:08,241 - mindformers[mindformers/core/callback/callback.py:316] - INFO - { Epoch:[  1/  1], step:[ 5176/ 7162], loss: 3.224, per_step_time: 637ms, lr: 2.0058722e-05, overflow cond: False, loss_scale: 32768.0
  [pass2] 2026-06-09 16:14:38,878 - mindformers[mindformers/core/callback/callback.py:316] - INFO - { Epoch:[  1/  1], step:[ 5224/ 7162], loss: 2.964, per_step_time: 636ms, lr: 1.9602909e-05, overflow cond: False, loss_scale: 32768.0
  [pass2] 2026-06-09 16:15:09,506 - mindformers[mindformers/core/callback/callback.py:316] - INFO - { Epoch:[  1/  1], step:[ 5272/ 7162], loss: 3.206, per_step_time: 636ms, lr: 1.9147092e-05, overflow cond: False, loss_scale: 32768.0
  [pass2] 2026-06-09 16:15:40,122 - mindformers[mindformers/core/callback/callback.py:316] - INFO - { Epoch:[  1/  1], step:[ 5320/ 7162], loss: 3.284, per_step_time: 636ms, lr: 1.8691278e-05, overflow cond: False, loss_scale: 32768.0
  [pass2] 2026-06-09 16:16:10,764 - mindformers[mindformers/core/callback/callback.py:316] - INFO - { Epoch:[  1/  1], step:[ 5368/ 7162], loss: 3.150, per_step_time: 636ms, lr: 1.8235465e-05, overflow cond: False, loss_scale: 32768.0
  [pass2] 2026-06-09 16:16:38,849 - mindformers[mindformers/core/callback/callback.py:316] - INFO - { Epoch:[  1/  1], step:[ 5412/ 7162], loss: 3.079, per_step_time: 637ms, lr: 1.7817636e-05, overflow cond: False, loss_scale: 32768.0
  [pass2] 2026-06-09 16:17:09,506 - mindformers[mindformers/core/callback/callback.py:316] - INFO - { Epoch:[  1/  1], step:[ 5460/ 7162], loss: 3.424, per_step_time: 636ms, lr: 1.7361823e-05, overflow cond: False, loss_scale: 32768.0
  [pass2] 2026-06-09 16:17:35,056 - mindformers[mindformers/core/callback/callback.py:316] - INFO - { Epoch:[  1/  1], step:[ 5500/ 7162], loss: 3.168, per_step_time: 637ms, lr: 1.6981978e-05, overflow cond: False, loss_scale: 32768.0
  [pass2] 2026-06-09 16:17:35,056 - mindformers[mindformers/core/callback/callback.py:316] - INFO - { Epoch:[  1/  1], step:[ 5500/ 7162], loss: 3.168, per_step_time: 637ms, lr: 1.6981978e-05, overflow cond: False, loss_scale: 32768.0
  [pass2] 2026-06-09 16:17:35,056 - mindformers[mindformers/core/callback/callback.py:316] - INFO - { Epoch:[  1/  1], step:[ 5500/ 7162], loss: 3.168, per_step_time: 637ms, lr: 1.6981978e-05, overflow cond: False, loss_scale: 32768.0
  [pass2] 2026-06-09 16:19:11,439 - mindformers[mindformers/core/callback/callback.py:316] - INFO - { Epoch:[  1/  1], step:[ 5508/ 7162], loss: 3.080, per_step_time: 637ms, lr: 1.6906006e-05, overflow cond: False, loss_scale: 32768.0
  [pass2] 2026-06-09 16:19:39,509 - mindformers[mindformers/core/callback/callback.py:316] - INFO - { Epoch:[  1/  1], step:[ 5552/ 7162], loss: 3.184, per_step_time: 636ms, lr: 1.648818e-05, overflow cond: False, loss_scale: 32768.0
  [pass2] 2026-06-09 16:20:10,156 - mindformers[mindformers/core/callback/callback.py:316] - INFO - { Epoch:[  1/  1], step:[ 5600/ 7162], loss: 3.292, per_step_time: 636ms, lr: 1.6032365e-05, overflow cond: False, loss_scale: 32768.0
  [pass2] 2026-06-09 16:20:40,826 - mindformers[mindformers/core/callback/callback.py:316] - INFO - { Epoch:[  1/  1], step:[ 5648/ 7162], loss: 3.533, per_step_time: 636ms, lr: 1.557655e-05, overflow cond: False, loss_scale: 32768.0
  [pass2] 2026-06-09 16:21:11,603 - mindformers[mindformers/core/callback/callback.py:316] - INFO - { Epoch:[  1/  1], step:[ 5696/ 7162], loss: 2.879, per_step_time: 637ms, lr: 1.5120735e-05, overflow cond: False, loss_scale: 32768.0
  [pass2] 2026-06-09 16:21:39,704 - mindformers[mindformers/core/callback/callback.py:316] - INFO - { Epoch:[  1/  1], step:[ 5740/ 7162], loss: 3.099, per_step_time: 638ms, lr: 1.4702909e-05, overflow cond: False, loss_scale: 32768.0
  [pass2] 2026-06-09 16:22:10,342 - mindformers[mindformers/core/callback/callback.py:316] - INFO - { Epoch:[  1/  1], step:[ 5788/ 7162], loss: 3.131, per_step_time: 636ms, lr: 1.42470935e-05, overflow cond: False, loss_scale: 32768.0
  [pass2] 2026-06-09 16:22:40,971 - mindformers[mindformers/core/callback/callback.py:316] - INFO - { Epoch:[  1/  1], step:[ 5836/ 7162], loss: 3.205, per_step_time: 637ms, lr: 1.379128e-05, overflow cond: False, loss_scale: 32768.0
  [pass2] 2026-06-09 16:23:11,614 - mindformers[mindformers/core/callback/callback.py:316] - INFO - { Epoch:[  1/  1], step:[ 5884/ 7162], loss: 2.996, per_step_time: 636ms, lr: 1.3335466e-05, overflow cond: False, loss_scale: 32768.0
  [pass2] 2026-06-09 16:23:42,243 - mindformers[mindformers/core/callback/callback.py:316] - INFO - { Epoch:[  1/  1], step:[ 5932/ 7162], loss: 3.211, per_step_time: 637ms, lr: 1.287965e-05, overflow cond: False, loss_scale: 32768.0
  [pass2] 2026-06-09 16:24:10,317 - mindformers[mindformers/core/callback/callback.py:316] - INFO - { Epoch:[  1/  1], step:[ 5976/ 7162], loss: 3.154, per_step_time: 636ms, lr: 1.2461823e-05, overflow cond: False, loss_scale: 32768.0
  [pass2] 2026-06-09 16:24:25,627 - mindformers[mindformers/core/callback/callback.py:316] - INFO - { Epoch:[  1/  1], step:[ 6000/ 7162], loss: 3.231, per_step_time: 637ms, lr: 1.2233913e-05, overflow cond: False, loss_scale: 32768.0
  [pass2] 2026-06-09 16:24:25,627 - mindformers[mindformers/core/callback/callback.py:316] - INFO - { Epoch:[  1/  1], step:[ 6000/ 7162], loss: 3.231, per_step_time: 637ms, lr: 1.2233913e-05, overflow cond: False, loss_scale: 32768.0
  [pass2] 2026-06-09 16:24:25,627 - mindformers[mindformers/core/callback/callback.py:316] - INFO - { Epoch:[  1/  1], step:[ 6000/ 7162], loss: 3.231, per_step_time: 637ms, lr: 1.2233913e-05, overflow cond: False, loss_scale: 32768.0
  [pass2] 2026-06-09 16:26:12,385 - mindformers[mindformers/core/callback/callback.py:316] - INFO - { Epoch:[  1/  1], step:[ 6032/ 7162], loss: 3.239, per_step_time: 636ms, lr: 1.193004e-05, overflow cond: False, loss_scale: 32768.0
  [pass2] 2026-06-09 16:26:40,627 - mindformers[mindformers/core/callback/callback.py:316] - INFO - { Epoch:[  1/  1], step:[ 6076/ 7162], loss: 3.043, per_step_time: 637ms, lr: 1.151221e-05, overflow cond: False, loss_scale: 32768.0
  [pass2] 2026-06-09 16:27:11,253 - mindformers[mindformers/core/callback/callback.py:316] - INFO - { Epoch:[  1/  1], step:[ 6124/ 7162], loss: 3.061, per_step_time: 636ms, lr: 1.1056395e-05, overflow cond: False, loss_scale: 65536.0
  [pass2] 2026-06-09 16:27:41,896 - mindformers[mindformers/core/callback/callback.py:316] - INFO - { Epoch:[  1/  1], step:[ 6172/ 7162], loss: 2.985, per_step_time: 636ms, lr: 1.0600583e-05, overflow cond: False, loss_scale: 65536.0
  [pass2] 2026-06-09 16:28:12,449 - mindformers[mindformers/core/callback/callback.py:316] - INFO - { Epoch:[  1/  1], step:[ 6220/ 7162], loss: 3.252, per_step_time: 636ms, lr: 1.0154264e-05, overflow cond: False, loss_scale: 32768.0
  [pass2] 2026-06-09 16:28:43,096 - mindformers[mindformers/core/callback/callback.py:316] - INFO - { Epoch:[  1/  1], step:[ 6268/ 7162], loss: 3.293, per_step_time: 636ms, lr: 9.6984495e-06, overflow cond: False, loss_scale: 32768.0
  [pass2] 2026-06-09 16:29:11,166 - mindformers[mindformers/core/callback/callback.py:316] - INFO - { Epoch:[  1/  1], step:[ 6312/ 7162], loss: 3.308, per_step_time: 636ms, lr: 9.2806185e-06, overflow cond: False, loss_scale: 32768.0
  [pass2] 2026-06-09 16:29:41,783 - mindformers[mindformers/core/callback/callback.py:316] - INFO - { Epoch:[  1/  1], step:[ 6360/ 7162], loss: 3.496, per_step_time: 636ms, lr: 8.824806e-06, overflow cond: False, loss_scale: 32768.0
  [pass2] 2026-06-09 16:30:12,421 - mindformers[mindformers/core/callback/callback.py:316] - INFO - { Epoch:[  1/  1], step:[ 6408/ 7162], loss: 2.918, per_step_time: 637ms, lr: 8.368992e-06, overflow cond: False, loss_scale: 32768.0
  [pass2] 2026-06-09 16:30:43,054 - mindformers[mindformers/core/callback/callback.py:316] - INFO - { Epoch:[  1/  1], step:[ 6456/ 7162], loss: 3.029, per_step_time: 636ms, lr: 7.913178e-06, overflow cond: False, loss_scale: 32768.0
  [pass2] 2026-06-09 16:31:11,132 - mindformers[mindformers/core/callback/callback.py:316] - INFO - { Epoch:[  1/  1], step:[ 6500/ 7162], loss: 3.281, per_step_time: 636ms, lr: 7.4953496e-06, overflow cond: False, loss_scale: 32768.0
  [pass2] 2026-06-09 16:31:11,132 - mindformers[mindformers/core/callback/callback.py:316] - INFO - { Epoch:[  1/  1], step:[ 6500/ 7162], loss: 3.281, per_step_time: 636ms, lr: 7.4953496e-06, overflow cond: False, loss_scale: 32768.0
  [pass2] 2026-06-09 16:31:11,132 - mindformers[mindformers/core/callback/callback.py:316] - INFO - { Epoch:[  1/  1], step:[ 6500/ 7162], loss: 3.281, per_step_time: 636ms, lr: 7.4953496e-06, overflow cond: False, loss_scale: 32768.0
  [pass2] 2026-06-09 16:31:11,132 - mindformers[mindformers/core/callback/callback.py:316] - INFO - { Epoch:[  1/  1], step:[ 6500/ 7162], loss: 3.281, per_step_time: 636ms, lr: 7.4953496e-06, overflow cond: False, loss_scale: 32768.0
  [pass2] 2026-06-09 16:33:12,660 - mindformers[mindformers/core/callback/callback.py:316] - INFO - { Epoch:[  1/  1], step:[ 6544/ 7162], loss: 3.062, per_step_time: 637ms, lr: 7.0775186e-06, overflow cond: False, loss_scale: 32768.0
  [pass2] 2026-06-09 16:33:43,326 - mindformers[mindformers/core/callback/callback.py:316] - INFO - { Epoch:[  1/  1], step:[ 6592/ 7162], loss: 3.027, per_step_time: 637ms, lr: 6.621706e-06, overflow cond: False, loss_scale: 32768.0
  [pass2] 2026-06-09 16:34:13,984 - mindformers[mindformers/core/callback/callback.py:316] - INFO - { Epoch:[  1/  1], step:[ 6640/ 7162], loss: 2.858, per_step_time: 637ms, lr: 6.165892e-06, overflow cond: False, loss_scale: 32768.0
  [pass2] 2026-06-09 16:34:44,667 - mindformers[mindformers/core/callback/callback.py:316] - INFO - { Epoch:[  1/  1], step:[ 6688/ 7162], loss: 3.082, per_step_time: 637ms, lr: 5.7100788e-06, overflow cond: False, loss_scale: 32768.0
  [pass2] 2026-06-09 16:35:12,670 - mindformers[mindformers/core/callback/callback.py:316] - INFO - { Epoch:[  1/  1], step:[ 6732/ 7162], loss: 2.973, per_step_time: 636ms, lr: 5.3017425e-06, overflow cond: False, loss_scale: 16384.0
  [pass2] 2026-06-09 16:35:43,300 - mindformers[mindformers/core/callback/callback.py:316] - INFO - { Epoch:[  1/  1], step:[ 6780/ 7162], loss: 3.261, per_step_time: 637ms, lr: 4.845929e-06, overflow cond: False, loss_scale: 16384.0
  [pass2] 2026-06-09 16:36:13,945 - mindformers[mindformers/core/callback/callback.py:316] - INFO - { Epoch:[  1/  1], step:[ 6828/ 7162], loss: 2.877, per_step_time: 638ms, lr: 4.390115e-06, overflow cond: False, loss_scale: 16384.0
  [pass2] 2026-06-09 16:36:44,587 - mindformers[mindformers/core/callback/callback.py:316] - INFO - { Epoch:[  1/  1], step:[ 6876/ 7162], loss: 3.280, per_step_time: 637ms, lr: 3.9343017e-06, overflow cond: False, loss_scale: 16384.0
  [pass2] 2026-06-09 16:37:15,249 - mindformers[mindformers/core/callback/callback.py:316] - INFO - { Epoch:[  1/  1], step:[ 6924/ 7162], loss: 3.001, per_step_time: 637ms, lr: 3.4784887e-06, overflow cond: False, loss_scale: 16384.0
  [pass2] 2026-06-09 16:37:43,322 - mindformers[mindformers/core/callback/callback.py:316] - INFO - { Epoch:[  1/  1], step:[ 6968/ 7162], loss: 3.188, per_step_time: 636ms, lr: 3.0606575e-06, overflow cond: False, loss_scale: 16384.0
  [pass2] 2026-06-09 16:38:03,752 - mindformers[mindformers/core/callback/callback.py:316] - INFO - { Epoch:[  1/  1], step:[ 7000/ 7162], loss: 3.199, per_step_time: 637ms, lr: 2.756784e-06, overflow cond: False, loss_scale: 16384.0
  [pass2] 2026-06-09 16:38:03,752 - mindformers[mindformers/core/callback/callback.py:316] - INFO - { Epoch:[  1/  1], step:[ 7000/ 7162], loss: 3.199, per_step_time: 637ms, lr: 2.756784e-06, overflow cond: False, loss_scale: 16384.0
  [pass2] 2026-06-09 16:38:03,752 - mindformers[mindformers/core/callback/callback.py:316] - INFO - { Epoch:[  1/  1], step:[ 7000/ 7162], loss: 3.199, per_step_time: 637ms, lr: 2.756784e-06, overflow cond: False, loss_scale: 16384.0
  [pass2] 2026-06-09 16:39:45,368 - mindformers[mindformers/core/callback/callback.py:316] - INFO - { Epoch:[  1/  1], step:[ 7020/ 7162], loss: 3.133, per_step_time: 636ms, lr: 2.5668612e-06, overflow cond: False, loss_scale: 16384.0
  [pass2] 2026-06-09 16:40:14,907 - mindformers[mindformers/core/callback/callback.py:316] - INFO - { Epoch:[  1/  1], step:[ 7064/ 7162], loss: 2.892, per_step_time: 629ms, lr: 2.1490305e-06, overflow cond: False, loss_scale: 16384.0
  [pass2] 2026-06-09 16:40:45,186 - mindformers[mindformers/core/callback/callback.py:316] - INFO - { Epoch:[  1/  1], step:[ 7112/ 7162], loss: 3.000, per_step_time: 629ms, lr: 1.6932171e-06, overflow cond: False, loss_scale: 16384.0
  [pass2] 2026-06-09 16:41:15,510 - mindformers[mindformers/core/callback/callback.py:316] - INFO - { Epoch:[  1/  1], step:[ 7160/ 7162], loss: 2.657, per_step_time: 630ms, lr: 1.2374032e-06, overflow cond: False, loss_scale: 16384.0
  [pass2] 2026-06-09 16:41:15,510 - mindformers[mindformers/core/callback/callback.py:316] - INFO - { Epoch:[  1/  1], step:[ 7160/ 7162], loss: 2.657, per_step_time: 630ms, lr: 1.2374032e-06, overflow cond: False, loss_scale: 16384.0
  [pass2] 2026-06-09 16:41:15,510 - mindformers[mindformers/core/callback/callback.py:316] - INFO - { Epoch:[  1/  1], step:[ 7160/ 7162], loss: 2.657, per_step_time: 630ms, lr: 1.2374032e-06, overflow cond: False, loss_scale: 16384.0
  [pass2] 2026-06-09 16:41:15,510 - mindformers[mindformers/core/callback/callback.py:316] - INFO - { Epoch:[  1/  1], step:[ 7160/ 7162], loss: 2.657, per_step_time: 630ms, lr: 1.2374032e-06, overflow cond: False, loss_scale: 16384.0
  [pass2] 2026-06-09 16:41:15,510 - mindformers[mindformers/core/callback/callback.py:316] - INFO - { Epoch:[  1/  1], step:[ 7160/ 7162], loss: 2.657, per_step_time: 630ms, lr: 1.2374032e-06, overflow cond: False, loss_scale: 16384.0
