nohup: ignoring input
============================================================
FlowGap Online Probe Loop
  Trace log:  ../data/collected/pass2_raw.log
  Policy:     flowgap_predictive
  Budget:     2 probes/s
  Dry run:    False
  Once mode:  False
============================================================

Opening probe executor (AscendCL)...
  OK — executor ready

Waiting for trace file: ../data/collected/pass2_raw.log
  Found. Starting to poll...
  [LAT] Path 61891: 33.8µs (0.1GB/s)
  [BW] Path 61891: 8425.5µs (15.9GB/s)
  [BW] Path 39006: 8475.2µs (15.8GB/s)
  [BW] Path 39006: 6632.4µs (20.2GB/s)
  [LAT] Path 51468: 111.5µs (0.0GB/s)
  [LAT] Path 51468: 86.8µs (0.1GB/s)
  [BW] Path 58584: 8363.2µs (16.1GB/s)
  [BW] Path 58584: 6577.6µs (20.4GB/s)
  [BW] Path 58584: 6563.9µs (20.4GB/s)
  [BW] Path 58584: 6504.8µs (20.6GB/s)
  [BW] Path 39006: 6580.7µs (20.4GB/s)
  [BW] Path 39006: 8480.9µs (15.8GB/s)
  [BW] Path 24721: 9122.9µs (14.7GB/s)
  [BW] Path 24721: 6700.4µs (20.0GB/s)
  [LAT] Path 28801: 153.7µs (0.0GB/s)
  [LAT] Path 28801: 69.7µs (0.1GB/s)
  [LAT] Path 58584: 151.2µs (0.0GB/s)
  [LAT] Path 58584: 24.4µs (0.2GB/s)
  [LAT] Path 58584: 156.7µs (0.0GB/s)
  [LAT] Path 58584: 69.3µs (0.1GB/s)
  [LAT] Path 58584: 147.2µs (0.0GB/s)
  [LAT] Path 58584: 69.0µs (0.1GB/s)
  [LAT] Path 51468: 152.1µs (0.0GB/s)
  [LAT] Path 51468: 68.5µs (0.1GB/s)
  [LAT] Path 51468: 149.4µs (0.0GB/s)
  [LAT] Path 51468: 68.2µs (0.1GB/s)
  [LAT] Path 51468: 132.6µs (0.0GB/s)
  [LAT] Path 51468: 70.9µs (0.1GB/s)
  [LAT] Path 38170: 151.9µs (0.0GB/s)
  [LAT] Path 38170: 69.1µs (0.1GB/s)
  [BW] Path 38170: 6551.7µs (20.5GB/s)
  [LAT] Path 38170: 72.7µs (0.1GB/s)
  [LAT] Path 38170: 148.7µs (0.0GB/s)
  [LAT] Path 38170: 68.8µs (0.1GB/s)
  [LAT] Path 33139: 108.8µs (0.0GB/s)
  [LAT] Path 33139: 69.9µs (0.1GB/s)
  [LAT] Path 24721: 104.0µs (0.0GB/s)
  [LAT] Path 24721: 75.0µs (0.1GB/s)
  [LAT] Path 24721: 166.8µs (0.0GB/s)
  [LAT] Path 24721: 102.2µs (0.0GB/s)
  [LAT] Path 28801: 111.3µs (0.0GB/s)
  [LAT] Path 28801: 68.6µs (0.1GB/s)
  [LAT] Path 28801: 113.3µs (0.0GB/s)
  [LAT] Path 28801: 73.1µs (0.1GB/s)
  [LAT] Path 39006: 113.3µs (0.0GB/s)
  [LAT] Path 39006: 73.3µs (0.1GB/s)
  [LAT] Path 33139: 707.0µs (0.0GB/s)
  [LAT] Path 33139: 91.5µs (0.0GB/s)
  [BW] Path 61891: 6594.2µs (20.4GB/s)
  [BW] Path 61891: 6538.0µs (20.5GB/s)
  [BW] Path 61891: 6566.6µs (20.4GB/s)
  [BW] Path 61891: 6955.4µs (19.3GB/s)
  [BW] Path 61891: 7914.2µs (17.0GB/s)
  [BW] Path 61891: 6957.7µs (19.3GB/s)
  [LAT] Path 51468: 157.2µs (0.0GB/s)
  [LAT] Path 51468: 74.7µs (0.1GB/s)
  [LAT] Path 58584: 132.7µs (0.0GB/s)
  [LAT] Path 58584: 72.9µs (0.1GB/s)
  [LAT] Path 58584: 154.4µs (0.0GB/s)
  [LAT] Path 58584: 80.0µs (0.1GB/s)
  [LAT] Path 58584: 146.4µs (0.0GB/s)
  [LAT] Path 58584: 69.3µs (0.1GB/s)
  [LAT] Path 15738: 130.6µs (0.0GB/s)
  [LAT] Path 15738: 70.6µs (0.1GB/s)
  [LAT] Path 15738: 111.8µs (0.0GB/s)
  [LAT] Path 15738: 68.4µs (0.1GB/s)
  [LAT] Path 38170: 118.9µs (0.0GB/s)
  [LAT] Path 38170: 101.6µs (0.0GB/s)
  [LAT] Path 33139: 166.8µs (0.0GB/s)
  [LAT] Path 33139: 103.9µs (0.0GB/s)
  [LAT] Path 28801: 163.6µs (0.0GB/s)
  [LAT] Path 28801: 79.5µs (0.1GB/s)
  [BW] Path 61891: 6497.5µs (20.7GB/s)
  [LAT] Path 61891: 24.7µs (0.2GB/s)
  [LAT] Path 38170: 192.7µs (0.0GB/s)
  [LAT] Path 38170: 139.6µs (0.0GB/s)
  [LAT] Path 51468: 130.5µs (0.0GB/s)
  [LAT] Path 51468: 73.2µs (0.1GB/s)
  [LAT] Path 39006: 115.7µs (0.0GB/s)
  [LAT] Path 39006: 72.8µs (0.1GB/s)
  [LAT] Path 58584: 171.2µs (0.0GB/s)
  [LAT] Path 58584: 121.9µs (0.0GB/s)
  [BW] Path 61891: 6584.1µs (20.4GB/s)
  [BW] Path 61891: 6579.8µs (20.4GB/s)
  [BW] Path 61891: 6582.7µs (20.4GB/s)
  [BW] Path 61891: 6849.1µs (19.6GB/s)
  [LAT] Path 33139: 154.7µs (0.0GB/s)
  [LAT] Path 33139: 77.6µs (0.1GB/s)
  [LAT] Path 58584: 166.2µs (0.0GB/s)
  [LAT] Path 58584: 84.5µs (0.1GB/s)
  [LAT] Path 51468: 158.0µs (0.0GB/s)
  [LAT] Path 51468: 79.7µs (0.1GB/s)
  [LAT] Path 51468: 181.3µs (0.0GB/s)
  [LAT] Path 51468: 77.7µs (0.1GB/s)
  [LAT] Path 48184: 182.5µs (0.0GB/s)
  [LAT] Path 48184: 153.9µs (0.0GB/s)
  [LAT] Path 39006: 108.4µs (0.0GB/s)
  [LAT] Path 39006: 69.2µs (0.1GB/s)
  [LAT] Path 33139: 107.0µs (0.0GB/s)
  [LAT] Path 33139: 72.6µs (0.1GB/s)
  [LAT] Path 24721: 156.2µs (0.0GB/s)
  [LAT] Path 24721: 70.2µs (0.1GB/s)
  [LAT] Path 38170: 112.6µs (0.0GB/s)
  [LAT] Path 38170: 68.9µs (0.1GB/s)
  [LAT] Path 58584: 111.3µs (0.0GB/s)
  [LAT] Path 58584: 71.2µs (0.1GB/s)
  [LAT] Path 39006: 116.3µs (0.0GB/s)
  [LAT] Path 39006: 73.0µs (0.1GB/s)
  [BW] Path 28801: 6731.0µs (19.9GB/s)
  [BW] Path 28801: 6465.6µs (20.8GB/s)
  [BW] Path 28801: 6585.0µs (20.4GB/s)
  [BW] Path 28801: 6513.1µs (20.6GB/s)
  [LAT] Path 33139: 412.7µs (0.0GB/s)
  [BW] Path 33139: 6500.6µs (20.6GB/s)
  [BW] Path 28801: 6530.3µs (20.6GB/s)
  [BW] Path 28801: 9043.0µs (14.8GB/s)
  [BW] Path 28801: 6587.1µs (20.4GB/s)
  [BW] Path 28801: 6542.9µs (20.5GB/s)
  [LAT] Path 58584: 155.9µs (0.0GB/s)
  [LAT] Path 58584: 67.1µs (0.1GB/s)
  [LAT] Path 58584: 145.3µs (0.0GB/s)
  [LAT] Path 58584: 111.3µs (0.0GB/s)
  [LAT] Path 58584: 147.1µs (0.0GB/s)
  [LAT] Path 58584: 70.5µs (0.1GB/s)
  [LAT] Path 51468: 150.2µs (0.0GB/s)
  [LAT] Path 51468: 70.3µs (0.1GB/s)
  [LAT] Path 51468: 157.4µs (0.0GB/s)
  [LAT] Path 51468: 80.7µs (0.1GB/s)
  [LAT] Path 12702: 156.3µs (0.0GB/s)
  [LAT] Path 12702: 70.6µs (0.1GB/s)
  [LAT] Path 38170: 151.2µs (0.0GB/s)
  [LAT] Path 38170: 24.1µs (0.2GB/s)
  [LAT] Path 38170: 128.5µs (0.0GB/s)
  [LAT] Path 38170: 71.3µs (0.1GB/s)
  [LAT] Path 38170: 110.9µs (0.0GB/s)
  [LAT] Path 38170: 71.6µs (0.1GB/s)
  [LAT] Path 33139: 112.3µs (0.0GB/s)
  [LAT] Path 33139: 69.6µs (0.1GB/s)
  [LAT] Path 28801: 244.7µs (0.0GB/s)
  [LAT] Path 28801: 43.5µs (0.1GB/s)
  [LAT] Path 24721: 155.3µs (0.0GB/s)
  [LAT] Path 24721: 71.2µs (0.1GB/s)
  [LAT] Path 24721: 152.0µs (0.0GB/s)
  [LAT] Path 24721: 70.4µs (0.1GB/s)
  [LAT] Path 39006: 108.1µs (0.0GB/s)
  [LAT] Path 39006: 135.7µs (0.0GB/s)
  [LAT] Path 33139: 403.7µs (0.0GB/s)
  [LAT] Path 33139: 72.7µs (0.1GB/s)
  [LAT] Path 51468: 226.3µs (0.0GB/s)
  [LAT] Path 51468: 133.8µs (0.0GB/s)
  [LAT] Path 39006: 115.2µs (0.0GB/s)
  [BW] Path 39006: 6477.6µs (20.7GB/s)
  [LAT] Path 51468: 138.7µs (0.0GB/s)
  [LAT] Path 51468: 71.8µs (0.1GB/s)
  [BW] Path 28801: 6499.0µs (20.6GB/s)
  [LAT] Path 28801: 89.2µs (0.1GB/s)
  [LAT] Path 24721: 112.7µs (0.0GB/s)
  [LAT] Path 24721: 71.4µs (0.1GB/s)
  [LAT] Path 28801: 154.9µs (0.0GB/s)
  [LAT] Path 28801: 71.7µs (0.1GB/s)
  [LAT] Path 51468: 147.9µs (0.0GB/s)
  [LAT] Path 51468: 67.9µs (0.1GB/s)
  [LAT] Path 58584: 123.8µs (0.0GB/s)
  [LAT] Path 58584: 67.0µs (0.1GB/s)
  [LAT] Path 58584: 152.0µs (0.0GB/s)
  [LAT] Path 58584: 68.0µs (0.1GB/s)
  [LAT] Path 38170: 128.8µs (0.0GB/s)
  [LAT] Path 38170: 70.4µs (0.1GB/s)
  [LAT] Path 38170: 134.3µs (0.0GB/s)
  [LAT] Path 38170: 69.1µs (0.1GB/s)
  [LAT] Path 38170: 145.7µs (0.0GB/s)
  [LAT] Path 38170: 67.4µs (0.1GB/s)
  [LAT] Path 28801: 32.4µs (0.1GB/s)
  [LAT] Path 28801: 111.1µs (0.0GB/s)
  [LAT] Path 61891: 29.3µs (0.1GB/s)
  [LAT] Path 61891: 67.5µs (0.1GB/s)
  [LAT] Path 39006: 106.4µs (0.0GB/s)
  [BW] Path 39006: 6460.3µs (20.8GB/s)
  [LAT] Path 33139: 155.0µs (0.0GB/s)
  [LAT] Path 33139: 69.4µs (0.1GB/s)
  [BW] Path 61891: 6600.2µs (20.3GB/s)
  [LAT] Path 61891: 79.2µs (0.1GB/s)
  [LAT] Path 58584: 405.5µs (0.0GB/s)
  [LAT] Path 58584: 67.2µs (0.1GB/s)
  [LAT] Path 51468: 122.8µs (0.0GB/s)
  [LAT] Path 51468: 86.4µs (0.1GB/s)
  [LAT] Path 61891: 110.7µs (0.0GB/s)
  [BW] Path 61891: 6461.8µs (20.8GB/s)
  [BW] Path 61891: 6547.5µs (20.5GB/s)
  [BW] Path 61891: 6481.5µs (20.7GB/s)
  [LAT] Path 28801: 113.0µs (0.0GB/s)
  [BW] Path 28801: 8788.8µs (15.3GB/s)
  [LAT] Path 51468: 110.2µs (0.0GB/s)
  [LAT] Path 51468: 84.5µs (0.1GB/s)
  [LAT] Path 51468: 156.8µs (0.0GB/s)
  [LAT] Path 51468: 72.6µs (0.1GB/s)
  [LAT] Path 58584: 148.3µs (0.0GB/s)
  [LAT] Path 58584: 69.5µs (0.1GB/s)
  [BW] Path 58584: 6529.9µs (20.6GB/s)
  [LAT] Path 58584: 76.1µs (0.1GB/s)
  [LAT] Path 58584: 152.4µs (0.0GB/s)
  [LAT] Path 58584: 68.7µs (0.1GB/s)
  [LAT] Path 51468: 131.0µs (0.0GB/s)
  [LAT] Path 51468: 68.8µs (0.1GB/s)
  [LAT] Path 32085: 148.9µs (0.0GB/s)
  [LAT] Path 32085: 69.4µs (0.1GB/s)
  [LAT] Path 32085: 156.8µs (0.0GB/s)
  [LAT] Path 32085: 87.0µs (0.1GB/s)
  [LAT] Path 38170: 160.6µs (0.0GB/s)
  [LAT] Path 38170: 71.7µs (0.1GB/s)
  [LAT] Path 38170: 146.2µs (0.0GB/s)
  [LAT] Path 38170: 69.5µs (0.1GB/s)
  [LAT] Path 38170: 132.0µs (0.0GB/s)
  [LAT] Path 38170: 71.3µs (0.1GB/s)
  [LAT] Path 39006: 187.9µs (0.0GB/s)
  [LAT] Path 39006: 98.4µs (0.0GB/s)
  [LAT] Path 39006: 224.4µs (0.0GB/s)
  [LAT] Path 39006: 71.2µs (0.1GB/s)
  [LAT] Path 24721: 155.0µs (0.0GB/s)
  [LAT] Path 24721: 24.2µs (0.2GB/s)
  [LAT] Path 33139: 153.7µs (0.0GB/s)
  [LAT] Path 33139: 70.1µs (0.1GB/s)
  [LAT] Path 39006: 109.4µs (0.0GB/s)
  [LAT] Path 39006: 69.0µs (0.1GB/s)
  [LAT] Path 39006: 111.3µs (0.0GB/s)
  [LAT] Path 39006: 68.6µs (0.1GB/s)
  [LAT] Path 39006: 112.7µs (0.0GB/s)
  [BW] Path 39006: 8526.7µs (15.7GB/s)
  [LAT] Path 51468: 110.8µs (0.0GB/s)
  [LAT] Path 51468: 70.9µs (0.1GB/s)
  [LAT] Path 33139: 114.2µs (0.0GB/s)
  [LAT] Path 33139: 71.9µs (0.1GB/s)
  [LAT] Path 38170: 113.3µs (0.0GB/s)
  [LAT] Path 38170: 66.3µs (0.1GB/s)
  [LAT] Path 51468: 132.6µs (0.0GB/s)
  [BW] Path 51468: 7570.7µs (17.7GB/s)
  [LAT] Path 51468: 155.0µs (0.0GB/s)
  [LAT] Path 51468: 68.5µs (0.1GB/s)
  [LAT] Path 58584: 148.2µs (0.0GB/s)
  [LAT] Path 58584: 74.4µs (0.1GB/s)
  [LAT] Path 58584: 148.9µs (0.0GB/s)
  [LAT] Path 58584: 70.3µs (0.1GB/s)
  [LAT] Path 58584: 148.2µs (0.0GB/s)
  [LAT] Path 58584: 68.2µs (0.1GB/s)
  [LAT] Path 51468: 124.6µs (0.0GB/s)
  [LAT] Path 51468: 67.9µs (0.1GB/s)
  [LAT] Path 39472: 157.8µs (0.0GB/s)
  [LAT] Path 39472: 67.0µs (0.1GB/s)
  [LAT] Path 39472: 147.0µs (0.0GB/s)
  [LAT] Path 39472: 68.0µs (0.1GB/s)
  [LAT] Path 38170: 122.8µs (0.0GB/s)
  [BW] Path 38170: 6441.4µs (20.8GB/s)
  [LAT] Path 38170: 138.7µs (0.0GB/s)
  [LAT] Path 38170: 68.6µs (0.1GB/s)
  [LAT] Path 38170: 149.8µs (0.0GB/s)
  [LAT] Path 38170: 70.5µs (0.1GB/s)
  [LAT] Path 28801: 122.9µs (0.0GB/s)
  [LAT] Path 28801: 69.3µs (0.1GB/s)
  [LAT] Path 39006: 103.5µs (0.0GB/s)
  [BW] Path 39006: 6446.4µs (20.8GB/s)
  [BW] Path 61891: 7910.9µs (17.0GB/s)
  [LAT] Path 61891: 123.4µs (0.0GB/s)
  [LAT] Path 61891: 151.2µs (0.0GB/s)
  [LAT] Path 61891: 70.2µs (0.1GB/s)
  [LAT] Path 25752: 151.5µs (0.0GB/s)
  [LAT] Path 25752: 65.2µs (0.1GB/s)
  [LAT] Path 24721: 161.2µs (0.0GB/s)
  [LAT] Path 24721: 68.1µs (0.1GB/s)
  [LAT] Path 51468: 114.5µs (0.0GB/s)
  [LAT] Path 51468: 83.8µs (0.1GB/s)
  [BW] Path 39006: 6548.6µs (20.5GB/s)
  [BW] Path 39006: 8701.5µs (15.4GB/s)
  [BW] Path 39006: 8474.2µs (15.8GB/s)
  [BW] Path 39006: 9054.3µs (14.8GB/s)
  [LAT] Path 38170: 113.7µs (0.0GB/s)
  [BW] Path 38170: 6488.2µs (20.7GB/s)
  [LAT] Path 24721: 172.7µs (0.0GB/s)
  [LAT] Path 24721: 91.8µs (0.0GB/s)
  [LAT] Path 24721: 117.5µs (0.0GB/s)
  [LAT] Path 24721: 88.6µs (0.1GB/s)
  [BW] Path 28801: 8816.8µs (15.2GB/s)
  [BW] Path 28801: 6486.7µs (20.7GB/s)
  [LAT] Path 51468: 170.0µs (0.0GB/s)
  [LAT] Path 51468: 69.8µs (0.1GB/s)
  [LAT] Path 58584: 156.6µs (0.0GB/s)
  [LAT] Path 58584: 24.6µs (0.2GB/s)
  [LAT] Path 51468: 148.7µs (0.0GB/s)
  [LAT] Path 51468: 70.8µs (0.1GB/s)
  [LAT] Path 38170: 152.8µs (0.0GB/s)
  [BW] Path 38170: 6447.4µs (20.8GB/s)
  [LAT] Path 38170: 149.4µs (0.0GB/s)
  [LAT] Path 38170: 70.2µs (0.1GB/s)
  [LAT] Path 61891: 1264.4µs (0.0GB/s)
  [LAT] Path 61891: 73.4µs (0.1GB/s)
  [LAT] Path 24721: 110.7µs (0.0GB/s)
  [LAT] Path 24721: 394.6µs (0.0GB/s)
  [LAT] Path 28801: 113.2µs (0.0GB/s)
  [LAT] Path 28801: 70.2µs (0.1GB/s)
  [LAT] Path 51468: 167.4µs (0.0GB/s)
  [LAT] Path 51468: 275.9µs (0.0GB/s)
  [LAT] Path 61891: 109.7µs (0.0GB/s)
  [LAT] Path 61891: 71.7µs (0.1GB/s)
  [LAT] Path 38170: 110.4µs (0.0GB/s)
  [LAT] Path 38170: 75.2µs (0.1GB/s)
  [BW] Path 39006: 6553.7µs (20.5GB/s)
  [BW] Path 39006: 8313.0µs (16.1GB/s)
  [LAT] Path 24721: 211.5µs (0.0GB/s)
  [BW] Path 24721: 9086.5µs (14.8GB/s)
  [BW] Path 28801: 6611.8µs (20.3GB/s)
  [BW] Path 28801: 6507.4µs (20.6GB/s)
  [BW] Path 33139: 6522.2µs (20.6GB/s)
  [BW] Path 33139: 8288.0µs (16.2GB/s)
  [LAT] Path 38170: 143.5µs (0.0GB/s)
  [BW] Path 38170: 6620.3µs (20.3GB/s)
  [LAT] Path 58584: 158.2µs (0.0GB/s)
  [LAT] Path 58584: 74.7µs (0.1GB/s)
  [LAT] Path 58584: 149.2µs (0.0GB/s)
  [LAT] Path 58584: 67.9µs (0.1GB/s)
  [LAT] Path 58584: 149.5µs (0.0GB/s)
  [LAT] Path 58584: 67.1µs (0.1GB/s)
  [LAT] Path 51468: 163.2µs (0.0GB/s)
  [LAT] Path 51468: 65.1µs (0.1GB/s)
  [LAT] Path 51468: 141.2µs (0.0GB/s)
  [LAT] Path 51468: 68.7µs (0.1GB/s)
  [LAT] Path 38170: 105.9µs (0.0GB/s)
  [BW] Path 38170: 6461.5µs (20.8GB/s)
  [LAT] Path 39006: 29.0µs (0.1GB/s)
  [LAT] Path 39006: 80.6µs (0.1GB/s)
  [LAT] Path 61891: 148.2µs (0.0GB/s)
  [LAT] Path 61891: 68.2µs (0.1GB/s)
  [LAT] Path 61891: 143.5µs (0.0GB/s)
  [LAT] Path 61891: 71.6µs (0.1GB/s)
  [LAT] Path 64518: 209.8µs (0.0GB/s)
  [LAT] Path 64518: 124.2µs (0.0GB/s)
  [BW] Path 64518: 6557.6µs (20.5GB/s)
  [LAT] Path 64518: 81.5µs (0.1GB/s)
  [BW] Path 24721: 6523.3µs (20.6GB/s)
  [LAT] Path 24721: 61.6µs (0.1GB/s)
  [LAT] Path 39006: 417.8µs (0.0GB/s)
  [LAT] Path 39006: 73.1µs (0.1GB/s)
  [LAT] Path 58584: 451.0µs (0.0GB/s)
  [LAT] Path 58584: 71.8µs (0.1GB/s)
  [LAT] Path 51468: 127.8µs (0.0GB/s)
  [BW] Path 51468: 9047.8µs (14.8GB/s)
  [BW] Path 28801: 6539.7µs (20.5GB/s)
  [BW] Path 28801: 6575.7µs (20.4GB/s)
  [BW] Path 51468: 6562.3µs (20.4GB/s)
  [BW] Path 51468: 6521.7µs (20.6GB/s)
  [BW] Path 24721: 6691.1µs (20.1GB/s)
  [BW] Path 24721: 6530.7µs (20.6GB/s)
  [LAT] Path 61891: 152.9µs (0.0GB/s)
  [LAT] Path 61891: 68.9µs (0.1GB/s)
  [LAT] Path 58584: 153.5µs (0.0GB/s)
  [LAT] Path 58584: 69.8µs (0.1GB/s)
  [LAT] Path 58584: 150.4µs (0.0GB/s)
  [LAT] Path 58584: 69.1µs (0.1GB/s)
  [LAT] Path 58584: 149.7µs (0.0GB/s)
  [LAT] Path 58584: 68.3µs (0.1GB/s)
  [LAT] Path 51468: 148.4µs (0.0GB/s)
  [BW] Path 51468: 6487.7µs (20.7GB/s)
  [LAT] Path 51468: 147.1µs (0.0GB/s)
  [BW] Path 51468: 6448.9µs (20.8GB/s)
  [LAT] Path 12702: 150.3µs (0.0GB/s)
  [LAT] Path 12702: 69.0µs (0.1GB/s)
  [LAT] Path 39006: 107.7µs (0.0GB/s)
  [LAT] Path 39006: 68.0µs (0.1GB/s)
  [LAT] Path 39006: 98.0µs (0.0GB/s)
  [LAT] Path 39006: 71.1µs (0.1GB/s)
  [LAT] Path 33139: 126.3µs (0.0GB/s)
  [LAT] Path 33139: 72.8µs (0.1GB/s)
  [LAT] Path 38170: 145.2µs (0.0GB/s)
  [LAT] Path 38170: 70.7µs (0.1GB/s)
  [BW] Path 28801: 6598.2µs (20.3GB/s)
  [LAT] Path 28801: 164.7µs (0.0GB/s)
  [LAT] Path 39006: 161.7µs (0.0GB/s)
  [LAT] Path 39006: 184.1µs (0.0GB/s)
  [LAT] Path 61891: 167.9µs (0.0GB/s)
  [LAT] Path 61891: 147.8µs (0.0GB/s)
  [LAT] Path 51468: 112.5µs (0.0GB/s)
  [LAT] Path 51468: 77.5µs (0.1GB/s)
  [LAT] Path 61891: 109.9µs (0.0GB/s)
  [BW] Path 61891: 6470.0µs (20.7GB/s)
  [BW] Path 39006: 6510.6µs (20.6GB/s)
  [LAT] Path 39006: 76.3µs (0.1GB/s)
  [LAT] Path 51468: 111.9µs (0.0GB/s)
  [BW] Path 51468: 8417.0µs (15.9GB/s)
  [BW] Path 51468: 6996.2µs (19.2GB/s)
  [BW] Path 51468: 6497.9µs (20.7GB/s)
  [LAT] Path 39006: 160.7µs (0.0GB/s)
  [LAT] Path 39006: 79.9µs (0.1GB/s)
  [LAT] Path 58584: 153.9µs (0.0GB/s)
  [LAT] Path 58584: 68.0µs (0.1GB/s)
  [LAT] Path 58584: 149.7µs (0.0GB/s)
  [LAT] Path 58584: 77.1µs (0.1GB/s)
  [LAT] Path 58584: 151.3µs (0.0GB/s)
  [LAT] Path 58584: 70.0µs (0.1GB/s)
  [BW] Path 51468: 6534.1µs (20.5GB/s)
  [LAT] Path 51468: 76.8µs (0.1GB/s)
  [LAT] Path 51468: 147.1µs (0.0GB/s)
  [LAT] Path 51468: 69.8µs (0.1GB/s)
  [LAT] Path 18787: 165.0µs (0.0GB/s)
  [LAT] Path 18787: 81.6µs (0.1GB/s)
  [LAT] Path 39006: 113.1µs (0.0GB/s)
  [LAT] Path 39006: 77.9µs (0.1GB/s)
  [LAT] Path 39006: 145.9µs (0.0GB/s)
  [LAT] Path 39006: 68.8µs (0.1GB/s)
  [BW] Path 28801: 6550.5µs (20.5GB/s)
  [LAT] Path 28801: 73.9µs (0.1GB/s)
  [LAT] Path 33139: 151.5µs (0.0GB/s)
  [LAT] Path 33139: 67.3µs (0.1GB/s)
  [LAT] Path 24721: 153.8µs (0.0GB/s)
  [BW] Path 24721: 6486.4µs (20.7GB/s)
  [LAT] Path 24721: 158.7µs (0.0GB/s)
  [LAT] Path 24721: 88.6µs (0.1GB/s)
  [LAT] Path 39006: 140.5µs (0.0GB/s)
  [LAT] Path 39006: 367.0µs (0.0GB/s)
  [LAT] Path 39006: 108.6µs (0.0GB/s)
  [LAT] Path 39006: 73.3µs (0.1GB/s)
  [LAT] Path 39006: 120.5µs (0.0GB/s)
  [LAT] Path 39006: 74.5µs (0.1GB/s)
  [BW] Path 28801: 6505.0µs (20.6GB/s)
  [LAT] Path 28801: 115.0µs (0.0GB/s)
  [LAT] Path 33139: 123.8µs (0.0GB/s)
  [BW] Path 33139: 6481.4µs (20.7GB/s)
  [BW] Path 58584: 6514.7µs (20.6GB/s)
  [BW] Path 58584: 6582.5µs (20.4GB/s)
  [BW] Path 58584: 9051.6µs (14.8GB/s)
  [BW] Path 58584: 6534.2µs (20.5GB/s)
  [BW] Path 28801: 6652.1µs (20.2GB/s)
  [BW] Path 28801: 6624.2µs (20.3GB/s)
  [LAT] Path 51468: 149.3µs (0.0GB/s)
  [LAT] Path 51468: 68.9µs (0.1GB/s)
  [LAT] Path 51468: 155.9µs (0.0GB/s)
  [LAT] Path 51468: 90.9µs (0.1GB/s)
  [LAT] Path 58584: 153.0µs (0.0GB/s)
  [BW] Path 58584: 6475.0µs (20.7GB/s)
  [LAT] Path 58584: 31.9µs (0.1GB/s)
  [LAT] Path 58584: 67.0µs (0.1GB/s)
  [LAT] Path 38170: 186.8µs (0.0GB/s)
  [LAT] Path 38170: 117.7µs (0.0GB/s)
  [LAT] Path 38170: 104.3µs (0.0GB/s)
  [LAT] Path 38170: 71.6µs (0.1GB/s)
  [LAT] Path 33139: 126.3µs (0.0GB/s)
  [LAT] Path 33139: 77.9µs (0.1GB/s)
  [LAT] Path 24721: 423.5µs (0.0GB/s)
  [LAT] Path 24721: 112.4µs (0.0GB/s)
  [LAT] Path 24721: 155.8µs (0.0GB/s)
  [LAT] Path 24721: 80.7µs (0.1GB/s)
  [LAT] Path 39006: 185.6µs (0.0GB/s)
  [LAT] Path 39006: 72.9µs (0.1GB/s)
  [LAT] Path 39006: 186.6µs (0.0GB/s)
  [BW] Path 39006: 8519.5µs (15.8GB/s)
  [BW] Path 39006: 7066.9µs (19.0GB/s)
  [BW] Path 39006: 9327.0µs (14.4GB/s)
  [LAT] Path 51468: 330.8µs (0.0GB/s)
  [BW] Path 51468: 6494.3µs (20.7GB/s)
  [LAT] Path 38170: 34.9µs (0.1GB/s)
  [LAT] Path 38170: 96.3µs (0.0GB/s)
  [BW] Path 28801: 8844.1µs (15.2GB/s)
  [BW] Path 28801: 6556.6µs (20.5GB/s)
  [BW] Path 39006: 6520.5µs (20.6GB/s)
  [BW] Path 39006: 6474.9µs (20.7GB/s)
  [LAT] Path 28801: 160.7µs (0.0GB/s)
  [LAT] Path 28801: 69.1µs (0.1GB/s)
  [LAT] Path 58584: 160.5µs (0.0GB/s)
  [LAT] Path 58584: 69.2µs (0.1GB/s)
  [LAT] Path 58584: 152.8µs (0.0GB/s)
  [LAT] Path 58584: 67.9µs (0.1GB/s)
  [LAT] Path 51468: 159.8µs (0.0GB/s)
  [BW] Path 51468: 6489.2µs (20.7GB/s)
  [LAT] Path 51468: 244.6µs (0.0GB/s)
  [LAT] Path 51468: 144.0µs (0.0GB/s)
  [LAT] Path 38170: 147.4µs (0.0GB/s)
  [LAT] Path 38170: 67.7µs (0.1GB/s)
  [LAT] Path 38170: 156.3µs (0.0GB/s)
  [LAT] Path 38170: 67.5µs (0.1GB/s)
  [LAT] Path 28801: 141.8µs (0.0GB/s)
  [LAT] Path 28801: 155.4µs (0.0GB/s)
  [LAT] Path 28801: 106.2µs (0.0GB/s)
  [LAT] Path 28801: 90.0µs (0.1GB/s)
  [LAT] Path 33139: 150.1µs (0.0GB/s)
  [LAT] Path 33139: 82.3µs (0.1GB/s)
  [LAT] Path 33139: 151.0µs (0.0GB/s)
  [LAT] Path 33139: 71.2µs (0.1GB/s)
  [LAT] Path 61891: 152.9µs (0.0GB/s)
  [BW] Path 61891: 6446.1µs (20.8GB/s)
  [BW] Path 61891: 6761.0µs (19.9GB/s)
  [LAT] Path 61891: 72.0µs (0.1GB/s)
