PID,TID,Source,Destination,Size_MB,Latency_us,Bandwidth_GBps,Start_ns,End_ns,WallStart_ns,WallEnd_ns
2730429,2730429,Host(NUMA 2),NPU 0,1039.50,61308.45,17.78,11427496521098460,11427496582406910,1781625010098090330,1781625010159398780
2730429,2730429,Host(NUMA 4),NPU 0,1039.51,86020.54,12.67,11427497011951810,11427497097972350,1781625010587318360,1781625010673338900
2730429,2730429,Host(NUMA 4),NPU 0,31.50,4267.78,7.74,11427497262094460,11427497266362240,1781625010837231750,1781625010841499530
2730429,2730429,Host(NUMA 4),NPU 0,0.01,53.38,0.17,11427497273180640,11427497273234020,1781625010848295570,1781625010848348950
2730429,2730429,Host(NUMA 4),NPU 0,24.50,30424.67,0.84,11427497273417680,11427497303842350,1781625010848548670,1781625010878973340
2730429,2730429,Host(NUMA 4),NPU 0,259.00,26358.68,10.30,11427497304526720,11427497330885400,1781625010879641830,1781625010906000510
2730429,2730429,Host(NUMA 4),NPU 0,129.50,13919.69,9.76,11427497385376300,11427497399295990,1781625010960495200,1781625010974414890
2730429,2730429,Host(NUMA 4),NPU 0,0.01,72.88,0.10,11427497424223270,11427497424296150,1781625010999339300,1781625010999412180
2730429,2730429,Host(NUMA 4),NPU 0,0.01,57.72,0.12,11427497424409940,11427497424467660,1781625010999523560,1781625010999581280
2730429,2730429,Host(NUMA 4),NPU 0,31.50,3474.80,9.51,11427497424660780,11427497428135580,1781625010999739410,1781625011003214210
2730429,2730429,Host(NUMA 4),NPU 0,0.01,45.62,0.20,11427497434248860,11427497434294480,1781625011009363960,1781625011009409580
2730429,2730429,Host(NUMA 4),NPU 0,24.50,29083.82,0.88,11427497434485060,11427497463568880,1781625011009626120,1781625011038709940
2730429,2730429,Host(NUMA 4),NPU 0,259.00,22360.59,12.15,11427497464206080,11427497486566670,1781625011039320770,1781625011061681360
2730429,2730429,Host(NUMA 4),NPU 0,129.50,13227.28,10.27,11427497531688610,11427497544915890,1781625011106806040,1781625011120033320
2730429,2730429,Host(NUMA 4),NPU 0,0.01,51.49,0.14,11427497568919910,11427497568971400,1781625011144037090,1781625011144088580
2730429,2730429,Host(NUMA 4),NPU 0,0.01,35.45,0.20,11427497569084290,11427497569119740,1781625011144221970,1781625011144257420
2730429,2730429,Host(NUMA 4),NPU 0,31.50,3223.47,10.25,11427497569456410,11427497572679880,1781625011144533660,1781625011147757130
2730429,2730429,Host(NUMA 4),NPU 0,0.01,41.79,0.22,11427497578527480,11427497578569270,1781625011153639570,1781625011153681360
2730429,2730429,Host(NUMA 4),NPU 0,24.50,28467.34,0.90,11427497578753400,11427497607220740,1781625011153904510,1781625011182371850
2730429,2730429,Host(NUMA 4),NPU 0,259.00,18792.67,14.45,11427497607895830,11427497626688500,1781625011183031390,1781625011201824060
2730429,2730429,Host(NUMA 4),NPU 0,129.50,11848.14,11.46,11427497669145980,11427497680994120,1781625011244289630,1781625011256137770
2730429,2730429,Host(NUMA 4),NPU 0,0.01,47.16,0.15,11427497704236920,11427497704284080,1781625011279363590,1781625011279410750
2730429,2730429,Host(NUMA 4),NPU 0,0.01,34.55,0.21,11427497704394730,11427497704429280,1781625011279545290,1781625011279579840
2730429,2730429,Host(NUMA 4),NPU 0,31.50,2646.82,12.48,11427497704649700,11427497707296520,1781625011279725780,1781625011282372600
2730429,2730429,Host(NUMA 4),NPU 0,0.01,64.11,0.14,11427497712948880,11427497713012990,1781625011288061440,1781625011288125550
2730429,2730429,Host(NUMA 4),NPU 0,24.50,27902.04,0.92,11427497713199560,11427497741101600,1781625011288319640,1781625011316221680
2730429,2730429,Host(NUMA 4),NPU 0,259.00,23360.27,11.63,11427497741761480,11427497765121750,1781625011316876440,1781625011340236710
2730429,2730429,Host(NUMA 4),NPU 0,129.50,10287.10,13.20,11427497807374430,11427497817661530,1781625011382508120,1781625011392795220
2730429,2730429,Host(NUMA 4),NPU 0,0.01,85.73,0.08,11427497839500420,11427497839586150,1781625011414627210,1781625011414712940
2730429,2730429,Host(NUMA 4),NPU 0,0.01,61.22,0.12,11427497839696520,11427497839757740,1781625011414820740,1781625011414881960
2730429,2730429,Host(NUMA 4),NPU 0,31.50,2537.40,13.02,11427497839969580,11427497842506980,1781625011415050430,1781625011417587830
2730429,2730429,Host(NUMA 4),NPU 0,0.01,65.30,0.14,11427497847928680,11427497847993980,1781625011423051930,1781625011423117230
2730429,2730429,Host(NUMA 4),NPU 0,24.50,27341.76,0.94,11427497848188410,11427497875530170,1781625011423326930,1781625011450668690
2730429,2730429,Host(NUMA 4),NPU 0,259.00,18567.16,14.63,11427497876359380,11427497894926540,1781625011451474500,1781625011470041660
2730429,2730429,Host(NUMA 4),NPU 0,129.50,10116.92,13.42,11427497937144280,11427497947261200,1781625011512267970,1781625011522384890
2730429,2730429,Host(NUMA 4),NPU 0,0.01,74.99,0.10,11427497968851970,11427497968926960,1781625011543968700,1781625011544043690
2730429,2730429,Host(NUMA 4),NPU 0,0.01,50.39,0.14,11427497969039630,11427497969090020,1781625011544160690,1781625011544211080
2730429,2730429,Host(NUMA 4),NPU 0,31.50,2471.99,13.36,11427497969303130,11427497971775120,1781625011544381370,1781625011546853360
2730429,2730429,Host(NUMA 4),NPU 0,0.01,65.61,0.14,11427497977082160,11427497977147770,1781625011552195480,1781625011552261090
2730429,2730429,Host(NUMA 4),NPU 0,24.50,33652.66,0.76,11427497977333860,11427498010986520,1781625011552479330,1781625011586131990
2730429,2730429,Host(NUMA 4),NPU 0,259.00,19041.85,14.26,11427498011658180,11427498030700030,1781625011586786210,1781625011605828060
2730429,2730429,Host(NUMA 4),NPU 0,129.50,9983.75,13.60,11427498072820480,11427498082804230,1781625011648146820,1781625011658130570
2730429,2730429,Host(NUMA 4),NPU 0,0.01,78.30,0.09,11427498104139250,11427498104217550,1781625011679315740,1781625011679394040
2730429,2730429,Host(NUMA 4),NPU 0,0.01,55.30,0.13,11427498104325160,11427498104380460,1781625011679524900,1781625011679580200
2730429,2730429,Host(NUMA 4),NPU 0,31.50,2475.18,13.34,11427498104592440,11427498107067620,1781625011679672610,1781625011682147790
2730429,2730429,Host(NUMA 4),NPU 0,0.01,63.78,0.14,11427498112584780,11427498112648560,1781625011687709900,1781625011687773680
2730429,2730429,Host(NUMA 4),NPU 0,24.50,27895.12,0.92,11427498112840240,11427498140735360,1781625011687969470,1781625011715864590
2730429,2730429,Host(NUMA 4),NPU 0,259.00,19302.06,14.07,11427498141528990,11427498160831050,1781625011716649110,1781625011735951170
2730429,2730429,Host(NUMA 4),NPU 0,129.50,9955.05,13.64,11427498208398000,11427498218353050,1781625011783530540,1781625011793485590
2730429,2730429,Host(NUMA 4),NPU 0,0.01,76.68,0.09,11427498239907540,11427498239984220,1781625011815038250,1781625011815114930
2730429,2730429,Host(NUMA 4),NPU 0,0.01,56.18,0.13,11427498240104550,11427498240160730,1781625011815226270,1781625011815282450
2730429,2730429,Host(NUMA 4),NPU 0,31.50,2552.38,12.94,11427498240354400,11427498242906780,1781625011815436400,1781625011817988780
2730429,2730429,Host(NUMA 4),NPU 0,0.01,55.68,0.17,11427498248308680,11427498248364360,1781625011823426400,1781625011823482080
2730429,2730429,Host(NUMA 4),NPU 0,24.50,27892.11,0.92,11427498248545690,11427498276437800,1781625011823675830,1781625011851567940
2730429,2730429,Host(NUMA 4),NPU 0,259.00,18587.71,14.61,11427498277078840,11427498295666550,1781625011852196700,1781625011870784410
2730429,2730429,Host(NUMA 4),NPU 0,129.50,9978.26,13.61,11427498337953180,11427498347931440,1781625011913087570,1781625011923065830
2730429,2730429,Host(NUMA 4),NPU 0,0.01,78.49,0.09,11427498369663750,11427498369742240,1781625011944781640,1781625011944860130
2730429,2730429,Host(NUMA 4),NPU 0,0.01,57.87,0.12,11427498369850910,11427498369908780,1781625011944973060,1781625011945030930
2730429,2730429,Host(NUMA 4),NPU 0,31.50,2487.52,13.28,11427498370119570,11427498372607090,1781625011945202660,1781625011947690180
2730429,2730429,Host(NUMA 4),NPU 0,0.01,58.29,0.16,11427498377946040,11427498378004330,1781625011953062470,1781625011953120760
2730429,2730429,Host(NUMA 4),NPU 0,24.50,27749.83,0.93,11427498378194040,11427498405943870,1781625011953323140,1781625011981072970
2730429,2730429,Host(NUMA 4),NPU 0,259.00,18412.41,14.75,11427498406720400,11427498425132810,1781625011981838170,1781625012000250580
2730429,2730429,Host(NUMA 4),NPU 0,129.50,9765.11,13.91,11427498471914820,11427498481679930,1781625012047033230,1781625012056798340
2730429,2730429,Host(NUMA 3),NPU 0,0.01,90.41,0.08,11427498504019490,11427498504109900,1781625012079149850,1781625012079240260
2730429,2730429,Host(NUMA 4),NPU 0,0.01,153.18,0.05,11427498504231550,11427498504384730,1781625012079346800,1781625012079499980
2730429,2730429,Host(NUMA 4),NPU 0,31.50,2500.88,13.21,11427498504664530,11427498507165410,1781625012079778720,1781625012082279600
2730429,2730429,Host(NUMA 4),NPU 0,0.01,64.20,0.14,11427498512665290,11427498512729490,1781625012087784710,1781625012087848910
2730429,2730429,Host(NUMA 4),NPU 0,24.50,27510.28,0.93,11427498512915650,11427498540425930,1781625012088067270,1781625012115577550
2730429,2730429,Host(NUMA 4),NPU 0,259.00,18779.73,14.46,11427498541088380,11427498559868110,1781625012116213740,1781625012134993470
2730429,2730429,Host(NUMA 4),NPU 0,129.50,9709.38,13.99,11427498602032090,11427498611741470,1781625012177177340,1781625012186886720
2730429,2730429,Host(NUMA 4),NPU 0,0.01,76.26,0.09,11427498633337940,11427498633414200,1781625012208459370,1781625012208535630
2730429,2730429,Host(NUMA 4),NPU 0,0.01,59.72,0.12,11427498633520300,11427498633580020,1781625012208668850,1781625012208728570
2730429,2730429,Host(NUMA 4),NPU 0,31.50,2541.41,13.00,11427498633765970,11427498636307380,1781625012208851330,1781625012211392740
2730429,2730429,Host(NUMA 4),NPU 0,0.01,63.27,0.15,11427498641749660,11427498641812930,1781625012216891280,1781625012216954550
2730429,2730429,Host(NUMA 4),NPU 0,24.50,28236.89,0.91,11427498642000640,11427498670237530,1781625012217128470,1781625012245365360
2730429,2730429,Host(NUMA 4),NPU 0,259.00,17564.85,15.46,11427498671014020,11427498688578870,1781625012246158660,1781625012263723510
2730429,2730429,Host(NUMA 4),NPU 0,129.50,10045.95,13.52,11427498734400590,11427498744446540,1781625012309546620,1781625012319592570
2730429,2730429,Host(NUMA 4),NPU 0,0.01,85.01,0.08,11427498765997390,11427498766082400,1781625012341142030,1781625012341227040
2730429,2730429,Host(NUMA 4),NPU 0,0.01,50.72,0.14,11427498766190650,11427498766241370,1781625012341350190,1781625012341400910
2730429,2730429,Host(NUMA 4),NPU 0,31.50,2381.86,13.87,11427498766432420,11427498768814280,1781625012341536040,1781625012343917900
2730429,2730429,Host(NUMA 4),NPU 0,0.01,67.84,0.14,11427498774156820,11427498774224660,1781625012349274470,1781625012349342310
2730429,2730429,Host(NUMA 4),NPU 0,24.50,27311.89,0.94,11427498774405460,11427498801717350,1781625012349560120,1781625012376872010
2730429,2730429,Host(NUMA 4),NPU 0,259.00,16569.32,16.39,11427498802358760,11427498818928080,1781625012377474410,1781625012394043730
2730429,2730429,Host(NUMA 4),NPU 0,129.50,9120.73,14.89,11427498860157580,11427498869278310,1781625012435296740,1781625012444417470
2730429,2730429,Host(NUMA 4),NPU 0,0.01,75.28,0.10,11427498890472070,11427498890547350,1781625012465592850,1781625012465668130
2730429,2730429,Host(NUMA 4),NPU 0,0.01,56.61,0.13,11427498890652370,11427498890708980,1781625012465799510,1781625012465856120
2730429,2730429,Host(NUMA 4),NPU 0,31.50,2350.02,14.06,11427498890897320,11427498893247340,1781625012465981430,1781625012468331450
2730429,2730429,Host(NUMA 4),NPU 0,0.01,80.83,0.11,11427498898512230,11427498898593060,1781625012473655060,1781625012473735890
2730429,2730429,Host(NUMA 4),NPU 0,24.50,27317.24,0.94,11427498898780040,11427498926097280,1781625012473903290,1781625012501220530
2730429,2730429,Host(NUMA 4),NPU 0,259.00,16781.34,16.18,11427498926904880,11427498943686220,1781625012502044750,1781625012518826090
2730429,2730429,Host(NUMA 4),NPU 0,129.50,9273.08,14.64,11427498988875350,11427498998148430,1781625012563992840,1781625012573265920
2730429,2730429,Host(NUMA 4),NPU 0,0.01,76.24,0.09,11427499019492270,11427499019568510,1781625012594632050,1781625012594708290
2730429,2730429,Host(NUMA 4),NPU 0,0.01,56.90,0.13,11427499019677660,11427499019734560,1781625012594824540,1781625012594881440
2730429,2730429,Host(NUMA 4),NPU 0,31.50,2254.55,14.65,11427499019946260,11427499022200810,1781625012595048480,1781625012597303030
2730429,2730429,Host(NUMA 4),NPU 0,0.01,53.14,0.17,11427499027481720,11427499027534860,1781625012602599040,1781625012602652180
2730429,2730429,Host(NUMA 4),NPU 0,24.50,27968.04,0.92,11427499027731670,11427499055699710,1781625012602904350,1781625012630872390
2730429,2730429,Host(NUMA 4),NPU 0,259.00,16664.23,16.30,11427499056383280,11427499073047510,1781625012631501510,1781625012648165740
2730429,2730429,Host(NUMA 4),NPU 0,129.50,8972.00,15.13,11427499114174220,11427499123146220,1781625012689340220,1781625012698312220
2730429,2730429,Host(NUMA 4),NPU 0,0.01,82.62,0.09,11427499144148590,11427499144231210,1781625012719269090,1781625012719351710
2730429,2730429,Host(NUMA 4),NPU 0,0.01,50.85,0.14,11427499144339130,11427499144389980,1781625012719496110,1781625012719546960
2730429,2730429,Host(NUMA 4),NPU 0,31.50,2190.95,15.08,11427499144592180,11427499146783130,1781625012719674790,1781625012721865740
2730429,2730429,Host(NUMA 4),NPU 0,0.01,60.63,0.15,11427499152048390,11427499152109020,1781625012727185120,1781625012727245750
2730429,2730429,Host(NUMA 4),NPU 0,24.50,26793.76,0.96,11427499152306050,11427499179099810,1781625012727431090,1781625012754224850
2730429,2730429,Host(NUMA 4),NPU 0,259.00,16526.89,16.43,11427499179892170,11427499196419060,1781625012755031960,1781625012771558850
2730429,2730429,Host(NUMA 4),NPU 0,129.50,8899.94,15.26,11427499241604310,11427499250504250,1781625012816726170,1781625012825626110
2730429,2730429,Host(NUMA 4),NPU 0,0.01,79.27,0.09,11427499271665960,11427499271745230,1781625012846806600,1781625012846885870
2730429,2730429,Host(NUMA 4),NPU 0,0.01,53.08,0.14,11427499271854280,11427499271907360,1781625012847020250,1781625012847073330
2730429,2730429,Host(NUMA 4),NPU 0,31.50,2199.27,15.02,11427499272113720,11427499274312990,1781625012847216420,1781625012849415690
2730429,2730429,Host(NUMA 4),NPU 0,0.01,63.05,0.15,11427499279501360,11427499279564410,1781625012854620380,1781625012854683430
2730429,2730429,Host(NUMA 4),NPU 0,24.50,27125.09,0.95,11427499279747760,11427499306872850,1781625012854891400,1781625012882016490
2730429,2730429,Host(NUMA 4),NPU 0,259.00,16337.80,16.62,11427499307518080,11427499323855880,1781625012882646800,1781625012898984600
2730429,2730429,Host(NUMA 4),NPU 0,129.50,8750.02,15.52,11427499365098460,11427499373848480,1781625012940239830,1781625012948989850
2730429,2730429,Host(NUMA 4),NPU 0,0.01,82.05,0.09,11427499394780550,11427499394862600,1781625012969900710,1781625012969982760
2730429,2730429,Host(NUMA 4),NPU 0,0.01,31.31,0.23,11427499394967670,11427499394998980,1781625012970141560,1781625012970172870
2730429,2730429,Host(NUMA 4),NPU 0,31.50,2256.04,14.64,11427499395188880,11427499397444920,1781625012970275760,1781625012972531800
2730429,2730429,Host(NUMA 4),NPU 0,0.01,57.53,0.16,11427499402671820,11427499402729350,1781625012977813490,1781625012977871020
2730429,2730429,Host(NUMA 4),NPU 0,24.50,26961.18,0.95,11427499402931520,11427499429892700,1781625012978056330,1781625013005017510
2730429,2730429,Host(NUMA 4),NPU 0,259.00,16418.73,16.54,11427499430703670,11427499447122400,1781625013005841480,1781625013022260210
2730429,2730429,Host(NUMA 4),NPU 0,129.50,8681.66,15.64,11427499492133920,11427499500815580,1781625013067260050,1781625013075941710
2730429,2730429,Host(NUMA 4),NPU 0,0.01,73.66,0.10,11427499521840650,11427499521914310,1781625013096982670,1781625013097056330
2730429,2730429,Host(NUMA 4),NPU 0,0.01,48.82,0.15,11427499522019510,11427499522068330,1781625013097178980,1781625013097227800
2730429,2730429,Host(NUMA 4),NPU 0,31.50,2241.13,14.74,11427499522254860,11427499524495990,1781625013097361150,1781625013099602280
2730429,2730429,Host(NUMA 4),NPU 0,0.01,58.70,0.16,11427499529699350,11427499529758050,1781625013104819320,1781625013104878020
2730429,2730429,Host(NUMA 4),NPU 0,24.50,26955.34,0.95,11427499529982980,11427499556938320,1781625013105132470,1781625013132087810
2730429,2730429,Host(NUMA 4),NPU 0,259.00,16659.39,16.30,11427499557616450,11427499574275840,1781625013132733420,1781625013149392810
2730429,2730429,Host(NUMA 4),NPU 0,129.50,8837.19,15.37,11427499615332520,11427499624169710,1781625013190473380,1781625013199310570
2730429,2730429,Host(NUMA 4),NPU 0,0.01,71.81,0.10,11427499645050870,11427499645122680,1781625013220171730,1781625013220243540
2730429,2730429,Host(NUMA 4),NPU 0,0.01,49.76,0.14,11427499645228650,11427499645278410,1781625013220387210,1781625013220436970
2730429,2730429,Host(NUMA 4),NPU 0,31.50,2251.11,14.67,11427499645486400,11427499647737510,1781625013220568960,1781625013222820070
2730429,2730429,Host(NUMA 4),NPU 0,0.01,60.42,0.15,11427499653016970,11427499653077390,1781625013228155140,1781625013228215560
2730429,2730429,Host(NUMA 4),NPU 0,24.50,27324.76,0.94,11427499653260550,11427499680585310,1781625013228388770,1781625013255713530
2730429,2730429,Host(NUMA 4),NPU 0,259.00,16471.35,16.49,11427499681378560,11427499697849910,1781625013256516810,1781625013272988160
2730429,2730429,Host(NUMA 4),NPU 0,129.50,8738.95,15.54,11427499743015480,11427499751754430,1781625013318137680,1781625013326876630
2730429,2730429,Host(NUMA 4),NPU 0,0.01,80.27,0.09,11427499772816950,11427499772897220,1781625013347962360,1781625013348042630
2730429,2730429,Host(NUMA 4),NPU 0,0.01,33.63,0.21,11427499773003700,11427499773037330,1781625013348181360,1781625013348214990
2730429,2730429,Host(NUMA 4),NPU 0,31.50,2283.97,14.46,11427499773232510,11427499775516480,1781625013348335860,1781625013350619830
2730429,2730429,Host(NUMA 4),NPU 0,0.01,38.18,0.24,11427499780816190,11427499780854370,1781625013355934390,1781625013355972570
2730429,2730429,Host(NUMA 4),NPU 0,24.50,27207.66,0.94,11427499781055380,11427499808263040,1781625013356202220,1781625013383409880
2730429,2730429,Host(NUMA 4),NPU 0,259.00,16210.31,16.75,11427499808936790,11427499825147100,1781625013384053160,1781625013400263470
2730429,2730429,Host(NUMA 4),NPU 0,129.50,9049.12,15.01,11427499865873340,11427499874922460,1781625013441012930,1781625013450062050
2730429,2730429,Host(NUMA 4),NPU 0,0.01,49.93,0.14,11427499895922120,11427499895972050,1781625013471054070,1781625013471104000
2730429,2730429,Host(NUMA 4),NPU 0,0.01,32.15,0.22,11427499896094500,11427499896126650,1781625013471261440,1781625013471293590
2730429,2730429,Host(NUMA 4),NPU 0,31.50,2253.41,14.66,11427499896302660,11427499898556070,1781625013471385270,1781625013473638680
2730429,2730429,Host(NUMA 4),NPU 0,0.01,40.82,0.23,11427499903788610,11427499903829430,1781625013478933960,1781625013478974780
2730429,2730429,Host(NUMA 4),NPU 0,24.50,26981.53,0.95,11427499904017400,11427499930998930,1781625013479139540,1781625013506121070
2730429,2730429,Host(NUMA 4),NPU 0,259.00,15956.31,17.02,11427499931794830,11427499947751140,1781625013506943950,1781625013522900260
2730429,2730429,Host(NUMA 4),NPU 0,129.50,8817.08,15.40,11427499991998370,11427500000815450,1781625013567123960,1781625013575941040
2730429,2730429,Host(NUMA 4),NPU 0,0.01,51.89,0.14,11427500021792370,11427500021844260,1781625013596936930,1781625013596988820
2730429,2730429,Host(NUMA 4),NPU 0,0.01,34.68,0.21,11427500021947540,11427500021982220,1781625013597128020,1781625013597162700
2730429,2730429,Host(NUMA 4),NPU 0,31.50,2199.56,15.02,11427500022167730,11427500024367290,1781625013597271240,1781625013599470800
2730429,2730429,Host(NUMA 4),NPU 0,0.01,42.22,0.22,11427500029628370,11427500029670590,1781625013604748050,1781625013604790270
2730429,2730429,Host(NUMA 4),NPU 0,24.50,27020.92,0.95,11427500029855840,11427500056876760,1781625013605007760,1781625013632028680
2730429,2730429,Host(NUMA 4),NPU 0,259.00,16194.96,16.77,11427500057529050,11427500073724010,1781625013632648490,1781625013648843450
2730429,2730429,Host(NUMA 4),NPU 0,129.50,8634.04,15.73,11427500114297590,11427500122931630,1781625013689440780,1781625013698074820
2730429,2730429,Host(NUMA 4),NPU 0,0.01,73.52,0.10,11427500143724340,11427500143797860,1781625013718843230,1781625013718916750
2730429,2730429,Host(NUMA 4),NPU 0,0.01,51.32,0.14,11427500143903330,11427500143954650,1781625013719073900,1781625013719125220
2730429,2730429,Host(NUMA 4),NPU 0,31.50,2158.86,15.30,11427500144165930,11427500146324790,1781625013719251210,1781625013721410070
2730429,2730429,Host(NUMA 4),NPU 0,0.01,64.37,0.14,11427500151488610,11427500151552980,1781625013726626300,1781625013726690670
2730429,2730429,Host(NUMA 4),NPU 0,24.50,27916.71,0.92,11427500151737300,11427500179654010,1781625013726866720,1781625013754783430
2730429,2730429,Host(NUMA 4),NPU 0,259.00,19451.24,13.96,11427500180497570,11427500199948810,1781625013755648930,1781625013775100170
2730429,2730429,Host(NUMA 4),NPU 0,129.50,8573.64,15.84,11427500240912500,11427500249486140,1781625013816031640,1781625013824605280
2730429,2730429,Host(NUMA 4),NPU 0,0.01,44.20,0.16,11427500270345460,11427500270389660,1781625013845607040,1781625013845651240
2730429,2730429,Host(NUMA 4),NPU 0,0.01,30.28,0.24,11427500270490380,11427500270520660,1781625013845821010,1781625013845851290
2730429,2730429,Host(NUMA 4),NPU 0,31.50,2180.32,15.15,11427500270704750,11427500272885070,1781625013845816840,1781625013847997160
2730429,2730429,Host(NUMA 4),NPU 0,0.01,36.83,0.25,11427500278175400,11427500278212230,1781625013853375440,1781625013853412270
2730429,2730429,Host(NUMA 4),NPU 0,24.50,32936.37,0.78,11427500278392770,11427500311329140,1781625013853645530,1781625013886581900
2730429,2730429,Host(NUMA 4),NPU 0,259.00,16097.87,16.87,11427500311971300,11427500328069170,1781625013887155940,1781625013903253810
2730429,2730429,Host(NUMA 4),NPU 0,129.50,8706.59,15.60,11427500369111090,11427500377817680,1781625013944329830,1781625013953036420
2730429,2730429,Host(NUMA 4),NPU 0,0.01,43.05,0.17,11427500398792340,11427500398835390,1781625013974004280,1781625013974047330
2730429,2730429,Host(NUMA 4),NPU 0,0.01,29.76,0.24,11427500398939440,11427500398969200,1781625013974238800,1781625013974268560
2730429,2730429,Host(NUMA 4),NPU 0,31.50,2235.94,14.77,11427500399150570,11427500401386510,1781625013974270790,1781625013976506730
2730429,2730429,Host(NUMA 4),NPU 0,0.01,37.36,0.25,11427500406617180,11427500406654540,1781625013981737790,1781625013981775150
2730429,2730429,Host(NUMA 4),NPU 0,24.50,28495.38,0.90,11427500406838150,11427500435333530,1781625013981961880,1781625014010457260
2730429,2730429,Host(NUMA 4),NPU 0,259.00,15904.92,17.08,11427500436129700,11427500452034620,1781625014011249500,1781625014027154420
2730429,2730429,Host(NUMA 4),NPU 0,129.50,8488.25,16.00,11427500497634570,11427500506122820,1781625014072729850,1781625014081218100
2730429,2730429,Host(NUMA 4),NPU 0,0.01,43.53,0.16,11427500527042240,11427500527085770,1781625014102158760,1781625014102202290
2730429,2730429,Host(NUMA 4),NPU 0,0.01,32.97,0.22,11427500527190190,11427500527223160,1781625014102338120,1781625014102371090
2730429,2730429,Host(NUMA 4),NPU 0,31.50,2158.66,15.30,11427500527405460,11427500529564120,1781625014102512310,1781625014104670970
2730429,2730429,Host(NUMA 4),NPU 0,0.01,37.64,0.24,11427500534770540,11427500534808180,1781625014109863340,1781625014109900980
2730429,2730429,Host(NUMA 4),NPU 0,24.50,26860.71,0.96,11427500534991000,11427500561851710,1781625014110113030,1781625014136973740
2730429,2730429,Host(NUMA 4),NPU 0,259.00,15604.77,17.40,11427500562487410,11427500578092180,1781625014137575970,1781625014153180740
2730429,2730429,Host(NUMA 4),NPU 0,129.50,8389.16,16.19,11427500618182370,11427500626571530,1781625014193296840,1781625014201686000
2730429,2730429,Host(NUMA 4),NPU 0,0.01,43.60,0.16,11427500647344080,11427500647387680,1781625014222437190,1781625014222480790
2730429,2730429,Host(NUMA 4),NPU 0,0.01,29.68,0.24,11427500647490760,11427500647520440,1781625014222640370,1781625014222670050
2730429,2730429,Host(NUMA 4),NPU 0,31.50,2158.62,15.30,11427500647705850,11427500649864470,1781625014222796190,1781625014224954810
2730429,2730429,Host(NUMA 4),NPU 0,0.01,36.26,0.25,11427500654973440,11427500655009700,1781625014230083580,1781625014230119840
2730429,2730429,Host(NUMA 4),NPU 0,24.50,27072.15,0.95,11427500655191540,11427500682263690,1781625014230289210,1781625014257361360
2730429,2730429,Host(NUMA 4),NPU 0,259.00,214367.67,1.27,11427500683056480,11427500897424150,1781625014258181510,1781625014472549180
2730429,2730429,Host(NUMA 4),NPU 0,129.50,8424.16,16.12,11427500931782950,11427500940207110,1781625014506876970,1781625014515301130
2730429,2730429,Host(NUMA 4),NPU 0,0.01,44.09,0.16,11427500960979410,11427500961023500,1781625014536092100,1781625014536136190
2730429,2730429,Host(NUMA 4),NPU 0,0.01,32.39,0.22,11427500961127820,11427500961160210,1781625014536273330,1781625014536305720
2730429,2730429,Host(NUMA 4),NPU 0,31.50,2164.83,15.26,11427500961343330,11427500963508160,1781625014536447270,1781625014538612100
2730429,2730429,Host(NUMA 4),NPU 0,0.01,38.08,0.24,11427500968767760,11427500968805840,1781625014543857440,1781625014543895520
2730429,2730429,Host(NUMA 4),NPU 0,24.50,27310.93,0.94,11427500968983010,11427500996293940,1781625014544100380,1781625014571411310
2730429,2730429,Host(NUMA 4),NPU 0,259.00,288973.69,0.94,11427500996929720,11427501285903410,1781625014572035950,1781625014861009640
2730429,2730429,Host(NUMA 4),NPU 0,129.50,142381.13,0.95,11427501315109620,11427501457490750,1781625014890249240,1781625015032630370
2730429,2730429,Host(NUMA 4),NPU 0,0.01,64.47,0.11,11427501474031590,11427501474096060,1781625015049127220,1781625015049191690
2730429,2730429,Host(NUMA 4),NPU 0,0.01,34.40,0.21,11427501474205870,11427501474240270,1781625015049340440,1781625015049374840
2730429,2730429,Host(NUMA 4),NPU 0,0.01,27.48,0.26,11427501474337260,11427501474364740,1781625015049499250,1781625015049526730
2730429,2730429,Host(NUMA 4),NPU 0,0.01,65.61,0.12,11427503666400840,11427503666466450,1781625017241751720,1781625017241817330
2730429,2730429,Host(NUMA 4),NPU 0,0.00,32.92,0.12,11427503666797470,11427503666830390,1781625017241986770,1781625017242019690
2730429,2730429,Host(NUMA 4),NPU 0,0.00,26.96,0.15,11427503667070670,11427503667097630,1781625017242158160,1781625017242185120
2730429,2730429,Host(NUMA 4),NPU 0,0.03,901.07,0.04,11427505359794920,11427505360695990,1781625018935273890,1781625018936174960
