WindowStart_ns,WindowEnd_ns,Source,Destination,Bytes_MB,Bandwidth_GBps,WindowStartWall_ns,WindowEndWall_ns,Duration_ms,Packet_Count
716340471897747,716340474783487,Host(NUMA 0),NPU 2,24.50,8.90,1777455000471492872,1777455000474378612,2.886,1
716340474914468,716340478563781,Host(NUMA 0),NPU 2,31.50,9.05,1777455000473516458,1777455000477165771,3.649,1
716340479001492,716340515246479,Host(NUMA 0),NPU 2,259.00,7.49,1777455000477795313,1777455000514040300,36.245,1
716340515442750,716340531075254,Host(NUMA 0),NPU 2,129.50,8.69,1777455000514044541,1777455000529677045,15.633,1
716340531473936,716340534491416,Host(NUMA 0),NPU 2,24.50,8.51,1777455000530067907,1777455000533085387,3.017,1
716340534604077,716340538369420,Host(NUMA 0),NPU 2,31.50,8.77,1777455000533192868,1777455000536958211,3.765,1
716340538777971,716340566819820,Host(NUMA 0),NPU 2,259.00,9.68,1777455000537522842,1777455000565564691,28.042,1
716340567004630,716340582380154,Host(NUMA 0),NPU 2,129.50,8.83,1777455000565669261,1777455000581044785,15.376,1
716340582774685,716340585880376,Host(NUMA 0),NPU 2,24.50,8.27,1777455000581367926,1777455000584473617,3.106,1
716340587498602,716340591988988,Host(NUMA 2),NPU 4,24.50,5.72,1777455000586114692,1777455000590605078,4.490,1
716340585993327,716340589848560,Host(NUMA 0),NPU 2,31.50,8.57,1777455000584584428,1777455000588439661,3.855,1
716340590248402,716340618108459,Host(NUMA 0),NPU 2,259.00,9.75,1777455000589007723,1777455000616867780,27.860,1
716340618295950,716340632445189,Host(NUMA 0),NPU 2,129.50,9.60,1777455000616976791,1777455000631126030,14.149,1
716340592144488,716340597805308,Host(NUMA 2),NPU 4,31.50,5.83,1777455000590751189,1777455000596412009,5.661,1
716340632912501,716340635877911,Host(NUMA 0),NPU 2,24.50,8.66,1777455000631518042,1777455000634483452,2.965,1
716340598269600,716340638103689,Host(NUMA 2),NPU 4,259.00,6.82,1777455000596850791,1777455000636684880,39.834,1
716340638316740,716340657600167,Host(NUMA 2),NPU 4,129.50,7.04,1777455000637046792,1777455000656330219,19.283,1
716340658011699,716340661669872,Host(NUMA 2),NPU 4,24.50,7.02,1777455000656601929,1777455000660260102,3.658,1
716340635985232,716340639503794,Host(NUMA 0),NPU 2,31.50,9.39,1777455000634556223,1777455000638074785,3.519,1
716340673626984,716340677311807,Host(NUMA 0),NPU 5,24.50,6.97,1777455000672270334,1777455000675955157,3.685,1
716340666447728,716340680750059,Host(NUMA 2),NPU 2,129.50,9.49,1777455000665046548,1777455000679348879,14.302,1
716340681355261,716340684629772,Host(NUMA 2),NPU 2,24.50,7.85,1777455000679927452,1777455000683201963,3.275,1
716340661781662,716340666077527,Host(NUMA 2),NPU 4,31.50,7.69,1777455000660393673,1777455000664689538,4.296,1
716340701428131,716340704595022,Host(NUMA 1),NPU 3,24.50,8.11,1777455000700001082,1777455000703167973,3.167,1
716340677445097,716340682283624,Host(NUMA 0),NPU 5,31.50,6.83,1777455000676016708,1777455000680855235,4.839,1
716340687588883,716340703898260,Host(NUMA 1),NPU 2,259.00,16.65,1777455000686251534,1777455000702560911,16.309,1
716340684763453,716340687167211,Host(NUMA 2),NPU 2,31.50,13.74,1777455000683334904,1777455000685738662,2.404,1
716340682775576,716340711922788,Host(NUMA 0),NPU 5,259.00,9.32,1777455000681355346,1777455000710502558,29.147,1
716340666690469,716340704588502,Host(NUMA 2),NPU 4,259.00,7.17,1777455000665421040,1777455000703319073,37.898,1
716340723155567,716340725254474,Host(NUMA 2),NPU 2,24.50,12.24,1777455000721719768,1777455000723818675,2.099,1
716340712145788,716340726773090,Host(NUMA 0),NPU 5,129.50,9.28,1777455000710711428,1777455000725338730,14.627,1
716340704760203,716340727368722,Host(NUMA 2),NPU 4,129.50,6.01,1777455000703319603,1777455000725928122,22.609,1
716340727309542,716340730310582,Host(NUMA 0),NPU 5,24.50,8.56,1777455000725869113,1777455000728870153,3.001,1
716340727789003,716340732266009,Host(NUMA 2),NPU 4,24.50,5.74,1777455000726344964,1777455000730821970,4.477,1
716340725382395,716340727847743,Host(NUMA 2),NPU 2,31.50,13.40,1777455000723947456,1777455000726412804,2.465,1
716340704698072,716340709334839,Host(NUMA 1),NPU 3,31.50,7.12,1777455000703262762,1777455000707899529,4.637,1
716340728264455,716340744047040,Host(NUMA 2),NPU 2,259.00,17.21,1777455000726825296,1777455000742607881,15.783,1
716340709820530,716340746626669,Host(NUMA 1),NPU 3,259.00,7.38,1777455000708376141,1777455000745182280,36.806,1
716340730421683,716340734318826,Host(NUMA 0),NPU 5,31.50,8.48,1777455000728981084,1777455000732878227,3.897,1
716340746823400,716340761614522,Host(NUMA 1),NPU 3,129.50,9.18,1777455000745373440,1777455000760164562,14.791,1
716340744199831,716340761073200,Host(NUMA 2),NPU 2,129.50,8.05,1777455000742771551,1777455000759644920,16.873,1
716340761520601,716340764907223,Host(NUMA 2),NPU 2,24.50,7.59,1777455000760241142,1777455000763627764,3.387,1
716340761954283,716340764923583,Host(NUMA 1),NPU 3,24.50,8.65,1777455000760491384,1777455000763460684,2.969,1
716340734746468,716340762121014,Host(NUMA 0),NPU 5,259.00,9.92,1777455000733303878,1777455000760678424,27.375,1
716340762313344,716340773347033,Host(NUMA 0),NPU 5,129.50,12.31,1777455000760882874,1777455000771916563,11.034,1
716340773809704,716340775952422,Host(NUMA 0),NPU 5,24.50,11.99,1777455000772385675,1777455000774528393,2.143,1
716340732380749,716340737905149,Host(NUMA 2),NPU 4,31.50,5.98,1777455000730938879,1777455000736463279,5.524,1
716340765025014,716340767495222,Host(NUMA 2),NPU 2,31.50,13.37,1777455000763578675,1777455000766048883,2.470,1
716340765008734,716340768808367,Host(NUMA 1),NPU 3,31.50,8.69,1777455000763555774,1777455000767355407,3.800,1
716340776075362,716340778509961,Host(NUMA 0),NPU 5,31.50,13.57,1777455000774635602,1777455000777070201,2.435,1
716340778909982,716340799875656,Host(NUMA 0),NPU 5,259.00,12.95,1777455000777666053,1777455000798631727,20.966,1
716340738342920,716340788524226,Host(NUMA 2),NPU 4,259.00,5.41,1777455000736911061,1777455000787092367,50.181,1
716340800091796,716340811467426,Host(NUMA 0),NPU 5,129.50,11.94,1777455000798654997,1777455000810030627,11.376,1
716340769138948,716340799840586,Host(NUMA 1),NPU 3,259.00,8.85,1777455000767669158,1777455000798370796,30.702,1
716340788711577,716340811551867,Host(NUMA 2),NPU 4,129.50,5.95,1777455000787468628,1777455000810308918,22.840,1
716340639971986,716340666273688,Host(NUMA 0),NPU 2,259.00,10.33,1777455000638678477,1777455000664980179,26.302,1
716340811847978,716340814269046,Host(NUMA 0),NPU 5,24.50,10.61,1777455000810403619,1777455000812824687,2.421,1
716340800032556,716340815361270,Host(NUMA 1),NPU 3,129.50,8.86,1777455000798578526,1777455000813907240,15.329,1
716340815686941,716340818545771,Host(NUMA 1),NPU 3,24.50,8.99,1777455000814234982,1777455000817093812,2.859,1
716340811930288,716340816354293,Host(NUMA 2),NPU 4,24.50,5.81,1777455000810487679,1777455000814911684,4.424,1
716340814374586,716340816930085,Host(NUMA 0),NPU 5,31.50,12.93,1777455000812897947,1777455000815453446,2.555,1
716340818633761,716340822253264,Host(NUMA 1),NPU 3,31.50,9.13,1777455000817183632,1777455000820803135,3.620,1
716340817349427,716340842636875,Host(NUMA 0),NPU 5,259.00,10.74,1777455000815932428,1777455000841219876,25.287,1
716340842846766,716340856193253,Host(NUMA 0),NPU 5,129.50,10.17,1777455000841406766,1777455000854753253,13.346,1
716340816466384,716340822301794,Host(NUMA 2),NPU 4,31.50,5.66,1777455000815245656,1777455000821081066,5.835,1
716340856591994,716340858515061,Host(NUMA 0),NPU 5,24.50,13.36,1777455000855147685,1777455000857070752,1.923,1
716340822590945,716340849968671,Host(NUMA 1),NPU 3,259.00,9.92,1777455000821148686,1777455000848526412,27.378,1
716340850152922,716340862700326,Host(NUMA 1),NPU 3,129.50,10.82,1777455000848702022,1777455000861249426,12.547,1
716340863017777,716340865679746,Host(NUMA 1),NPU 3,24.50,9.65,1777455000861565008,1777455000864226977,2.662,1
716340822759136,716340860621328,Host(NUMA 2),NPU 4,259.00,7.17,1777455000821313287,1777455000859175479,37.862,1
716340858621371,716340861391321,Host(NUMA 0),NPU 5,31.50,11.92,1777455000857175562,1777455000859945512,2.770,1
716340860773569,716340882097944,Host(NUMA 2),NPU 4,129.50,6.37,1777455000859349089,1777455000880673464,21.324,1
716340882481735,716340887424132,Host(NUMA 2),NPU 4,24.50,5.20,1777455000881038016,1777455000885980413,4.942,1
716340861801203,716340882344695,Host(NUMA 0),NPU 5,259.00,13.22,1777455000860392423,1777455000880935915,20.543,1
716340865764106,716340869291369,Host(NUMA 1),NPU 3,31.50,9.36,1777455000864310456,1777455000867837719,3.527,1
716340882546895,716340894518217,Host(NUMA 0),NPU 5,129.50,11.34,1777455000881100656,1777455000893071978,11.971,1
716340894895598,716340899751795,Host(NUMA 0),NPU 5,24.50,5.29,1777455000893452029,1777455000898308226,4.856,1
716340869704940,716340895434930,Host(NUMA 1),NPU 3,259.00,10.56,1777455000868254711,1777455000893984701,25.730,1
716340895601771,716340908296795,Host(NUMA 1),NPU 3,129.50,10.70,1777455000894149812,1777455000906844836,12.695,1
716340908612336,716340911505497,Host(NUMA 1),NPU 3,24.50,8.88,1777455000907161196,1777455000910054357,2.893,1
716340899864316,716340906166308,Host(NUMA 0),NPU 5,31.50,5.24,1777455000898420746,1777455000904722738,6.302,1
716340887531693,716340893443993,Host(NUMA 2),NPU 4,31.50,5.59,1777455000886087354,1777455000891999654,5.912,1
716340906593819,716340928948168,Host(NUMA 0),NPU 5,259.00,12.15,1777455000905168149,1777455000927522498,22.354,1
716340911586447,716340914961999,Host(NUMA 1),NPU 3,31.50,9.79,1777455000910131167,1777455000913506719,3.376,1
716340929069648,716340941052070,Host(NUMA 0),NPU 5,129.50,11.33,1777455000927625609,1777455000939608031,11.982,1
716340941409771,716340944212021,Host(NUMA 0),NPU 5,24.50,9.17,1777455000939962352,1777455000942764602,2.802,1
716340893949605,716340933353113,Host(NUMA 2),NPU 4,259.00,6.89,1777455000892504706,1777455000931908214,39.404,1
716340915286370,716340942350845,Host(NUMA 1),NPU 3,259.00,10.03,1777455000913838120,1777455000940902595,27.064,1
716340942521715,716340956151803,Host(NUMA 1),NPU 3,129.50,9.96,1777455000941077346,1777455000954707434,13.630,1
716340933514964,716340955171450,Host(NUMA 2),NPU 4,129.50,6.27,1777455000932070994,1777455000953727480,21.656,1
716340956537904,716340959395274,Host(NUMA 1),NPU 3,24.50,8.99,1777455000955082375,1777455000957939745,2.857,1
716340955543701,716340959916656,Host(NUMA 2),NPU 4,24.50,5.87,1777455000954111272,1777455000958484227,4.373,1
716340944321062,716340947132211,Host(NUMA 0),NPU 5,31.50,11.75,1777455000942879103,1777455000945690252,2.811,1
716340959477965,716340962731266,Host(NUMA 1),NPU 3,31.50,10.15,1777455000958031616,1777455000961284917,3.253,1
716340947530533,716340984514972,Host(NUMA 0),NPU 5,259.00,7.34,1777455000946102464,1777455000983086903,36.984,1
716340960042247,716340966205618,Host(NUMA 2),NPU 4,31.50,5.36,1777455000958604818,1777455000964768189,6.163,1
716340963057297,716340990027392,Host(NUMA 1),NPU 3,259.00,10.07,1777455000961606197,1777455000988576292,26.970,1
716340990196552,716341003485289,Host(NUMA 1),NPU 3,129.50,10.22,1777455000988740842,1777455001002029579,13.289,1
716341003799300,716341006597240,Host(NUMA 1),NPU 3,24.50,9.18,1777455001002344930,1777455001005142870,2.798,1
716340966643940,716341002629626,Host(NUMA 2),NPU 4,259.00,7.55,1777455000965206660,1777455001001192346,35.986,1
716341002786236,716341019862846,Host(NUMA 2),NPU 4,129.50,7.95,1777455001001371487,1777455001018448097,17.077,1
716341020347198,716341023771500,Host(NUMA 2),NPU 4,24.50,7.50,1777455001018906868,1777455001022331170,3.424,1
716341006678980,716341009925021,Host(NUMA 1),NPU 3,31.50,10.18,1777455001006079394,1777455001009325435,3.246,1
716341010252192,716341036997246,Host(NUMA 1),NPU 3,259.00,10.15,1777455001008808433,1777455001035553487,26.745,1
716341023882830,716341028212125,Host(NUMA 2),NPU 4,31.50,7.63,1777455001022438281,1777455001026767576,4.329,1
716341028623027,716341143737360,Host(NUMA 2),NPU 4,259.00,2.36,1777455001027222768,1777455001142337101,115.114,1
716341263068679,716341266276980,Host(NUMA 3),NPU 6,24.50,8.01,1777455001261673950,1777455001264882251,3.208,1
716341266402711,716341270829126,Host(NUMA 3),NPU 6,31.50,7.46,1777455001264960412,1777455001269386827,4.426,1
716341271241718,716341301401923,Host(NUMA 3),NPU 6,259.00,9.00,1777455001269832459,1777455001299992664,30.160,1
716341301631544,716341340657101,Host(NUMA 3),NPU 6,129.50,3.48,1777455001300199695,1777455001339225252,39.026,1
716341341289293,716341344694035,Host(NUMA 3),NPU 6,24.50,7.55,1777455001339848864,1777455001343253606,3.405,1
716341297550250,716341427505495,Host(NUMA 1),NPU 0,1039.50,8.39,1777455001296156851,1777455001426112096,129.955,1
716341428458069,716341431505199,Host(NUMA 1),NPU 0,24.50,8.43,1777455001427015930,1777455001430063060,3.047,1
716341449753813,716341453182936,Host(NUMA 3),NPU 7,24.50,7.49,1777455001448349003,1777455001451778126,3.429,1
716341344816906,716341348906590,Host(NUMA 3),NPU 6,31.50,8.08,1777455001343377106,1777455001347466790,4.090,1
716341431607910,716341435653774,Host(NUMA 1),NPU 0,31.50,8.16,1777455001430163931,1777455001434209795,4.046,1
716341436038605,716341464608186,Host(NUMA 1),NPU 0,259.00,9.51,1777455001434592645,1777455001463162226,28.570,1
716341464764376,716341480590972,Host(NUMA 1),NPU 0,129.50,8.58,1777455001463315476,1777455001479142072,15.827,1
716341480933583,716341483935703,Host(NUMA 1),NPU 0,24.50,8.56,1777455001479493824,1777455001482495944,3.002,1
716341453316686,716341457587671,Host(NUMA 3),NPU 7,31.50,7.73,1777455001451872307,1777455001456143292,4.271,1
716341349404152,716341458287923,Host(NUMA 3),NPU 6,259.00,2.49,1777455001347963983,1777455001456847754,108.884,1
716341458015792,716341493941568,Host(NUMA 3),NPU 7,259.00,7.56,1777455001456581063,1777455001492506839,35.926,1
716341458583364,716341509887994,Host(NUMA 3),NPU 6,129.50,2.65,1777455001457148695,1777455001508453325,51.305,1
716341494128989,716341512569914,Host(NUMA 3),NPU 7,129.50,7.36,1777455001492687039,1777455001511127964,18.441,1
716341484042404,716341487924827,Host(NUMA 1),NPU 0,31.50,8.51,1777455001482605765,1777455001486488188,3.882,1
716341510313496,716341514003769,Host(NUMA 3),NPU 6,24.50,6.96,1777455001508869886,1777455001512560159,3.690,1
716341512954895,716341516795829,Host(NUMA 3),NPU 7,24.50,6.69,1777455001511509815,1777455001515350749,3.841,1
716341488428959,716341518053023,Host(NUMA 1),NPU 0,259.00,9.17,1777455001486980320,1777455001516604384,29.624,1
716341518209044,716341534276480,Host(NUMA 1),NPU 0,129.50,8.45,1777455001516757824,1777455001532825260,16.067,1
716341534669261,716341537776342,Host(NUMA 1),NPU 0,24.50,8.27,1777455001533222182,1777455001536329263,3.107,1
716341516905239,716341521913276,Host(NUMA 3),NPU 7,31.50,6.60,1777455001515465050,1777455001520473087,5.008,1
716341537873662,716341542024907,Host(NUMA 1),NPU 0,31.50,7.96,1777455001536424403,1777455001540575648,4.151,1
716341522360168,716341559236557,Host(NUMA 3),NPU 7,259.00,7.36,1777455001520928859,1777455001557805248,36.876,1
716341559407448,716341575982116,Host(NUMA 3),NPU 7,129.50,8.19,1777455001557969319,1777455001574543987,16.575,1
716341576376137,716341579496738,Host(NUMA 3),NPU 7,24.50,8.23,1777455001574932078,1777455001578052679,3.121,1
716341542517409,716341570496337,Host(NUMA 1),NPU 0,259.00,9.71,1777455001541083039,1777455001569061967,27.979,1
716341570650107,716341586460743,Host(NUMA 1),NPU 0,129.50,8.59,1777455001569205287,1777455001585015923,15.811,1
716341586796664,716341589969415,Host(NUMA 1),NPU 0,24.50,8.10,1777455001585347005,1777455001588519756,3.173,1
716341514115269,716341520071340,Host(NUMA 3),NPU 6,31.50,5.55,1777455001512672490,1777455001518628561,5.956,1
716341579611319,716341584027354,Host(NUMA 3),NPU 7,31.50,7.48,1777455001578169320,1777455001582585355,4.416,1
716341590066345,716341594150510,Host(NUMA 1),NPU 0,31.50,8.09,1777455001588619685,1777455001592703850,4.084,1
716341520517902,716341608933162,Host(NUMA 3),NPU 6,259.00,3.07,1777455001519084652,1777455001607499912,88.415,1
716341609119522,716341628410620,Host(NUMA 3),NPU 6,129.50,7.04,1777455001607681162,1777455001626972260,19.291,1
716341628820241,716341633396277,Host(NUMA 3),NPU 6,24.50,5.61,1777455001627374242,1777455001631950278,4.576,1
716341594517181,716341623260122,Host(NUMA 1),NPU 0,259.00,9.45,1777455001593069891,1777455001621812832,28.743,1
716341584438306,716341622531149,Host(NUMA 3),NPU 7,259.00,7.13,1777455001583004077,1777455001621096920,38.093,1
716341623420212,716341639477729,Host(NUMA 1),NPU 0,129.50,8.46,1777455001621971112,1777455001638028629,16.058,1
716341622698530,716341641997728,Host(NUMA 3),NPU 7,129.50,7.04,1777455001621257260,1777455001640556458,19.299,1
716341639804930,716341642812970,Host(NUMA 1),NPU 0,24.50,8.54,1777455001638362951,1777455001641370991,3.008,1
716341642355789,716341646532383,Host(NUMA 3),NPU 7,24.50,6.15,1777455001640922320,1777455001645098914,4.177,1
716341642909541,716341647032935,Host(NUMA 1),NPU 0,31.50,8.01,1777455001641464932,1777455001645588326,4.123,1
716341647400677,716341677641663,Host(NUMA 1),NPU 0,259.00,8.98,1777455001645968427,1777455001676209413,30.241,1
716341646642694,716341650978609,Host(NUMA 3),NPU 7,31.50,7.62,1777455001645204195,1777455001649540110,4.336,1
716341677784643,716341692168793,Host(NUMA 1),NPU 0,129.50,9.44,1777455001676342904,1777455001690727054,14.384,1
716341692495625,716341694708102,Host(NUMA 1),NPU 0,24.50,11.61,1777455001691047266,1777455001693259743,2.212,1
716341651374780,716341693751179,Host(NUMA 3),NPU 7,259.00,6.41,1777455001649936581,1777455001692312980,42.376,1
716341693944000,716341710008626,Host(NUMA 3),NPU 7,129.50,8.45,1777455001692509321,1777455001708573947,16.065,1
716341710388677,716341713829299,Host(NUMA 3),NPU 7,24.50,7.47,1777455001708950088,1777455001712390710,3.441,1
716341633512068,716341638157854,Host(NUMA 3),NPU 6,31.50,7.11,1777455001632067669,1777455001636713455,4.646,1
716341694801143,716341698154874,Host(NUMA 1),NPU 0,31.50,9.85,1777455001693354724,1777455001696708455,3.354,1
716341698516496,716341722631940,Host(NUMA 1),NPU 0,259.00,11.26,1777455001697071757,1777455001721187201,24.115,1
716341722776441,716341735562626,Host(NUMA 1),NPU 0,129.50,10.62,1777455001721333701,1777455001734119886,12.786,1
716341735876317,716341738350665,Host(NUMA 1),NPU 0,24.50,10.38,1777455001734428278,1777455001736902626,2.474,1
716341638568466,716341721684267,Host(NUMA 3),NPU 6,259.00,3.27,1777455001637145037,1777455001720260838,83.116,1
716341721882868,716341753460538,Host(NUMA 3),NPU 6,129.50,4.30,1777455001720446969,1777455001752024639,31.578,1
716341753888220,716341760258922,Host(NUMA 3),NPU 6,24.50,4.03,1777455001752448541,1777455001758819243,6.371,1
716341738443166,716341741505576,Host(NUMA 1),NPU 0,31.50,10.79,1777455001736996967,1777455001740059377,3.062,1
716341713942440,716341717838803,Host(NUMA 3),NPU 7,31.50,8.48,1777455001712501271,1777455001716397634,3.896,1
716341741856208,716341769313124,Host(NUMA 1),NPU 0,259.00,9.89,1777455001740414139,1777455001767871055,27.457,1
716341718249845,716341769591965,Host(NUMA 3),NPU 7,259.00,5.29,1777455001716816596,1777455001768158716,51.342,1
716341769781266,716341787028166,Host(NUMA 3),NPU 7,129.50,7.87,1777455001768353837,1777455001785600737,17.247,1
716341787403607,716341790885820,Host(NUMA 3),NPU 7,24.50,7.38,1777455001785967237,1777455001789449450,3.482,1
716341790997410,716341795181735,Host(NUMA 3),NPU 7,31.50,7.89,1777455001789567950,1777455001793752275,4.184,1
716341760405883,716341764732708,Host(NUMA 3),NPU 6,31.50,7.63,1777455001758962893,1777455001763289718,4.327,1
716341795678816,716341826449824,Host(NUMA 3),NPU 7,259.00,8.83,1777455001794256277,1777455001825027285,30.771,1
716341826573075,716341842226350,Host(NUMA 3),NPU 7,129.50,8.67,1777455001825130975,1777455001840784250,15.653,1
716341842569041,716341845557121,Host(NUMA 3),NPU 7,24.50,8.60,1777455001841133022,1777455001844121102,2.988,1
716341765156979,716341834289062,Host(NUMA 3),NPU 6,259.00,3.93,1777455001763725449,1777455001832857532,69.132,1
716341834511233,716341864074556,Host(NUMA 3),NPU 6,129.50,4.59,1777455001833075844,1777455001862639167,29.563,1
716341864467658,716341871568603,Host(NUMA 3),NPU 6,24.50,3.62,1777455001863035368,1777455001870136313,7.101,1
716341845666702,716341849423975,Host(NUMA 3),NPU 7,31.50,8.79,1777455001844230622,1777455001847987895,3.757,1
716341871688273,716341882565551,Host(NUMA 3),NPU 6,31.50,3.04,1777455001870258044,1777455001881135322,10.877,1
716341849860906,716341939771432,Host(NUMA 3),NPU 7,259.00,3.02,1777455001848437616,1777455001938348142,89.911,1
716341882981723,716341949380585,Host(NUMA 3),NPU 6,259.00,4.09,1777455001881545594,1777455001947944456,66.399,1
716341949564036,716341994728584,Host(NUMA 3),NPU 6,129.50,3.01,1777455001948132357,1777455001993296905,45.165,1
716341995125816,716342005639213,Host(NUMA 3),NPU 6,24.50,2.44,1777455001993690316,1777455002004203713,10.513,1
716342005799283,716342018782429,Host(NUMA 3),NPU 6,31.50,2.54,1777455002004367243,1777455002017350389,12.983,1
716342019208820,716342082286272,Host(NUMA 3),NPU 6,259.00,4.31,1777455002017812460,1777455002080889912,63.077,1
716342082484752,716342120258785,Host(NUMA 3),NPU 6,129.50,3.59,1777455002081054013,1777455002118828046,37.774,1
716341939958992,716341959240230,Host(NUMA 3),NPU 7,129.50,7.04,1777455001938522653,1777455001957803891,19.281,1
716341243675551,716342933848581,Host(NUMA 0),NPU 1,1039.50,0.64,1777455001242330132,1777455002932503162,1690.173,1
716342934850845,716342937885706,Host(NUMA 0),NPU 1,24.50,8.47,1777455002933418775,1777455002936453636,3.035,1
716342938007026,716342941513408,Host(NUMA 0),NPU 1,31.50,9.42,1777455002936571447,1777455002940077829,3.506,1
716342941918030,716342970002038,Host(NUMA 0),NPU 1,259.00,9.67,1777455002940486581,1777455002968570589,28.084,1
716342970149299,716342983046124,Host(NUMA 0),NPU 1,129.50,10.53,1777455002968710100,1777455002981606925,12.897,1
716342983377125,716342986218335,Host(NUMA 0),NPU 1,24.50,9.04,1777455002981937546,1777455002984778756,2.841,1
716342986316686,716342989534397,Host(NUMA 0),NPU 1,31.50,10.27,1777455002984883907,1777455002988101618,3.218,1
716342989904018,716343017478035,Host(NUMA 0),NPU 1,259.00,9.85,1777455002988474169,1777455003016048186,27.574,1
716343017638726,716343031242074,Host(NUMA 0),NPU 1,129.50,9.98,1777455003016202386,1777455003029805734,13.603,1
716343031575645,716343034230644,Host(NUMA 0),NPU 1,24.50,9.68,1777455003030133896,1777455003032788895,2.655,1
716343034329694,716343037644616,Host(NUMA 0),NPU 1,31.50,9.96,1777455003032889505,1777455003036204427,3.315,1
716343038031197,716343067432701,Host(NUMA 0),NPU 1,259.00,9.24,1777455003036598057,1777455003065999561,29.402,1
716343067616871,716343095788360,Host(NUMA 0),NPU 1,129.50,4.82,1777455003066186282,1777455003094357771,28.171,1
716343096301982,716343099033182,Host(NUMA 0),NPU 1,24.50,9.41,1777455003094860612,1777455003097591812,2.731,1
716343099140782,716343102420044,Host(NUMA 0),NPU 1,31.50,10.07,1777455003097699522,1777455003100978784,3.279,1
716343102799195,716343143789059,Host(NUMA 0),NPU 1,259.00,6.63,1777455003101369386,1777455003142359250,40.990,1
716343143997640,716343270105753,Host(NUMA 0),NPU 1,129.50,1.08,1777455003142619741,1777455003268727854,126.108,1
716343270586465,716343285015476,Host(NUMA 0),NPU 1,24.50,1.78,1777455003269149915,1777455003283578926,14.429,1
716343285181096,716343311318228,Host(NUMA 0),NPU 1,31.50,1.26,1777455003283758817,1777455003309895949,26.137,1
716343311770830,716343451830462,Host(NUMA 0),NPU 1,259.00,1.94,1777455003310363061,1777455003450422693,140.060,1
716343452091773,716343515883127,Host(NUMA 0),NPU 1,129.50,2.13,1777455003450679044,1777455003514470398,63.791,1
716343516349969,716343524889959,Host(NUMA 0),NPU 1,24.50,3.01,1777455003514916810,1777455003523456800,8.540,1
716340517169366,716340527510942,Host(NUMA 1),Device ?,128.00,12.98,1777455000515844287,1777455000526185863,10.342,1
716343525045449,716343545947693,Host(NUMA 0),NPU 1,31.50,1.58,1777455003523619400,1777455003544521644,20.902,1
716343546427825,716343760427907,Host(NUMA 0),NPU 1,259.00,1.27,1777455003545003876,1777455003759003958,214.000,1
716343760626298,716343832220179,Host(NUMA 0),NPU 1,129.50,1.90,1777455003759213599,1777455003830807480,71.594,1
716343832644601,716343841379732,Host(NUMA 0),NPU 1,24.50,2.94,1777455003831210481,1777455003839945612,8.735,1
716343841540512,716343850619594,Host(NUMA 0),NPU 1,31.50,3.64,1777455003840104583,1777455003849183665,9.079,1
716343851078756,716343989388172,Host(NUMA 0),NPU 1,259.00,1.96,1777455003849649426,1777455003987958842,138.309,1
716340799715605,716340816474314,Host(NUMA 0),NPU 2,129.50,8.10,1777455000798435756,1777455000815194465,16.759,1
721816881767326,721816888265240,Host(NUMA 0),NPU 2,128.00,20.66,1777460476880673403,1777460476887171317,6.498,1
721816888286911,721816894189244,Host(NUMA 0),NPU 2,128.00,22.74,1777460476886866117,1777460476892768450,5.902,1
721816894201964,721816900061356,Host(NUMA 0),NPU 2,128.00,22.91,1777460476892789240,1777460476898648632,5.859,1
721816901698092,721816907585895,Host(NUMA 0),NPU 2,128.00,22.80,1777460476900283448,1777460476906171251,5.888,1
721816907602205,721816913458407,Host(NUMA 0),NPU 2,128.00,22.92,1777460476906164101,1777460476912020303,5.856,1
721816913469937,721816919328609,Host(NUMA 0),NPU 2,128.00,22.91,1777460476912026012,1777460476917884684,5.859,1
721816921527645,721816927459119,Host(NUMA 0),NPU 2,128.00,22.63,1777460476920113711,1777460476926045185,5.931,1
721816927481500,721816933355032,Host(NUMA 0),NPU 2,128.00,22.85,1777460476926038535,1777460476931912067,5.874,1
721816933366582,721816939227434,Host(NUMA 0),NPU 2,128.00,22.90,1777460476931917927,1777460476937778779,5.861,1
721816941188481,721816947059613,Host(NUMA 0),NPU 2,128.00,22.86,1777460476939757217,1777460476945628349,5.871,1
721816947072334,721816952933646,Host(NUMA 0),NPU 2,128.00,22.90,1777460476945629749,1777460476951491061,5.861,1
721816952943796,721816958801978,Host(NUMA 0),NPU 2,128.00,22.91,1777460476951494031,1777460476957352213,5.858,1
721816959873334,721816983023891,Host(NUMA 0),NPU 2,512.00,23.19,1777460476958433639,1777460476982058443,23.151,4
721816983046652,721817006247630,Host(NUMA 0),NPU 2,512.00,23.14,1777460476981606908,1777460477005219590,23.201,4
721817006270831,721817029749169,Host(NUMA 0),NPU 2,512.00,22.87,1777460477004832276,1777460477028746369,23.478,4
721817029771949,721817053139213,Host(NUMA 0),NPU 2,512.00,22.98,1777460477028333575,1777460477052138053,23.367,4
721817053160673,721817076514396,Host(NUMA 0),NPU 2,512.00,22.99,1777460477051716840,1777460477075487266,23.354,4
721817076537767,721817099898150,Host(NUMA 0),NPU 2,512.00,22.98,1777460477075109123,1777460477098880260,23.360,4
721817099919841,721817123103538,Host(NUMA 0),NPU 2,512.00,23.16,1777460477098477516,1777460477122151361,23.184,4
721817123129259,721817146375508,Host(NUMA 0),NPU 2,512.00,23.09,1777460477121683655,1777460477145326027,23.246,4
721817146398809,721817169723491,Host(NUMA 0),NPU 2,512.00,23.02,1777460477144953564,1777460477168698601,23.325,4
721817169751132,721817193109795,Host(NUMA 0),NPU 2,512.00,22.98,1777460477168321278,1777460477192067625,23.359,4
721817193136266,721817216359765,Host(NUMA 0),NPU 2,512.00,23.12,1777460477191695302,1777460477215315024,23.223,4
721817216381385,721817239563343,Host(NUMA 0),NPU 2,512.00,23.16,1777460477214940600,1777460477238657746,23.182,4
721817239590003,721817262795781,Host(NUMA 0),NPU 2,512.00,23.14,1777460477238153569,1777460477261820723,23.206,4
721817262825142,721817286136354,Host(NUMA 0),NPU 2,512.00,23.03,1777460477261383467,1777460477285184376,23.311,4
721817286168415,721817309409084,Host(NUMA 0),NPU 2,512.00,23.10,1777460477284728941,1777460477309995959,23.241,4
721817309434445,721817332694535,Host(NUMA 0),NPU 2,512.00,23.08,1777460477307998130,1777460477331728316,23.260,4
721817332717975,721817355902013,Host(NUMA 0),NPU 2,512.00,23.16,1777460477331277640,1777460477354937804,23.184,4
721817355923563,721817379191253,Host(NUMA 0),NPU 2,512.00,23.07,1777460477354483948,1777460477378229315,23.268,4
721817379215524,721817402472414,Host(NUMA 0),NPU 2,512.00,23.08,1777460477377772010,1777460477401519236,23.257,4
721817402494025,721817425871338,Host(NUMA 0),NPU 2,512.00,22.97,1777460477401055931,1777460477424964282,23.377,4
721817425898559,721817449310964,Host(NUMA 0),NPU 2,512.00,22.93,1777460477424457575,1777460477448298364,23.412,4
721817449335455,721817472635856,Host(NUMA 0),NPU 2,512.00,23.04,1777460477447897041,1777460477471666558,23.300,4
721817472660467,721817495875475,Host(NUMA 0),NPU 2,512.00,23.13,1777460477471231163,1777460477494898547,23.215,4
721817495899616,721817519085823,Host(NUMA 0),NPU 2,512.00,23.15,1777460477494474062,1777460477518063073,23.186,4
721817519108544,721817542283411,Host(NUMA 0),NPU 2,512.00,23.17,1777460477517670730,1777460477541331973,23.175,4
721817542307412,721817565504729,Host(NUMA 0),NPU 2,512.00,23.14,1777460477540863688,1777460477564579843,23.197,4
721817565531150,721817588755019,Host(NUMA 0),NPU 2,512.00,23.12,1777460477564086715,1777460477587818622,23.224,4
721817588778220,721817611981387,Host(NUMA 0),NPU 2,512.00,23.14,1777460477587336906,1777460477611046200,23.203,4
721817612010828,721817635225127,Host(NUMA 0),NPU 2,512.00,23.13,1777460477610578544,1777460477634269649,23.214,4
721817635250647,721817658429904,Host(NUMA 0),NPU 2,512.00,23.16,1777460477633816773,1777460477657483097,23.179,4
721817658455965,721817681648783,Host(NUMA 0),NPU 2,512.00,23.15,1777460477657005530,1777460477680666624,23.193,4
721817681672694,721817704793999,Host(NUMA 0),NPU 2,512.00,23.22,1777460477680231959,1777460477703848691,23.121,4
721817704819259,721817728021837,Host(NUMA 0),NPU 2,512.00,23.14,1777460477703378374,1777460477727057029,23.203,4
721817728043958,721817751227515,Host(NUMA 0),NPU 2,512.00,23.16,1777460477726598304,1777460477750292048,23.184,4
721817751253476,721817774460554,Host(NUMA 0),NPU 2,512.00,23.13,1777460477749815491,1777460477773424213,23.207,4
721817774486205,721817797657801,Host(NUMA 0),NPU 2,512.00,23.17,1777460477773040711,1777460477796699214,23.172,4
721817797684302,721817820856839,Host(NUMA 0),NPU 2,512.00,23.17,1777460477796235837,1777460477819809588,23.173,4
721817820880890,721817844103308,Host(NUMA 0),NPU 2,512.00,23.12,1777460477819438996,1777460477843054947,23.222,4
721817844124669,721817867297166,Host(NUMA 0),NPU 2,512.00,23.17,1777460477842685405,1777460477866347478,23.172,4
721817867322787,721817890490583,Host(NUMA 0),NPU 2,512.00,23.17,1777460477865884323,1777460477889567427,23.168,4
721817890516364,721817913686791,Host(NUMA 0),NPU 2,512.00,23.17,1777460477889070170,1777460477912713032,23.170,4
721817913709362,721817936861078,Host(NUMA 0),NPU 2,512.00,23.19,1777460477912271027,1777460477935915060,23.152,4
721817936884658,721817960047145,Host(NUMA 0),NPU 2,512.00,23.18,1777460477935437284,1777460477959012854,23.162,4
721817960070356,721817983293754,Host(NUMA 0),NPU 2,512.00,23.12,1777460477958619881,1777460477982349867,23.223,4
721817983319595,721818006473631,Host(NUMA 0),NPU 2,512.00,23.19,1777460477981873150,1777460478005517343,23.154,4
721818006494872,721818029710709,Host(NUMA 0),NPU 2,512.00,23.13,1777460478005059227,1777460478028781902,23.216,4
721818029736450,721818052898616,Host(NUMA 0),NPU 2,512.00,23.18,1777460478028295855,1777460478051934738,23.162,4
721818052920087,721818076076312,Host(NUMA 0),NPU 2,512.00,23.18,1777460478051474993,1777460478075100663,23.156,4
721818076115223,721818099325451,Host(NUMA 0),NPU 2,512.00,23.13,1777460478074669769,1777460478098271729,23.210,4
721818099352272,721818122507587,Host(NUMA 0),NPU 2,512.00,23.19,1777460478097904437,1777460478121482977,23.155,4
721818122531198,721818145726475,Host(NUMA 0),NPU 2,512.00,23.15,1777460478121094044,1777460478144791887,23.195,4
721818145751545,721818168943462,Host(NUMA 0),NPU 2,512.00,23.15,1777460478144305640,1777460478167965833,23.192,4
721818168966143,721818192127238,Host(NUMA 0),NPU 2,512.00,23.18,1777460478167519568,1777460478191192361,23.161,4
721818192149819,721818215298254,Host(NUMA 0),NPU 2,512.00,23.19,1777460478190705954,1777460478214337386,23.148,4
721818215324825,721818238546323,Host(NUMA 0),NPU 2,512.00,23.12,1777460478213879210,1777460478237509632,23.221,4
721818238569514,721818261747900,Host(NUMA 0),NPU 2,512.00,23.16,1777460478237127339,1777460478260761081,23.178,4
721818261770961,721818284952557,Host(NUMA 0),NPU 2,512.00,23.16,1777460478260327837,1777460478283996779,23.182,4
721818284979228,721818308128863,Host(NUMA 0),NPU 2,512.00,23.19,1777460478283534043,1777460478307160045,23.150,4
721818308155744,721818331344470,Host(NUMA 0),NPU 2,512.00,23.15,1777460478306717429,1777460478330386182,23.189,4
721818331369281,721818354539257,Host(NUMA 0),NPU 2,512.00,23.17,1777460478329922686,1777460478353509907,23.170,4
721818354562798,721818377722553,Host(NUMA 0),NPU 2,512.00,23.18,1777460478353115863,1777460478376745075,23.160,4
721818377748354,721818400903800,Host(NUMA 0),NPU 2,512.00,23.19,1777460478376306440,1777460478399971343,23.155,4
721818400926311,721818424136928,Host(NUMA 0),NPU 2,512.00,23.13,1777460478399485066,1777460478423190130,23.211,4
721818424161929,721818447279673,Host(NUMA 0),NPU 2,512.00,23.22,1777460478422718455,1777460478446289914,23.118,4
721818447304964,721818470515181,Host(NUMA 0),NPU 2,512.00,23.13,1777460478445867020,1777460478469475860,23.210,4
721818470538992,721818493743209,Host(NUMA 0),NPU 2,512.00,23.14,1777460478469104038,1777460478492691748,23.204,4
721818493767990,721818516974807,Host(NUMA 0),NPU 2,512.00,23.13,1777460478492325996,1777460478515928756,23.207,4
721818516994887,721818540166133,Host(NUMA 0),NPU 2,512.00,23.17,1777460478515555293,1777460478539158474,23.171,4
721818540191774,721818563335509,Host(NUMA 0),NPU 2,512.00,23.20,1777460478538751619,1777460478562370971,23.144,4
721818563356360,721818586523446,Host(NUMA 0),NPU 2,512.00,23.17,1777460478561916176,1777460478585569008,23.167,4
721818586549077,721818609683721,Host(NUMA 0),NPU 2,512.00,23.21,1777460478585102902,1777460478608742614,23.135,4
721818609710032,721818632875978,Host(NUMA 0),NPU 2,512.00,23.18,1777460478608272258,1777460478631908180,23.166,4
721818632898339,721818656045944,Host(NUMA 0),NPU 2,512.00,23.19,1777460478631458444,1777460478655018153,23.148,4
721818656074925,721818679263151,Host(NUMA 0),NPU 2,512.00,23.15,1777460478654629670,1777460478678289163,23.188,4
721818679288752,721818702435547,Host(NUMA 0),NPU 2,512.00,23.19,1777460478677846837,1777460478701495060,23.147,4
721818702458848,721818725662385,Host(NUMA 0),NPU 2,512.00,23.14,1777460478701015033,1777460478724627685,23.204,4
721818725687656,721818748839251,Host(NUMA 0),NPU 2,512.00,23.19,1777460478724243161,1777460478747822391,23.152,4
721818748862102,721818772043018,Host(NUMA 0),NPU 2,512.00,23.16,1777460478747424618,1777460478771063220,23.181,4
721818772063869,721818795233815,Host(NUMA 0),NPU 2,512.00,23.17,1777460478770616914,1777460478794273497,23.170,4
721818795256496,721818818430602,Host(NUMA 0),NPU 2,512.00,23.17,1777460478793815202,1777460478817393381,23.174,4
721818818452442,721818841632989,Host(NUMA 0),NPU 2,512.00,23.16,1777460478817019298,1777460478840692961,23.181,4
721818841659100,721818864862207,Host(NUMA 0),NPU 2,512.00,23.14,1777460478840223206,1777460478863830666,23.203,4
721818864887167,721818888078864,Host(NUMA 0),NPU 2,512.00,23.15,1777460478863451333,1777460478887117586,23.192,4
721818888100795,721818911252670,Host(NUMA 0),NPU 2,512.00,23.19,1777460478886651790,1777460478910228340,23.152,4
721818911273391,721818934476148,Host(NUMA 0),NPU 2,512.00,23.14,1777460478909829386,1777460478933523570,23.203,4
721818934499139,721818957737827,Host(NUMA 0),NPU 2,512.00,23.10,1777460478933051624,1777460478956705746,23.239,4
721818957760708,721818980950534,Host(NUMA 0),NPU 2,512.00,23.15,1777460478956311543,1777460478979911103,23.190,4
721818980971905,721819004141311,Host(NUMA 0),NPU 2,512.00,23.17,1777460478979527261,1777460479003152842,23.169,4
721819004164942,721819027358918,Host(NUMA 0),NPU 2,512.00,23.15,1777460479003421061,1777460479027250309,23.194,4
721819027384349,721819050584665,Host(NUMA 0),NPU 2,512.00,23.14,1777460479025969606,1777460479049763541,23.200,4
721819050608146,721819073863094,Host(NUMA 0),NPU 2,512.00,23.09,1777460479049182051,1777460479073019440,23.255,4
721819073885724,721819097093271,Host(NUMA 0),NPU 2,512.00,23.13,1777460479072464690,1777460479096277258,23.208,4
721819097114111,721819120355799,Host(NUMA 0),NPU 2,512.00,23.10,1777460479095692908,1777460479119502205,23.242,4
721819120380360,721819143644208,Host(NUMA 0),NPU 2,512.00,23.08,1777460479118961426,1777460479142694751,23.264,4
721819143665089,721819166909507,Host(NUMA 0),NPU 2,512.00,23.10,1777460479142240284,1777460479165956609,23.244,4
721819166931997,721819190120543,Host(NUMA 0),NPU 2,512.00,23.15,1777460479165518294,1777460479189273319,23.189,4
721819190142564,721819213333300,Host(NUMA 0),NPU 2,512.00,23.15,1777460479188718780,1777460479212374702,23.191,4
721819213354920,721819236562787,Host(NUMA 0),NPU 2,512.00,23.13,1777460479211939626,1777460479235716963,23.208,4
721819236586078,721819259790154,Host(NUMA 0),NPU 2,512.00,23.14,1777460479235161814,1777460479258909129,23.204,4
721819259812045,721819282970229,Host(NUMA 0),NPU 2,512.00,23.18,1777460479258385371,1777460479282088874,23.158,4
722414849824976,722414855770851,Host(NUMA 0),NPU 2,128.00,22.57,1777461074848939252,1777461074854885127,5.946,1
722414855791881,722414861672864,Host(NUMA 0),NPU 2,128.00,22.82,1777461074854383736,1777461074860264719,5.881,1
722414861686245,722414867536118,Host(NUMA 0),NPU 2,128.00,22.94,1777461074860259328,1777461074866109201,5.850,1
722414869803439,722414875666952,Host(NUMA 0),NPU 2,128.00,22.89,1777461074868398804,1777461074874262317,5.864,1
722414875682252,722414881533935,Host(NUMA 0),NPU 2,128.00,22.94,1777461074874261646,1777461074880113329,5.852,1
722414881545375,722414887389028,Host(NUMA 0),NPU 2,128.00,22.97,1777461074880116139,1777461074885959792,5.844,1
722414889688540,722414895628885,Host(NUMA 0),NPU 2,128.00,22.59,1777461074888283585,1777461074894223930,5.940,1
722414895647046,722414901528369,Host(NUMA 0),NPU 2,128.00,22.82,1777461074894217470,1777461074900098793,5.881,1
722414901538569,722414907408782,Host(NUMA 0),NPU 2,128.00,22.86,1777461074900104573,1777461074905974786,5.870,1
722414909439409,722414915339663,Host(NUMA 0),NPU 2,128.00,22.75,1777461074908022543,1777461074913922797,5.900,1
722414915354563,722414921228536,Host(NUMA 0),NPU 2,128.00,22.85,1777461074913925607,1777461074919799580,5.874,1
722414921239136,722414927105100,Host(NUMA 0),NPU 2,128.00,22.88,1777461074919803489,1777461074925669453,5.866,1
722414928181124,722414951256508,Host(NUMA 0),NPU 2,512.00,23.27,1777461074926760358,1777461074950367594,23.075,4
722414951278768,722414974380392,Host(NUMA 0),NPU 2,512.00,23.24,1777461074949859412,1777461074973480418,23.102,4
722414974403733,722414997515308,Host(NUMA 0),NPU 2,512.00,23.23,1777461074972983617,1777461074996635964,23.112,4
722414997537978,722415020686863,Host(NUMA 0),NPU 2,512.00,23.19,1777461074996119732,1777461075019793149,23.149,4
722415020710044,722415043869469,Host(NUMA 0),NPU 2,512.00,23.18,1777461075019292468,1777461075043015876,23.159,4
722415043897420,722415067032005,Host(NUMA 0),NPU 2,512.00,23.21,1777461075042475374,1777461075066112820,23.135,4
722415067057695,722415090223231,Host(NUMA 0),NPU 2,512.00,23.18,1777461075065641979,1777461075089342997,23.166,4
722415090245631,722415113320885,Host(NUMA 0),NPU 2,512.00,23.27,1777461075088823475,1777461075112431551,23.075,4
722415113345055,722415136495391,Host(NUMA 0),NPU 2,512.00,23.19,1777461075111925129,1777461075135599447,23.150,4
722415136518101,722415159637226,Host(NUMA 0),NPU 2,512.00,23.22,1777461075135089905,1777461075158730891,23.119,4
722415159662406,722415182835102,Host(NUMA 0),NPU 2,512.00,23.17,1777461075158327672,1777461075182064261,23.173,4
722415182864332,722415206040688,Host(NUMA 0),NPU 2,512.00,23.16,1777461075181488087,1777461075205218716,23.176,4
722415206081989,722415229270225,Host(NUMA 0),NPU 2,512.00,23.15,1777461075204682364,1777461075228337090,23.188,4
722415229298356,722415252432701,Host(NUMA 0),NPU 2,512.00,23.21,1777461075227869030,1777461075251520066,23.134,4
722415252457451,722415275607736,Host(NUMA 0),NPU 2,512.00,23.19,1777461075251040225,1777461075274727613,23.150,4
722415275632797,722415298802673,Host(NUMA 0),NPU 2,512.00,23.17,1777461075274211291,1777461075297919019,23.170,4
722415298827983,722415321981538,Host(NUMA 0),NPU 2,512.00,23.19,1777461075297420537,1777461075321113265,23.154,4
722415322011999,722415345232726,Host(NUMA 0),NPU 2,512.00,23.12,1777461075320668545,1777461075344331832,23.221,4
722415345262147,722415368483573,Host(NUMA 0),NPU 2,512.00,23.12,1777461075343873362,1777461075367650031,23.221,4
722415368516374,722415391690650,Host(NUMA 0),NPU 2,512.00,23.17,1777461075367160429,1777461075390899178,23.174,4
722415391720851,722415414813864,Host(NUMA 0),NPU 2,512.00,23.25,1777461075390301625,1777461075413837509,23.093,4
722415414836645,722415438005831,Host(NUMA 0),NPU 2,512.00,23.17,1777461075413416749,1777461075437025095,23.169,4
722415438029171,722415461159006,Host(NUMA 0),NPU 2,512.00,23.21,1777461075436603955,1777461075460158489,23.130,4
722415461182136,722415484374342,Host(NUMA 0),NPU 2,512.00,23.15,1777461075459756240,1777461075483367996,23.192,4
722415484396523,722415507618890,Host(NUMA 0),NPU 2,512.00,23.12,1777461075482969327,1777461075506721426,23.222,4
722415507641070,722415530741324,Host(NUMA 0),NPU 2,512.00,23.24,1777461075506218464,1777461075529841910,23.100,4
722415530764775,722415553889399,Host(NUMA 0),NPU 2,512.00,23.22,1777461075529337439,1777461075552873613,23.125,4
722415553913090,722415577126707,Host(NUMA 0),NPU 2,512.00,23.13,1777461075552484624,1777461075576110280,23.214,4
722415577148417,722415600307243,Host(NUMA 0),NPU 2,512.00,23.18,1777461075575723861,1777461075599316916,23.159,4
722415600329363,722415623501519,Host(NUMA 0),NPU 2,512.00,23.17,1777461075598906677,1777461075622515183,23.172,4
722415623520809,722415646670054,Host(NUMA 0),NPU 2,512.00,23.19,1777461075622093213,1777461075645767580,23.149,4
722415646692525,722415669793319,Host(NUMA 0),NPU 2,512.00,23.24,1777461075645266799,1777461075668780402,23.101,4
722415669815069,722415692982205,Host(NUMA 0),NPU 2,512.00,23.17,1777461075668398114,1777461075691963798,23.167,4
722415693001705,722415716127190,Host(NUMA 0),NPU 2,512.00,23.22,1777461075691577989,1777461075715116123,23.125,4
722415716147210,722415739270625,Host(NUMA 0),NPU 2,512.00,23.22,1777461075714722474,1777461075738260328,23.123,4
722415739290045,722415762415490,Host(NUMA 0),NPU 2,512.00,23.22,1777461075737866649,1777461075761404743,23.125,4
722415762437451,722415785591246,Host(NUMA 0),NPU 2,512.00,23.19,1777461075761011685,1777461075784599330,23.154,4
722415785612586,722415808705770,Host(NUMA 0),NPU 2,512.00,23.25,1777461075784188880,1777461075807689433,23.093,4
722415808730461,722415831888226,Host(NUMA 0),NPU 2,512.00,23.18,1777461075807309185,1777461075830891090,23.158,4
722415831912517,722415855021321,Host(NUMA 0),NPU 2,512.00,23.23,1777461075830492501,1777461075854024125,23.109,4
722415855043351,722415878175086,Host(NUMA 0),NPU 2,512.00,23.21,1777461075853630125,1777461075877266372,23.132,4
722415878205267,722415901315141,Host(NUMA 0),NPU 2,512.00,23.23,1777461075876778941,1777461075900294454,23.110,4
722415901337492,722415924471136,Host(NUMA 0),NPU 2,512.00,23.21,1777461075899911876,1777461075923473210,23.134,4
722415924495247,722415947649412,Host(NUMA 0),NPU 2,512.00,23.19,1777461075923075921,1777461075946667616,23.154,4
722415947670933,722415970795487,Host(NUMA 0),NPU 2,512.00,23.22,1777461075946243867,1777461075969802811,23.125,4
722415970815008,722415993940862,Host(NUMA 0),NPU 2,512.00,23.22,1777461075969389342,1777461075992924526,23.126,4
722415993962063,722416017045996,Host(NUMA 0),NPU 2,512.00,23.26,1777461075992538777,1777461076016110682,23.084,4
722416017071347,722416040182271,Host(NUMA 0),NPU 2,512.00,23.23,1777461076015639981,1777461076039158534,23.111,4
722416040202532,722416063339986,Host(NUMA 0),NPU 2,512.00,23.20,1777461076038778256,1777461076062326570,23.137,4
722416063361067,722416086490591,Host(NUMA 0),NPU 2,512.00,23.21,1777461076061933721,1777461076085465094,23.130,4
722416086510222,722416109607965,Host(NUMA 0),NPU 2,512.00,23.24,1777461076085084816,1777461076108594459,23.098,4
722416109629386,722416132768321,Host(NUMA 0),NPU 2,512.00,23.20,1777461076108204740,1777461076131776534,23.139,4
722416132790171,722416155907105,Host(NUMA 0),NPU 2,512.00,23.22,1777461076131384055,1777461076154925649,23.117,4
722416155926156,722416179050400,Host(NUMA 0),NPU 2,512.00,23.22,1777461076154503710,1777461076178148556,23.124,4
722416179072130,722416202201035,Host(NUMA 0),NPU 2,512.00,23.21,1777461076177644473,1777461076201296761,23.129,4
722416202223455,722416225394221,Host(NUMA 0),NPU 2,512.00,23.17,1777461076200796499,1777461076224389604,23.171,4
722416225416561,722416248547046,Host(NUMA 0),NPU 2,512.00,23.21,1777461076223987824,1777461076247537119,23.130,4
722416248569106,722416271715411,Host(NUMA 0),NPU 2,512.00,23.19,1777461076247143830,1777461076270725185,23.146,4
722416271737232,722416294900467,Host(NUMA 0),NPU 2,512.00,23.18,1777461076270309456,1777461076294014703,23.163,4
722416294924988,722416318017471,Host(NUMA 0),NPU 2,512.00,23.25,1777461076293499192,1777461076316996934,23.092,4
722416318037122,722416341143906,Host(NUMA 0),NPU 2,512.00,23.23,1777461076316609466,1777461076340249462,23.107,4
722416341164096,722416364310151,Host(NUMA 0),NPU 2,512.00,23.19,1777461076339737950,1777461076363303844,23.146,4
722416364330771,722416387499447,Host(NUMA 0),NPU 2,512.00,23.17,1777461076362905745,1777461076386506630,23.169,4
722416387520347,722416410697583,Host(NUMA 0),NPU 2,512.00,23.16,1777461076386123702,1777461076409717907,23.177,4
722416410722673,722416433899259,Host(NUMA 0),NPU 2,512.00,23.16,1777461076409317118,1777461076432907073,23.177,4
722416433924019,722416457091615,Host(NUMA 0),NPU 2,512.00,23.17,1777461076432551344,1777461076456160390,23.168,4
722416457116285,722416480225139,Host(NUMA 0),NPU 2,512.00,23.23,1777461076455695459,1777461076479212853,23.109,4
722416480244400,722416503355894,Host(NUMA 0),NPU 2,512.00,23.23,1777461076478822224,1777461076502468920,23.111,4
722416503381594,722416526465898,Host(NUMA 0),NPU 2,512.00,23.26,1777461076501952008,1777461076525594134,23.084,4
722416526490598,722416549759446,Host(NUMA 0),NPU 2,512.00,23.07,1777461076525066692,1777461076548875162,23.269,4
722416549786607,722416573134146,Host(NUMA 0),NPU 2,512.00,22.99,1777461076548360771,1777461076572226082,23.348,4
722416573155657,722416596431144,Host(NUMA 0),NPU 2,512.00,23.07,1777461076571730321,1777461076595514510,23.275,4
722416596468785,722416619667851,Host(NUMA 0),NPU 2,512.00,23.14,1777461076595041649,1777461076618776727,23.199,4
722416619690322,722416642861907,Host(NUMA 0),NPU 2,512.00,23.17,1777461076618265296,1777461076641943883,23.172,4
722416642889638,722416665998052,Host(NUMA 0),NPU 2,512.00,23.23,1777461076641462581,1777461076664979165,23.108,4
722416666022472,722416689134716,Host(NUMA 0),NPU 2,512.00,23.23,1777461076664596346,1777461076688123800,23.112,4
722416689155427,722416712278701,Host(NUMA 0),NPU 2,512.00,23.22,1777461076687728021,1777461076711278125,23.123,4
722416712300562,722416735458007,Host(NUMA 0),NPU 2,512.00,23.18,1777461076710873155,1777461076734461040,23.157,4
722416735481677,722416758610752,Host(NUMA 0),NPU 2,512.00,23.21,1777461076734051480,1777461076757618056,23.129,4
722416758632652,722416781775007,Host(NUMA 0),NPU 2,512.00,23.20,1777461076757209146,1777461076780778451,23.142,4
722416781795668,722416804886541,Host(NUMA 0),NPU 2,512.00,23.25,1777461076780361012,1777461076803937926,23.091,4
722416804910232,722416828033896,Host(NUMA 0),NPU 2,512.00,23.22,1777461076803484456,1777461076827031210,23.124,4
722416828056017,722416851161090,Host(NUMA 0),NPU 2,512.00,23.24,1777461076826626351,1777461076850147244,23.105,4
722416851184511,722416874260524,Host(NUMA 0),NPU 2,512.00,23.27,1777461076849756205,1777461076873242617,23.076,4
722416874284975,722416897435330,Host(NUMA 0),NPU 2,512.00,23.19,1777461076872854249,1777461076896427153,23.150,4
722416897455710,722416920586175,Host(NUMA 0),NPU 2,512.00,23.21,1777461076896030574,1777461076919672050,23.130,4
722416920606255,722416943766380,Host(NUMA 0),NPU 2,512.00,23.18,1777461076919183259,1777461076942789974,23.160,4
722416943790801,722416967050968,Host(NUMA 0),NPU 2,512.00,23.08,1777461076942366775,1777461076966164964,23.260,4
722416967070939,722416990409498,Host(NUMA 0),NPU 2,512.00,23.00,1777461076965643333,1777461076989506654,23.339,4
722416990429608,722417013651705,Host(NUMA 0),NPU 2,512.00,23.12,1777461076989006772,1777461077012753781,23.222,4
722417013671635,722417036904022,Host(NUMA 0),NPU 2,512.00,23.11,1777461077012239559,1777461077035964137,23.232,4
722417037524266,722417060689881,Host(NUMA 0),NPU 2,512.00,23.18,1777461077036109951,1777461077059803277,23.166,4
722417060714312,722417083817405,Host(NUMA 0),NPU 2,512.00,23.24,1777461077059286396,1777461077082970942,23.103,4
722417083843546,722417106997821,Host(NUMA 0),NPU 2,512.00,23.19,1777461077082415320,1777461077106054916,23.154,4
722417107020631,722417130140085,Host(NUMA 0),NPU 2,512.00,23.22,1777461077105595675,1777461077129254291,23.119,4
722417130162566,722417153304380,Host(NUMA 0),NPU 2,512.00,23.20,1777461077128736960,1777461077152393586,23.142,4
722417153326471,722417176392353,Host(NUMA 0),NPU 2,512.00,23.28,1777461077151897585,1777461077175382987,23.066,4
722417176415744,722417199623640,Host(NUMA 0),NPU 2,512.00,23.13,1777461077174984428,1777461077198616543,23.208,4
722417199647081,722417222772055,Host(NUMA 0),NPU 2,512.00,23.22,1777461077198221825,1777461077221876431,23.125,4
